[0.191s] Invoking command in '/home/sunbi/Manipulator/build/dofbot_moveit': CMAKE_PREFIX_PATH=/opt/ros/humble /usr/bin/cmake --build /home/sunbi/Manipulator/build/dofbot_moveit -- -j12 -l12
[0.254s] [ 12%] Built target dofbot_kinematics
[0.262s] [ 37%] Built target 01_random_move
[0.263s] [ 37%] Built target 04_cartesian
[0.263s] [ 50%] Built target 06_multi_track_motion
[0.263s] [ 62%] Built target 02_motion_plan
[0.265s] [ 75%] Built target 03_attached_object
[0.283s] [100%] Built target dofbot_kinematics_ik_node
[0.283s] [100%] Built target dofbot_kinematics_fk_node
[0.295s] Invoked command in '/home/sunbi/Manipulator/build/dofbot_moveit' returned '0': CMAKE_PREFIX_PATH=/opt/ros/humble /usr/bin/cmake --build /home/sunbi/Manipulator/build/dofbot_moveit -- -j12 -l12
[0.307s] Invoking command in '/home/sunbi/Manipulator/build/dofbot_moveit': CMAKE_PREFIX_PATH=/opt/ros/humble /usr/bin/cmake --install /home/sunbi/Manipulator/build/dofbot_moveit
[0.314s] -- Install configuration: ""
[0.314s] -- Up-to-date: /home/sunbi/Manipulator/install/dofbot_moveit/lib/libdofbot_kinematics.a
[0.314s] -- Up-to-date: /home/sunbi/Manipulator/install/dofbot_moveit/lib/dofbot_moveit/dofbot_kinematics_fk_node
[0.314s] -- Up-to-date: /home/sunbi/Manipulator/install/dofbot_moveit/lib/dofbot_moveit/dofbot_kinematics_ik_node
[0.315s] -- Up-to-date: /home/sunbi/Manipulator/install/dofbot_moveit/lib/dofbot_moveit/01_random_move
[0.315s] -- Up-to-date: /home/sunbi/Manipulator/install/dofbot_moveit/lib/dofbot_moveit/02_motion_plan
[0.315s] -- Up-to-date: /home/sunbi/Manipulator/install/dofbot_moveit/lib/dofbot_moveit/03_attached_object
[0.316s] -- Up-to-date: /home/sunbi/Manipulator/install/dofbot_moveit/lib/dofbot_moveit/04_cartesian
[0.316s] -- Up-to-date: /home/sunbi/Manipulator/install/dofbot_moveit/lib/dofbot_moveit/06_multi_track_motion
[0.316s] -- Up-to-date: /home/sunbi/Manipulator/install/dofbot_moveit/include
[0.316s] -- Up-to-date: /home/sunbi/Manipulator/install/dofbot_moveit/include/dofbot_moveit
[0.317s] -- Up-to-date: /home/sunbi/Manipulator/install/dofbot_moveit/include/dofbot_moveit/dofbot_kinemarics.h
[0.317s] -- Up-to-date: /home/sunbi/Manipulator/install/dofbot_moveit/include/dofbot_moveit/libdofbot_kinemarics.so
[0.317s] -- Up-to-date: /home/sunbi/Manipulator/install/dofbot_moveit/share/dofbot_moveit/launch
[0.317s] -- Up-to-date: /home/sunbi/Manipulator/install/dofbot_moveit/share/dofbot_moveit/launch/dofbot_moveit.launch.py
[0.317s] -- Up-to-date: /home/sunbi/Manipulator/install/dofbot_moveit/share/dofbot_moveit/launch/dofbot_moveit.launch
[0.317s] -- Up-to-date: /home/sunbi/Manipulator/install/dofbot_moveit/share/dofbot_moveit/urdf
[0.318s] -- Installing: /home/sunbi/Manipulator/install/dofbot_moveit/share/dofbot_moveit/urdf/dofbot.urdf
[0.318s] -- Up-to-date: /home/sunbi/Manipulator/install/dofbot_moveit/share/dofbot_moveit/urdf/yahboomcar_X3plus.urdf
[0.318s] -- Up-to-date: /home/sunbi/Manipulator/install/dofbot_moveit/share/ament_index/resource_index/package_run_dependencies/dofbot_moveit
[0.318s] -- Up-to-date: /home/sunbi/Manipulator/install/dofbot_moveit/share/ament_index/resource_index/parent_prefix_path/dofbot_moveit
[0.318s] -- Up-to-date: /home/sunbi/Manipulator/install/dofbot_moveit/share/dofbot_moveit/environment/ament_prefix_path.sh
[0.318s] -- Up-to-date: /home/sunbi/Manipulator/install/dofbot_moveit/share/dofbot_moveit/environment/ament_prefix_path.dsv
[0.318s] -- Up-to-date: /home/sunbi/Manipulator/install/dofbot_moveit/share/dofbot_moveit/environment/path.sh
[0.319s] -- Up-to-date: /home/sunbi/Manipulator/install/dofbot_moveit/share/dofbot_moveit/environment/path.dsv
[0.319s] -- Up-to-date: /home/sunbi/Manipulator/install/dofbot_moveit/share/dofbot_moveit/local_setup.bash
[0.319s] -- Up-to-date: /home/sunbi/Manipulator/install/dofbot_moveit/share/dofbot_moveit/local_setup.sh
[0.319s] -- Up-to-date: /home/sunbi/Manipulator/install/dofbot_moveit/share/dofbot_moveit/local_setup.zsh
[0.319s] -- Up-to-date: /home/sunbi/Manipulator/install/dofbot_moveit/share/dofbot_moveit/local_setup.dsv
[0.319s] -- Installing: /home/sunbi/Manipulator/install/dofbot_moveit/share/dofbot_moveit/package.dsv
[0.320s] -- Up-to-date: /home/sunbi/Manipulator/install/dofbot_moveit/share/ament_index/resource_index/packages/dofbot_moveit
[0.320s] -- Up-to-date: /home/sunbi/Manipulator/install/dofbot_moveit/share/dofbot_moveit/cmake/dofbot_moveitConfig.cmake
[0.320s] -- Up-to-date: /home/sunbi/Manipulator/install/dofbot_moveit/share/dofbot_moveit/cmake/dofbot_moveitConfig-version.cmake
[0.321s] -- Up-to-date: /home/sunbi/Manipulator/install/dofbot_moveit/share/dofbot_moveit/package.xml
[0.322s] Invoked command in '/home/sunbi/Manipulator/build/dofbot_moveit' returned '0': CMAKE_PREFIX_PATH=/opt/ros/humble /usr/bin/cmake --install /home/sunbi/Manipulator/build/dofbot_moveit
