[0.203s] Invoking command in '/home/sunbi/Manipulator/build/dofbot_moveit': CMAKE_PREFIX_PATH=/opt/ros/humble /usr/bin/cmake --build /home/sunbi/Manipulator/build/dofbot_moveit -- -j12 -l12
[0.249s] [35m[1mConsolidate compiler generated dependencies of target dofbot_kinematics[0m
[0.267s] [ 25%] Built target dofbot_kinematics
[0.267s] [ 25%] Built target 01_random_move
[0.267s] [ 37%] Built target 03_attached_object
[0.269s] [ 50%] Built target 04_cartesian
[0.273s] [ 62%] Built target 06_multi_track_motion
[0.273s] [ 75%] Built target 02_motion_plan
[0.278s] [35m[1mConsolidate compiler generated dependencies of target dofbot_kinematics_ik_node[0m
[0.278s] [35m[1mConsolidate compiler generated dependencies of target dofbot_kinematics_fk_node[0m
[0.301s] [ 93%] Built target dofbot_kinematics_ik_node
[0.301s] [100%] Built target dofbot_kinematics_fk_node
[0.314s] Invoked command in '/home/sunbi/Manipulator/build/dofbot_moveit' returned '0': CMAKE_PREFIX_PATH=/opt/ros/humble /usr/bin/cmake --build /home/sunbi/Manipulator/build/dofbot_moveit -- -j12 -l12
[0.325s] Invoking command in '/home/sunbi/Manipulator/build/dofbot_moveit': CMAKE_PREFIX_PATH=/opt/ros/humble /usr/bin/cmake --install /home/sunbi/Manipulator/build/dofbot_moveit
[0.332s] -- Install configuration: ""
[0.333s] -- Up-to-date: /home/sunbi/Manipulator/install/dofbot_moveit/lib/libdofbot_kinematics.a
[0.333s] -- Up-to-date: /home/sunbi/Manipulator/install/dofbot_moveit/lib/dofbot_moveit/dofbot_kinematics_fk_node
[0.333s] -- Up-to-date: /home/sunbi/Manipulator/install/dofbot_moveit/lib/dofbot_moveit/dofbot_kinematics_ik_node
[0.333s] -- Up-to-date: /home/sunbi/Manipulator/install/dofbot_moveit/lib/dofbot_moveit/01_random_move
[0.333s] -- Up-to-date: /home/sunbi/Manipulator/install/dofbot_moveit/lib/dofbot_moveit/02_motion_plan
[0.334s] -- Up-to-date: /home/sunbi/Manipulator/install/dofbot_moveit/lib/dofbot_moveit/03_attached_object
[0.334s] -- Up-to-date: /home/sunbi/Manipulator/install/dofbot_moveit/lib/dofbot_moveit/04_cartesian
[0.334s] -- Up-to-date: /home/sunbi/Manipulator/install/dofbot_moveit/lib/dofbot_moveit/06_multi_track_motion
[0.335s] -- Up-to-date: /home/sunbi/Manipulator/install/dofbot_moveit/include
[0.335s] -- Up-to-date: /home/sunbi/Manipulator/install/dofbot_moveit/include/dofbot_moveit
[0.335s] -- Up-to-date: /home/sunbi/Manipulator/install/dofbot_moveit/include/dofbot_moveit/dofbot_kinemarics.h
[0.335s] -- Up-to-date: /home/sunbi/Manipulator/install/dofbot_moveit/include/dofbot_moveit/libdofbot_kinemarics.so
[0.336s] -- Up-to-date: /home/sunbi/Manipulator/install/dofbot_moveit/share/dofbot_moveit/launch
[0.336s] -- Up-to-date: /home/sunbi/Manipulator/install/dofbot_moveit/share/dofbot_moveit/launch/dofbot_moveit.launch.py
[0.336s] -- Up-to-date: /home/sunbi/Manipulator/install/dofbot_moveit/share/dofbot_moveit/launch/dofbot_moveit.launch
[0.336s] -- Up-to-date: /home/sunbi/Manipulator/install/dofbot_moveit/share/dofbot_moveit/urdf
[0.336s] -- Up-to-date: /home/sunbi/Manipulator/install/dofbot_moveit/share/dofbot_moveit/urdf/dofbot.urdf
[0.336s] -- Up-to-date: /home/sunbi/Manipulator/install/dofbot_moveit/share/dofbot_moveit/urdf/yahboomcar_X3plus.urdf
[0.337s] -- Up-to-date: /home/sunbi/Manipulator/install/dofbot_moveit/share/ament_index/resource_index/package_run_dependencies/dofbot_moveit
[0.337s] -- Up-to-date: /home/sunbi/Manipulator/install/dofbot_moveit/share/ament_index/resource_index/parent_prefix_path/dofbot_moveit
[0.337s] -- Up-to-date: /home/sunbi/Manipulator/install/dofbot_moveit/share/dofbot_moveit/environment/ament_prefix_path.sh
[0.337s] -- Up-to-date: /home/sunbi/Manipulator/install/dofbot_moveit/share/dofbot_moveit/environment/ament_prefix_path.dsv
[0.337s] -- Up-to-date: /home/sunbi/Manipulator/install/dofbot_moveit/share/dofbot_moveit/environment/path.sh
[0.337s] -- Up-to-date: /home/sunbi/Manipulator/install/dofbot_moveit/share/dofbot_moveit/environment/path.dsv
[0.337s] -- Up-to-date: /home/sunbi/Manipulator/install/dofbot_moveit/share/dofbot_moveit/local_setup.bash
[0.337s] -- Up-to-date: /home/sunbi/Manipulator/install/dofbot_moveit/share/dofbot_moveit/local_setup.sh
[0.337s] -- Up-to-date: /home/sunbi/Manipulator/install/dofbot_moveit/share/dofbot_moveit/local_setup.zsh
[0.337s] -- Up-to-date: /home/sunbi/Manipulator/install/dofbot_moveit/share/dofbot_moveit/local_setup.dsv
[0.337s] -- Installing: /home/sunbi/Manipulator/install/dofbot_moveit/share/dofbot_moveit/package.dsv
[0.337s] -- Up-to-date: /home/sunbi/Manipulator/install/dofbot_moveit/share/ament_index/resource_index/packages/dofbot_moveit
[0.337s] -- Up-to-date: /home/sunbi/Manipulator/install/dofbot_moveit/share/dofbot_moveit/cmake/dofbot_moveitConfig.cmake
[0.337s] -- Up-to-date: /home/sunbi/Manipulator/install/dofbot_moveit/share/dofbot_moveit/cmake/dofbot_moveitConfig-version.cmake
[0.337s] -- Up-to-date: /home/sunbi/Manipulator/install/dofbot_moveit/share/dofbot_moveit/package.xml
[0.339s] Invoked command in '/home/sunbi/Manipulator/build/dofbot_moveit' returned '0': CMAKE_PREFIX_PATH=/opt/ros/humble /usr/bin/cmake --install /home/sunbi/Manipulator/build/dofbot_moveit
