[0.013s] Invoking command in '/home/sunbi/Manipulator/build/dofbot_moveit': CMAKE_PREFIX_PATH=/opt/ros/humble /usr/bin/cmake --build /home/sunbi/Manipulator/build/dofbot_moveit -- -j12 -l12
[0.051s] -- Found ament_cmake: 1.3.12 (/opt/ros/humble/share/ament_cmake/cmake)
[0.200s] -- Found rclcpp: 16.0.16 (/opt/ros/humble/share/rclcpp/cmake)
[0.358s] -- Found rosidl_generator_c: 3.1.7 (/opt/ros/humble/share/rosidl_generator_c/cmake)
[0.362s] -- Found rosidl_adapter: 3.1.7 (/opt/ros/humble/share/rosidl_adapter/cmake)
[0.373s] -- Found rosidl_generator_cpp: 3.1.7 (/opt/ros/humble/share/rosidl_generator_cpp/cmake)
[0.388s] -- Using all available rosidl_typesupport_c: rosidl_typesupport_fastrtps_c;rosidl_typesupport_introspection_c
[0.404s] -- Using all available rosidl_typesupport_cpp: rosidl_typesupport_fastrtps_cpp;rosidl_typesupport_introspection_cpp
[0.450s] -- Found rmw_implementation_cmake: 6.1.2 (/opt/ros/humble/share/rmw_implementation_cmake/cmake)
[0.452s] -- Found rmw_fastrtps_cpp: 6.2.9 (/opt/ros/humble/share/rmw_fastrtps_cpp/cmake)
[3.802s] -- Using RMW implementation 'rmw_fastrtps_cpp' as default
[3.872s] -- Found moveit_ros_planning_interface: 2.5.9 (/opt/ros/humble/share/moveit_ros_planning_interface/cmake)
[3.906s] -- Found Boost: /usr/lib/x86_64-linux-gnu/cmake/Boost-1.74.0/BoostConfig.cmake (found version "1.74.0") found components: date_time filesystem program_options system thread 
[4.121s] -- Found Boost: /usr/lib/x86_64-linux-gnu/cmake/Boost-1.74.0/BoostConfig.cmake (found version "1.74.0") found components: chrono date_time filesystem iostreams program_options regex serialization system thread 
[4.649s] -- Found parameter_traits: 0.5.0 (/opt/ros/humble/share/parameter_traits/cmake)
[4.660s] -- Found rclcpp_lifecycle: 16.0.16 (/opt/ros/humble/share/rclcpp_lifecycle/cmake)
[4.696s] -- Found Boost: /usr/lib/x86_64-linux-gnu/cmake/Boost-1.74.0/BoostConfig.cmake (found version "1.74.0") found components: filesystem 
[5.573s] -- library: /usr/lib/x86_64-linux-gnu/libcurl.so
[5.601s] -- Ensuring Eigen3 include directory is part of orocos-kdl CMake target
[6.535s] -- Found Boost: /usr/lib/x86_64-linux-gnu/cmake/Boost-1.74.0/BoostConfig.cmake (found version "1.74.0") found components: system filesystem date_time program_options thread chrono 
[6.560s] -- Found Boost: /usr/lib/x86_64-linux-gnu/cmake/Boost-1.74.0/BoostConfig.cmake (found version "1.74.0") found components: thread system filesystem regex date_time program_options 
[6.580s] -- Found Boost: /usr/lib/x86_64-linux-gnu/cmake/Boost-1.74.0/BoostConfig.cmake (found version "1.74.0") found components: system filesystem date_time program_options thread 
[6.678s] -- Configuring done
[6.786s] -- Generating done
[6.815s] -- Build files have been written to: /home/sunbi/Manipulator/build/dofbot_moveit
[6.866s] [35m[1mConsolidate compiler generated dependencies of target 03_attached_object[0m
[6.866s] [35m[1mConsolidate compiler generated dependencies of target 02_motion_plan[0m
[6.866s] [35m[1mConsolidate compiler generated dependencies of target 06_multi_track_motion[0m
[6.866s] [35m[1mConsolidate compiler generated dependencies of target 01_random_move[0m
[6.866s] [35m[1mConsolidate compiler generated dependencies of target dofbot_kinematics[0m
[6.867s] [35m[1mConsolidate compiler generated dependencies of target 04_cartesian[0m
[6.891s] [ 12%] Built target dofbot_kinematics
[6.904s] [35m[1mConsolidate compiler generated dependencies of target dofbot_kinematics_ik_node[0m
[6.904s] [ 37%] Built target 03_attached_object
[6.904s] [ 37%] Built target 04_cartesian
[6.904s] [35m[1mConsolidate compiler generated dependencies of target dofbot_kinematics_fk_node[0m
[6.905s] [ 50%] Built target 06_multi_track_motion
[6.905s] [ 62%] Built target 02_motion_plan
[6.906s] [ 75%] Built target 01_random_move
[6.925s] [100%] Built target dofbot_kinematics_ik_node
[6.925s] [100%] Built target dofbot_kinematics_fk_node
[6.939s] Invoked command in '/home/sunbi/Manipulator/build/dofbot_moveit' returned '0': CMAKE_PREFIX_PATH=/opt/ros/humble /usr/bin/cmake --build /home/sunbi/Manipulator/build/dofbot_moveit -- -j12 -l12
[6.950s] Invoking command in '/home/sunbi/Manipulator/build/dofbot_moveit': CMAKE_PREFIX_PATH=/opt/ros/humble /usr/bin/cmake --install /home/sunbi/Manipulator/build/dofbot_moveit
[6.957s] -- Install configuration: ""
[6.958s] -- Up-to-date: /home/sunbi/Manipulator/install/dofbot_moveit/lib/libdofbot_kinematics.a
[6.958s] -- Up-to-date: /home/sunbi/Manipulator/install/dofbot_moveit/lib/dofbot_moveit/dofbot_kinematics_fk_node
[6.958s] -- Up-to-date: /home/sunbi/Manipulator/install/dofbot_moveit/lib/dofbot_moveit/dofbot_kinematics_ik_node
[6.958s] -- Up-to-date: /home/sunbi/Manipulator/install/dofbot_moveit/lib/dofbot_moveit/01_random_move
[6.958s] -- Up-to-date: /home/sunbi/Manipulator/install/dofbot_moveit/lib/dofbot_moveit/02_motion_plan
[6.959s] -- Up-to-date: /home/sunbi/Manipulator/install/dofbot_moveit/lib/dofbot_moveit/03_attached_object
[6.959s] -- Up-to-date: /home/sunbi/Manipulator/install/dofbot_moveit/lib/dofbot_moveit/04_cartesian
[6.959s] -- Up-to-date: /home/sunbi/Manipulator/install/dofbot_moveit/lib/dofbot_moveit/06_multi_track_motion
[6.960s] -- Up-to-date: /home/sunbi/Manipulator/install/dofbot_moveit/include
[6.960s] -- Up-to-date: /home/sunbi/Manipulator/install/dofbot_moveit/include/dofbot_moveit
[6.960s] -- Up-to-date: /home/sunbi/Manipulator/install/dofbot_moveit/include/dofbot_moveit/dofbot_kinemarics.h
[6.960s] -- Up-to-date: /home/sunbi/Manipulator/install/dofbot_moveit/include/dofbot_moveit/libdofbot_kinemarics.so
[6.960s] -- Installing: /home/sunbi/Manipulator/install/dofbot_moveit/share/dofbot_moveit/meshes
[6.960s] -- Installing: /home/sunbi/Manipulator/install/dofbot_moveit/share/dofbot_moveit/meshes/base_link.STL
[7.009s] -- Installing: /home/sunbi/Manipulator/install/dofbot_moveit/share/dofbot_moveit/meshes/rlink2.STL
[7.013s] -- Installing: /home/sunbi/Manipulator/install/dofbot_moveit/share/dofbot_moveit/meshes/arm_link5.STL
[7.047s] -- Installing: /home/sunbi/Manipulator/install/dofbot_moveit/share/dofbot_moveit/meshes/link3.STL
[7.112s] -- Installing: /home/sunbi/Manipulator/install/dofbot_moveit/share/dofbot_moveit/meshes/link5.STL
[7.179s] -- Installing: /home/sunbi/Manipulator/install/dofbot_moveit/share/dofbot_moveit/meshes/rlink1.STL
[7.185s] -- Installing: /home/sunbi/Manipulator/install/dofbot_moveit/share/dofbot_moveit/meshes/link2.STL
[7.259s] -- Installing: /home/sunbi/Manipulator/install/dofbot_moveit/share/dofbot_moveit/meshes/llink1.STL
[7.259s] -- Installing: /home/sunbi/Manipulator/install/dofbot_moveit/share/dofbot_moveit/meshes/link4.STL
[7.370s] -- Installing: /home/sunbi/Manipulator/install/dofbot_moveit/share/dofbot_moveit/meshes/llink2.STL
[7.374s] -- Installing: /home/sunbi/Manipulator/install/dofbot_moveit/share/dofbot_moveit/meshes/link1.STL
[7.431s] -- Installing: /home/sunbi/Manipulator/install/dofbot_moveit/share/dofbot_moveit/meshes/rlink3.STL
[7.438s] -- Installing: /home/sunbi/Manipulator/install/dofbot_moveit/share/dofbot_moveit/meshes/llink3.STL
[7.446s] -- Up-to-date: /home/sunbi/Manipulator/install/dofbot_moveit/share/dofbot_moveit/urdf
[7.446s] -- Up-to-date: /home/sunbi/Manipulator/install/dofbot_moveit/share/dofbot_moveit/urdf/test.urdf
[7.446s] -- Up-to-date: /home/sunbi/Manipulator/install/dofbot_moveit/share/dofbot_moveit/urdf/dofbot_original.urdf
[7.447s] -- Up-to-date: /home/sunbi/Manipulator/install/dofbot_moveit/share/dofbot_moveit/urdf/dofbot.urdf
[7.447s] -- Up-to-date: /home/sunbi/Manipulator/install/dofbot_moveit/share/dofbot_moveit/urdf/yahboomcar_X3plus.urdf
[7.447s] -- Up-to-date: /home/sunbi/Manipulator/install/dofbot_moveit/share/dofbot_moveit/launch
[7.447s] -- Up-to-date: /home/sunbi/Manipulator/install/dofbot_moveit/share/dofbot_moveit/launch/dofbot_moveit.launch.py
[7.447s] -- Up-to-date: /home/sunbi/Manipulator/install/dofbot_moveit/share/dofbot_moveit/launch/dofbot_moveit.launch
[7.447s] -- Up-to-date: /home/sunbi/Manipulator/install/dofbot_moveit/share/dofbot_moveit/launch/__pycache__
[7.447s] -- Up-to-date: /home/sunbi/Manipulator/install/dofbot_moveit/share/dofbot_moveit/launch/__pycache__/test_headless.launch.cpython-310.pyc
[7.448s] -- Up-to-date: /home/sunbi/Manipulator/install/dofbot_moveit/share/dofbot_moveit/launch/test_headless.launch.py
[7.448s] -- Up-to-date: /home/sunbi/Manipulator/install/dofbot_moveit/share/dofbot_moveit/launch
[7.448s] -- Up-to-date: /home/sunbi/Manipulator/install/dofbot_moveit/share/dofbot_moveit/launch/dofbot_moveit.launch.py
[7.448s] -- Up-to-date: /home/sunbi/Manipulator/install/dofbot_moveit/share/dofbot_moveit/launch/dofbot_moveit.launch
[7.448s] -- Up-to-date: /home/sunbi/Manipulator/install/dofbot_moveit/share/dofbot_moveit/launch/__pycache__
[7.448s] -- Up-to-date: /home/sunbi/Manipulator/install/dofbot_moveit/share/dofbot_moveit/launch/__pycache__/test_headless.launch.cpython-310.pyc
[7.449s] -- Up-to-date: /home/sunbi/Manipulator/install/dofbot_moveit/share/dofbot_moveit/launch/test_headless.launch.py
[7.449s] -- Up-to-date: /home/sunbi/Manipulator/install/dofbot_moveit/share/dofbot_moveit/urdf
[7.449s] -- Up-to-date: /home/sunbi/Manipulator/install/dofbot_moveit/share/dofbot_moveit/urdf/test.urdf
[7.449s] -- Up-to-date: /home/sunbi/Manipulator/install/dofbot_moveit/share/dofbot_moveit/urdf/dofbot_original.urdf
[7.449s] -- Up-to-date: /home/sunbi/Manipulator/install/dofbot_moveit/share/dofbot_moveit/urdf/dofbot.urdf
[7.449s] -- Up-to-date: /home/sunbi/Manipulator/install/dofbot_moveit/share/dofbot_moveit/urdf/yahboomcar_X3plus.urdf
[7.449s] -- Up-to-date: /home/sunbi/Manipulator/install/dofbot_moveit/share/ament_index/resource_index/package_run_dependencies/dofbot_moveit
[7.449s] -- Up-to-date: /home/sunbi/Manipulator/install/dofbot_moveit/share/ament_index/resource_index/parent_prefix_path/dofbot_moveit
[7.449s] -- Up-to-date: /home/sunbi/Manipulator/install/dofbot_moveit/share/dofbot_moveit/environment/ament_prefix_path.sh
[7.449s] -- Installing: /home/sunbi/Manipulator/install/dofbot_moveit/share/dofbot_moveit/environment/ament_prefix_path.dsv
[7.449s] -- Up-to-date: /home/sunbi/Manipulator/install/dofbot_moveit/share/dofbot_moveit/environment/path.sh
[7.449s] -- Installing: /home/sunbi/Manipulator/install/dofbot_moveit/share/dofbot_moveit/environment/path.dsv
[7.449s] -- Up-to-date: /home/sunbi/Manipulator/install/dofbot_moveit/share/dofbot_moveit/local_setup.bash
[7.449s] -- Up-to-date: /home/sunbi/Manipulator/install/dofbot_moveit/share/dofbot_moveit/local_setup.sh
[7.449s] -- Up-to-date: /home/sunbi/Manipulator/install/dofbot_moveit/share/dofbot_moveit/local_setup.zsh
[7.449s] -- Installing: /home/sunbi/Manipulator/install/dofbot_moveit/share/dofbot_moveit/local_setup.dsv
[7.449s] -- Installing: /home/sunbi/Manipulator/install/dofbot_moveit/share/dofbot_moveit/package.dsv
[7.449s] -- Up-to-date: /home/sunbi/Manipulator/install/dofbot_moveit/share/ament_index/resource_index/packages/dofbot_moveit
[7.449s] -- Up-to-date: /home/sunbi/Manipulator/install/dofbot_moveit/share/dofbot_moveit/cmake/dofbot_moveitConfig.cmake
[7.450s] -- Up-to-date: /home/sunbi/Manipulator/install/dofbot_moveit/share/dofbot_moveit/cmake/dofbot_moveitConfig-version.cmake
[7.450s] -- Up-to-date: /home/sunbi/Manipulator/install/dofbot_moveit/share/dofbot_moveit/package.xml
[7.451s] Invoked command in '/home/sunbi/Manipulator/build/dofbot_moveit' returned '0': CMAKE_PREFIX_PATH=/opt/ros/humble /usr/bin/cmake --install /home/sunbi/Manipulator/build/dofbot_moveit
