[0.012s] Invoking command in '/home/sunbi/Manipulator/build/dofbot_moveit': CMAKE_PREFIX_PATH=/opt/ros/humble /usr/bin/cmake /home/sunbi/Manipulator/dofbot_moveit -DCMAKE_INSTALL_PREFIX=/home/sunbi/Manipulator/install/dofbot_moveit
[0.026s] -- Found ament_cmake: 1.3.12 (/opt/ros/humble/share/ament_cmake/cmake)
[0.131s] -- Found rclcpp: 16.0.16 (/opt/ros/humble/share/rclcpp/cmake)
[0.236s] -- Found rosidl_generator_c: 3.1.7 (/opt/ros/humble/share/rosidl_generator_c/cmake)
[0.238s] -- Found rosidl_adapter: 3.1.7 (/opt/ros/humble/share/rosidl_adapter/cmake)
[0.243s] -- Found rosidl_generator_cpp: 3.1.7 (/opt/ros/humble/share/rosidl_generator_cpp/cmake)
[0.251s] -- Using all available rosidl_typesupport_c: rosidl_typesupport_fastrtps_c;rosidl_typesupport_introspection_c
[0.261s] -- Using all available rosidl_typesupport_cpp: rosidl_typesupport_fastrtps_cpp;rosidl_typesupport_introspection_cpp
[0.287s] -- Found rmw_implementation_cmake: 6.1.2 (/opt/ros/humble/share/rmw_implementation_cmake/cmake)
[0.288s] -- Found rmw_fastrtps_cpp: 6.2.9 (/opt/ros/humble/share/rmw_fastrtps_cpp/cmake)
[3.586s] -- Using RMW implementation 'rmw_fastrtps_cpp' as default
[3.622s] -- Found moveit_ros_planning_interface: 2.5.9 (/opt/ros/humble/share/moveit_ros_planning_interface/cmake)
[3.631s] -- Found Boost: /usr/lib/x86_64-linux-gnu/cmake/Boost-1.74.0/BoostConfig.cmake (found version "1.74.0") found components: date_time filesystem program_options system thread 
[3.750s] -- Found Boost: /usr/lib/x86_64-linux-gnu/cmake/Boost-1.74.0/BoostConfig.cmake (found version "1.74.0") found components: chrono date_time filesystem iostreams program_options regex serialization system thread 
[4.251s] -- Found parameter_traits: 0.5.0 (/opt/ros/humble/share/parameter_traits/cmake)
[4.255s] -- Found rclcpp_lifecycle: 16.0.16 (/opt/ros/humble/share/rclcpp_lifecycle/cmake)
[4.270s] -- Found Boost: /usr/lib/x86_64-linux-gnu/cmake/Boost-1.74.0/BoostConfig.cmake (found version "1.74.0") found components: filesystem 
[5.095s] -- library: /usr/lib/x86_64-linux-gnu/libcurl.so
[5.115s] -- Ensuring Eigen3 include directory is part of orocos-kdl CMake target
[5.961s] -- Found Boost: /usr/lib/x86_64-linux-gnu/cmake/Boost-1.74.0/BoostConfig.cmake (found version "1.74.0") found components: system filesystem date_time program_options thread chrono 
[5.981s] -- Found Boost: /usr/lib/x86_64-linux-gnu/cmake/Boost-1.74.0/BoostConfig.cmake (found version "1.74.0") found components: thread system filesystem regex date_time program_options 
[5.994s] -- Found Boost: /usr/lib/x86_64-linux-gnu/cmake/Boost-1.74.0/BoostConfig.cmake (found version "1.74.0") found components: system filesystem date_time program_options thread 
[6.765s] [31mCMake Error at CMakeLists.txt:15 (find_package):
[6.765s]   By not providing "Findmoveit_visual_tools.cmake" in CMAKE_MODULE_PATH this
[6.765s]   project has asked CMake to find a package configuration file provided by
[6.765s]   "moveit_visual_tools", but CMake did not find one.
[6.765s] 
[6.765s]   Could not find a package configuration file provided by
[6.765s]   "moveit_visual_tools" with any of the following names:
[6.766s] 
[6.766s]     moveit_visual_toolsConfig.cmake
[6.766s]     moveit_visual_tools-config.cmake
[6.766s] 
[6.766s]   Add the installation prefix of "moveit_visual_tools" to CMAKE_PREFIX_PATH
[6.766s]   or set "moveit_visual_tools_DIR" to a directory containing one of the above
[6.766s]   files.  If "moveit_visual_tools" provides a separate development package or
[6.766s]   SDK, be sure it has been installed.
[6.766s] 
[6.766s] [0m
[6.766s] -- Configuring incomplete, errors occurred!
[6.766s] See also "/home/sunbi/Manipulator/build/dofbot_moveit/CMakeFiles/CMakeOutput.log".
[6.778s] Invoked command in '/home/sunbi/Manipulator/build/dofbot_moveit' returned '1': CMAKE_PREFIX_PATH=/opt/ros/humble /usr/bin/cmake /home/sunbi/Manipulator/dofbot_moveit -DCMAKE_INSTALL_PREFIX=/home/sunbi/Manipulator/install/dofbot_moveit
