[0.155s] DEBUG:colcon:Command line arguments: ['/usr/bin/colcon', 'build']
[0.155s] DEBUG:colcon:Parsed command line arguments: Namespace(log_base=None, log_level=None, verb_name='build', build_base='build', install_base='install', merge_install=False, symlink_install=False, test_result_base=None, continue_on_error=False, executor='parallel', parallel_workers=12, event_handlers=None, ignore_user_meta=False, metas=['./colcon.meta'], base_paths=['.'], packages_ignore=None, packages_ignore_regex=None, paths=None, packages_up_to=None, packages_up_to_regex=None, packages_above=None, packages_above_and_dependencies=None, packages_above_depth=None, packages_select_by_dep=None, packages_skip_by_dep=None, packages_skip_up_to=None, packages_select_build_failed=False, packages_skip_build_finished=False, packages_select_test_failures=False, packages_skip_test_passed=False, packages_select=None, packages_skip=None, packages_select_regex=None, packages_skip_regex=None, packages_start=None, packages_end=None, allow_overriding=[], cmake_args=None, cmake_target=None, cmake_target_skip_unavailable=False, cmake_clean_cache=False, cmake_clean_first=False, cmake_force_configure=False, ament_cmake_args=None, catkin_cmake_args=None, catkin_skip_building_tests=False, verb_parser=<colcon_defaults.argument_parser.defaults.DefaultArgumentsDecorator object at 0x7ee6ce813610>, verb_extension=<colcon_core.verb.build.BuildVerb object at 0x7ee6ce964940>, main=<bound method BuildVerb.main of <colcon_core.verb.build.BuildVerb object at 0x7ee6ce964940>>)
[0.287s] Level 1:colcon.colcon_core.package_discovery:discover_packages(colcon_meta) check parameters
[0.287s] Level 1:colcon.colcon_core.package_discovery:discover_packages(recursive) check parameters
[0.287s] Level 1:colcon.colcon_core.package_discovery:discover_packages(ignore) check parameters
[0.287s] Level 1:colcon.colcon_core.package_discovery:discover_packages(path) check parameters
[0.287s] Level 1:colcon.colcon_core.package_discovery:discover_packages(colcon_meta) discover
[0.288s] Level 1:colcon.colcon_core.package_discovery:discover_packages(recursive) discover
[0.288s] INFO:colcon.colcon_core.package_discovery:Crawling recursively for packages in '/home/sunbi/Manipulator'
[0.288s] Level 1:colcon.colcon_core.package_identification:_identify(.) by extensions ['ignore', 'ignore_ament_install']
[0.288s] Level 1:colcon.colcon_core.package_identification:_identify(.) by extension 'ignore'
[0.288s] Level 1:colcon.colcon_core.package_identification:_identify(.) by extension 'ignore_ament_install'
[0.288s] Level 1:colcon.colcon_core.package_identification:_identify(.) by extensions ['colcon_pkg']
[0.288s] Level 1:colcon.colcon_core.package_identification:_identify(.) by extension 'colcon_pkg'
[0.288s] Level 1:colcon.colcon_core.package_identification:_identify(.) by extensions ['colcon_meta']
[0.288s] Level 1:colcon.colcon_core.package_identification:_identify(.) by extension 'colcon_meta'
[0.288s] Level 1:colcon.colcon_core.package_identification:_identify(.) by extensions ['ros']
[0.288s] Level 1:colcon.colcon_core.package_identification:_identify(.) by extension 'ros'
[0.298s] Level 1:colcon.colcon_core.package_identification:_identify(.) by extensions ['cmake', 'python']
[0.298s] Level 1:colcon.colcon_core.package_identification:_identify(.) by extension 'cmake'
[0.298s] Level 1:colcon.colcon_core.package_identification:_identify(.) by extension 'python'
[0.298s] Level 1:colcon.colcon_core.package_identification:_identify(.) by extensions ['python_setup_py']
[0.298s] Level 1:colcon.colcon_core.package_identification:_identify(.) by extension 'python_setup_py'
[0.298s] Level 1:colcon.colcon_core.package_identification:_identify(Meshs) by extensions ['ignore', 'ignore_ament_install']
[0.298s] Level 1:colcon.colcon_core.package_identification:_identify(Meshs) by extension 'ignore'
[0.298s] Level 1:colcon.colcon_core.package_identification:_identify(Meshs) by extension 'ignore_ament_install'
[0.298s] Level 1:colcon.colcon_core.package_identification:_identify(Meshs) by extensions ['colcon_pkg']
[0.298s] Level 1:colcon.colcon_core.package_identification:_identify(Meshs) by extension 'colcon_pkg'
[0.298s] Level 1:colcon.colcon_core.package_identification:_identify(Meshs) by extensions ['colcon_meta']
[0.298s] Level 1:colcon.colcon_core.package_identification:_identify(Meshs) by extension 'colcon_meta'
[0.298s] Level 1:colcon.colcon_core.package_identification:_identify(Meshs) by extensions ['ros']
[0.298s] Level 1:colcon.colcon_core.package_identification:_identify(Meshs) by extension 'ros'
[0.298s] Level 1:colcon.colcon_core.package_identification:_identify(Meshs) by extensions ['cmake', 'python']
[0.298s] Level 1:colcon.colcon_core.package_identification:_identify(Meshs) by extension 'cmake'
[0.298s] Level 1:colcon.colcon_core.package_identification:_identify(Meshs) by extension 'python'
[0.298s] Level 1:colcon.colcon_core.package_identification:_identify(Meshs) by extensions ['python_setup_py']
[0.298s] Level 1:colcon.colcon_core.package_identification:_identify(Meshs) by extension 'python_setup_py'
[0.299s] Level 1:colcon.colcon_core.package_identification:_identify(Stm32 firmware) by extensions ['ignore', 'ignore_ament_install']
[0.299s] Level 1:colcon.colcon_core.package_identification:_identify(Stm32 firmware) by extension 'ignore'
[0.299s] Level 1:colcon.colcon_core.package_identification:_identify(Stm32 firmware) by extension 'ignore_ament_install'
[0.299s] Level 1:colcon.colcon_core.package_identification:_identify(Stm32 firmware) by extensions ['colcon_pkg']
[0.299s] Level 1:colcon.colcon_core.package_identification:_identify(Stm32 firmware) by extension 'colcon_pkg'
[0.299s] Level 1:colcon.colcon_core.package_identification:_identify(Stm32 firmware) by extensions ['colcon_meta']
[0.299s] Level 1:colcon.colcon_core.package_identification:_identify(Stm32 firmware) by extension 'colcon_meta'
[0.299s] Level 1:colcon.colcon_core.package_identification:_identify(Stm32 firmware) by extensions ['ros']
[0.299s] Level 1:colcon.colcon_core.package_identification:_identify(Stm32 firmware) by extension 'ros'
[0.299s] Level 1:colcon.colcon_core.package_identification:_identify(Stm32 firmware) by extensions ['cmake', 'python']
[0.299s] Level 1:colcon.colcon_core.package_identification:_identify(Stm32 firmware) by extension 'cmake'
[0.299s] Level 1:colcon.colcon_core.package_identification:_identify(Stm32 firmware) by extension 'python'
[0.299s] Level 1:colcon.colcon_core.package_identification:_identify(Stm32 firmware) by extensions ['python_setup_py']
[0.299s] Level 1:colcon.colcon_core.package_identification:_identify(Stm32 firmware) by extension 'python_setup_py'
[0.299s] Level 1:colcon.colcon_core.package_identification:_identify(URDF) by extensions ['ignore', 'ignore_ament_install']
[0.299s] Level 1:colcon.colcon_core.package_identification:_identify(URDF) by extension 'ignore'
[0.299s] Level 1:colcon.colcon_core.package_identification:_identify(URDF) by extension 'ignore_ament_install'
[0.299s] Level 1:colcon.colcon_core.package_identification:_identify(URDF) by extensions ['colcon_pkg']
[0.299s] Level 1:colcon.colcon_core.package_identification:_identify(URDF) by extension 'colcon_pkg'
[0.299s] Level 1:colcon.colcon_core.package_identification:_identify(URDF) by extensions ['colcon_meta']
[0.299s] Level 1:colcon.colcon_core.package_identification:_identify(URDF) by extension 'colcon_meta'
[0.299s] Level 1:colcon.colcon_core.package_identification:_identify(URDF) by extensions ['ros']
[0.299s] Level 1:colcon.colcon_core.package_identification:_identify(URDF) by extension 'ros'
[0.299s] Level 1:colcon.colcon_core.package_identification:_identify(URDF) by extensions ['cmake', 'python']
[0.299s] Level 1:colcon.colcon_core.package_identification:_identify(URDF) by extension 'cmake'
[0.299s] Level 1:colcon.colcon_core.package_identification:_identify(URDF) by extension 'python'
[0.299s] Level 1:colcon.colcon_core.package_identification:_identify(URDF) by extensions ['python_setup_py']
[0.299s] Level 1:colcon.colcon_core.package_identification:_identify(URDF) by extension 'python_setup_py'
[0.300s] Level 1:colcon.colcon_core.package_identification:_identify(Ubuntu20.04 Dynamic Dofbot Library) by extensions ['ignore', 'ignore_ament_install']
[0.300s] Level 1:colcon.colcon_core.package_identification:_identify(Ubuntu20.04 Dynamic Dofbot Library) by extension 'ignore'
[0.300s] Level 1:colcon.colcon_core.package_identification:_identify(Ubuntu20.04 Dynamic Dofbot Library) by extension 'ignore_ament_install'
[0.300s] Level 1:colcon.colcon_core.package_identification:_identify(Ubuntu20.04 Dynamic Dofbot Library) by extensions ['colcon_pkg']
[0.300s] Level 1:colcon.colcon_core.package_identification:_identify(Ubuntu20.04 Dynamic Dofbot Library) by extension 'colcon_pkg'
[0.300s] Level 1:colcon.colcon_core.package_identification:_identify(Ubuntu20.04 Dynamic Dofbot Library) by extensions ['colcon_meta']
[0.300s] Level 1:colcon.colcon_core.package_identification:_identify(Ubuntu20.04 Dynamic Dofbot Library) by extension 'colcon_meta'
[0.300s] Level 1:colcon.colcon_core.package_identification:_identify(Ubuntu20.04 Dynamic Dofbot Library) by extensions ['ros']
[0.300s] Level 1:colcon.colcon_core.package_identification:_identify(Ubuntu20.04 Dynamic Dofbot Library) by extension 'ros'
[0.300s] Level 1:colcon.colcon_core.package_identification:_identify(Ubuntu20.04 Dynamic Dofbot Library) by extensions ['cmake', 'python']
[0.300s] Level 1:colcon.colcon_core.package_identification:_identify(Ubuntu20.04 Dynamic Dofbot Library) by extension 'cmake'
[0.300s] Level 1:colcon.colcon_core.package_identification:_identify(Ubuntu20.04 Dynamic Dofbot Library) by extension 'python'
[0.300s] Level 1:colcon.colcon_core.package_identification:_identify(Ubuntu20.04 Dynamic Dofbot Library) by extensions ['python_setup_py']
[0.300s] Level 1:colcon.colcon_core.package_identification:_identify(Ubuntu20.04 Dynamic Dofbot Library) by extension 'python_setup_py'
[0.300s] Level 1:colcon.colcon_core.package_identification:_identify(arduino) by extensions ['ignore', 'ignore_ament_install']
[0.300s] Level 1:colcon.colcon_core.package_identification:_identify(arduino) by extension 'ignore'
[0.300s] Level 1:colcon.colcon_core.package_identification:_identify(arduino) by extension 'ignore_ament_install'
[0.300s] Level 1:colcon.colcon_core.package_identification:_identify(arduino) by extensions ['colcon_pkg']
[0.300s] Level 1:colcon.colcon_core.package_identification:_identify(arduino) by extension 'colcon_pkg'
[0.300s] Level 1:colcon.colcon_core.package_identification:_identify(arduino) by extensions ['colcon_meta']
[0.300s] Level 1:colcon.colcon_core.package_identification:_identify(arduino) by extension 'colcon_meta'
[0.300s] Level 1:colcon.colcon_core.package_identification:_identify(arduino) by extensions ['ros']
[0.300s] Level 1:colcon.colcon_core.package_identification:_identify(arduino) by extension 'ros'
[0.301s] Level 1:colcon.colcon_core.package_identification:_identify(arduino) by extensions ['cmake', 'python']
[0.301s] Level 1:colcon.colcon_core.package_identification:_identify(arduino) by extension 'cmake'
[0.301s] Level 1:colcon.colcon_core.package_identification:_identify(arduino) by extension 'python'
[0.301s] Level 1:colcon.colcon_core.package_identification:_identify(arduino) by extensions ['python_setup_py']
[0.301s] Level 1:colcon.colcon_core.package_identification:_identify(arduino) by extension 'python_setup_py'
[0.301s] Level 1:colcon.colcon_core.package_identification:_identify(arduino/dofbot_bridge) by extensions ['ignore', 'ignore_ament_install']
[0.301s] Level 1:colcon.colcon_core.package_identification:_identify(arduino/dofbot_bridge) by extension 'ignore'
[0.301s] Level 1:colcon.colcon_core.package_identification:_identify(arduino/dofbot_bridge) by extension 'ignore_ament_install'
[0.301s] Level 1:colcon.colcon_core.package_identification:_identify(arduino/dofbot_bridge) by extensions ['colcon_pkg']
[0.301s] Level 1:colcon.colcon_core.package_identification:_identify(arduino/dofbot_bridge) by extension 'colcon_pkg'
[0.301s] Level 1:colcon.colcon_core.package_identification:_identify(arduino/dofbot_bridge) by extensions ['colcon_meta']
[0.301s] Level 1:colcon.colcon_core.package_identification:_identify(arduino/dofbot_bridge) by extension 'colcon_meta'
[0.301s] Level 1:colcon.colcon_core.package_identification:_identify(arduino/dofbot_bridge) by extensions ['ros']
[0.301s] Level 1:colcon.colcon_core.package_identification:_identify(arduino/dofbot_bridge) by extension 'ros'
[0.301s] Level 1:colcon.colcon_core.package_identification:_identify(arduino/dofbot_bridge) by extensions ['cmake', 'python']
[0.301s] Level 1:colcon.colcon_core.package_identification:_identify(arduino/dofbot_bridge) by extension 'cmake'
[0.301s] Level 1:colcon.colcon_core.package_identification:_identify(arduino/dofbot_bridge) by extension 'python'
[0.301s] Level 1:colcon.colcon_core.package_identification:_identify(arduino/dofbot_bridge) by extensions ['python_setup_py']
[0.301s] Level 1:colcon.colcon_core.package_identification:_identify(arduino/dofbot_bridge) by extension 'python_setup_py'
[0.301s] Level 1:colcon.colcon_core.package_identification:_identify(build) by extensions ['ignore', 'ignore_ament_install']
[0.301s] Level 1:colcon.colcon_core.package_identification:_identify(build) by extension 'ignore'
[0.301s] Level 1:colcon.colcon_core.package_identification:_identify(build) ignored
[0.302s] Level 1:colcon.colcon_core.package_identification:_identify(dofbot_control) by extensions ['ignore', 'ignore_ament_install']
[0.302s] Level 1:colcon.colcon_core.package_identification:_identify(dofbot_control) by extension 'ignore'
[0.302s] Level 1:colcon.colcon_core.package_identification:_identify(dofbot_control) by extension 'ignore_ament_install'
[0.302s] Level 1:colcon.colcon_core.package_identification:_identify(dofbot_control) by extensions ['colcon_pkg']
[0.302s] Level 1:colcon.colcon_core.package_identification:_identify(dofbot_control) by extension 'colcon_pkg'
[0.302s] Level 1:colcon.colcon_core.package_identification:_identify(dofbot_control) by extensions ['colcon_meta']
[0.302s] Level 1:colcon.colcon_core.package_identification:_identify(dofbot_control) by extension 'colcon_meta'
[0.302s] Level 1:colcon.colcon_core.package_identification:_identify(dofbot_control) by extensions ['ros']
[0.302s] Level 1:colcon.colcon_core.package_identification:_identify(dofbot_control) by extension 'ros'
[0.304s] DEBUG:colcon.colcon_core.package_identification:Package 'dofbot_control' with type 'ros.ament_python' and name 'dofbot_control'
[0.304s] Level 1:colcon.colcon_core.package_identification:_identify(dofbot_moveit) by extensions ['ignore', 'ignore_ament_install']
[0.304s] Level 1:colcon.colcon_core.package_identification:_identify(dofbot_moveit) by extension 'ignore'
[0.304s] Level 1:colcon.colcon_core.package_identification:_identify(dofbot_moveit) by extension 'ignore_ament_install'
[0.304s] Level 1:colcon.colcon_core.package_identification:_identify(dofbot_moveit) by extensions ['colcon_pkg']
[0.304s] Level 1:colcon.colcon_core.package_identification:_identify(dofbot_moveit) by extension 'colcon_pkg'
[0.304s] Level 1:colcon.colcon_core.package_identification:_identify(dofbot_moveit) by extensions ['colcon_meta']
[0.304s] Level 1:colcon.colcon_core.package_identification:_identify(dofbot_moveit) by extension 'colcon_meta'
[0.304s] Level 1:colcon.colcon_core.package_identification:_identify(dofbot_moveit) by extensions ['ros']
[0.304s] Level 1:colcon.colcon_core.package_identification:_identify(dofbot_moveit) by extension 'ros'
[0.305s] DEBUG:colcon.colcon_core.package_identification:Package 'dofbot_moveit' with type 'ros.ament_cmake' and name 'dofbot_moveit'
[0.305s] Level 1:colcon.colcon_core.package_identification:_identify(dofbot_moveit_config) by extensions ['ignore', 'ignore_ament_install']
[0.305s] Level 1:colcon.colcon_core.package_identification:_identify(dofbot_moveit_config) by extension 'ignore'
[0.305s] Level 1:colcon.colcon_core.package_identification:_identify(dofbot_moveit_config) by extension 'ignore_ament_install'
[0.305s] Level 1:colcon.colcon_core.package_identification:_identify(dofbot_moveit_config) by extensions ['colcon_pkg']
[0.305s] Level 1:colcon.colcon_core.package_identification:_identify(dofbot_moveit_config) by extension 'colcon_pkg'
[0.305s] Level 1:colcon.colcon_core.package_identification:_identify(dofbot_moveit_config) by extensions ['colcon_meta']
[0.305s] Level 1:colcon.colcon_core.package_identification:_identify(dofbot_moveit_config) by extension 'colcon_meta'
[0.306s] Level 1:colcon.colcon_core.package_identification:_identify(dofbot_moveit_config) by extensions ['ros']
[0.306s] Level 1:colcon.colcon_core.package_identification:_identify(dofbot_moveit_config) by extension 'ros'
[0.306s] DEBUG:colcon.colcon_core.package_identification:Package 'dofbot_moveit_config' with type 'ros.ament_cmake' and name 'dofbot_moveit_config'
[0.306s] Level 1:colcon.colcon_core.package_identification:_identify(install) by extensions ['ignore', 'ignore_ament_install']
[0.306s] Level 1:colcon.colcon_core.package_identification:_identify(install) by extension 'ignore'
[0.306s] Level 1:colcon.colcon_core.package_identification:_identify(install) ignored
[0.307s] Level 1:colcon.colcon_core.package_identification:_identify(log) by extensions ['ignore', 'ignore_ament_install']
[0.307s] Level 1:colcon.colcon_core.package_identification:_identify(log) by extension 'ignore'
[0.307s] Level 1:colcon.colcon_core.package_identification:_identify(log) ignored
[0.307s] Level 1:colcon.colcon_core.package_discovery:discover_packages(recursive) using defaults
[0.307s] Level 1:colcon.colcon_core.package_discovery:discover_packages(ignore) discover
[0.307s] Level 1:colcon.colcon_core.package_discovery:discover_packages(ignore) using defaults
[0.307s] Level 1:colcon.colcon_core.package_discovery:discover_packages(path) discover
[0.307s] Level 1:colcon.colcon_core.package_discovery:discover_packages(path) using defaults
[0.323s] Level 1:colcon.colcon_core.package_discovery:discover_packages(prefix_path) check parameters
[0.324s] Level 1:colcon.colcon_core.package_discovery:discover_packages(prefix_path) discover
[0.326s] DEBUG:colcon.colcon_installed_package_information.package_discovery:Found 357 installed packages in /opt/ros/humble
[0.336s] Level 1:colcon.colcon_core.package_discovery:discover_packages(prefix_path) using defaults
[0.372s] Level 5:colcon.colcon_core.verb:set package 'dofbot_control' build argument 'cmake_args' from command line to 'None'
[0.372s] Level 5:colcon.colcon_core.verb:set package 'dofbot_control' build argument 'cmake_target' from command line to 'None'
[0.372s] Level 5:colcon.colcon_core.verb:set package 'dofbot_control' build argument 'cmake_target_skip_unavailable' from command line to 'False'
[0.372s] Level 5:colcon.colcon_core.verb:set package 'dofbot_control' build argument 'cmake_clean_cache' from command line to 'False'
[0.372s] Level 5:colcon.colcon_core.verb:set package 'dofbot_control' build argument 'cmake_clean_first' from command line to 'False'
[0.372s] Level 5:colcon.colcon_core.verb:set package 'dofbot_control' build argument 'cmake_force_configure' from command line to 'False'
[0.372s] Level 5:colcon.colcon_core.verb:set package 'dofbot_control' build argument 'ament_cmake_args' from command line to 'None'
[0.372s] Level 5:colcon.colcon_core.verb:set package 'dofbot_control' build argument 'catkin_cmake_args' from command line to 'None'
[0.372s] Level 5:colcon.colcon_core.verb:set package 'dofbot_control' build argument 'catkin_skip_building_tests' from command line to 'False'
[0.372s] DEBUG:colcon.colcon_core.verb:Building package 'dofbot_control' with the following arguments: {'ament_cmake_args': None, 'build_base': '/home/sunbi/Manipulator/build/dofbot_control', 'catkin_cmake_args': None, 'catkin_skip_building_tests': False, 'cmake_args': None, 'cmake_clean_cache': False, 'cmake_clean_first': False, 'cmake_force_configure': False, 'cmake_target': None, 'cmake_target_skip_unavailable': False, 'install_base': '/home/sunbi/Manipulator/install/dofbot_control', 'merge_install': False, 'path': '/home/sunbi/Manipulator/dofbot_control', 'symlink_install': False, 'test_result_base': None}
[0.372s] Level 5:colcon.colcon_core.verb:set package 'dofbot_moveit' build argument 'cmake_args' from command line to 'None'
[0.373s] Level 5:colcon.colcon_core.verb:set package 'dofbot_moveit' build argument 'cmake_target' from command line to 'None'
[0.373s] Level 5:colcon.colcon_core.verb:set package 'dofbot_moveit' build argument 'cmake_target_skip_unavailable' from command line to 'False'
[0.373s] Level 5:colcon.colcon_core.verb:set package 'dofbot_moveit' build argument 'cmake_clean_cache' from command line to 'False'
[0.373s] Level 5:colcon.colcon_core.verb:set package 'dofbot_moveit' build argument 'cmake_clean_first' from command line to 'False'
[0.373s] Level 5:colcon.colcon_core.verb:set package 'dofbot_moveit' build argument 'cmake_force_configure' from command line to 'False'
[0.373s] Level 5:colcon.colcon_core.verb:set package 'dofbot_moveit' build argument 'ament_cmake_args' from command line to 'None'
[0.373s] Level 5:colcon.colcon_core.verb:set package 'dofbot_moveit' build argument 'catkin_cmake_args' from command line to 'None'
[0.373s] Level 5:colcon.colcon_core.verb:set package 'dofbot_moveit' build argument 'catkin_skip_building_tests' from command line to 'False'
[0.373s] DEBUG:colcon.colcon_core.verb:Building package 'dofbot_moveit' with the following arguments: {'ament_cmake_args': None, 'build_base': '/home/sunbi/Manipulator/build/dofbot_moveit', 'catkin_cmake_args': None, 'catkin_skip_building_tests': False, 'cmake_args': None, 'cmake_clean_cache': False, 'cmake_clean_first': False, 'cmake_force_configure': False, 'cmake_target': None, 'cmake_target_skip_unavailable': False, 'install_base': '/home/sunbi/Manipulator/install/dofbot_moveit', 'merge_install': False, 'path': '/home/sunbi/Manipulator/dofbot_moveit', 'symlink_install': False, 'test_result_base': None}
[0.373s] Level 5:colcon.colcon_core.verb:set package 'dofbot_moveit_config' build argument 'cmake_args' from command line to 'None'
[0.373s] Level 5:colcon.colcon_core.verb:set package 'dofbot_moveit_config' build argument 'cmake_target' from command line to 'None'
[0.373s] Level 5:colcon.colcon_core.verb:set package 'dofbot_moveit_config' build argument 'cmake_target_skip_unavailable' from command line to 'False'
[0.373s] Level 5:colcon.colcon_core.verb:set package 'dofbot_moveit_config' build argument 'cmake_clean_cache' from command line to 'False'
[0.373s] Level 5:colcon.colcon_core.verb:set package 'dofbot_moveit_config' build argument 'cmake_clean_first' from command line to 'False'
[0.373s] Level 5:colcon.colcon_core.verb:set package 'dofbot_moveit_config' build argument 'cmake_force_configure' from command line to 'False'
[0.373s] Level 5:colcon.colcon_core.verb:set package 'dofbot_moveit_config' build argument 'ament_cmake_args' from command line to 'None'
[0.373s] Level 5:colcon.colcon_core.verb:set package 'dofbot_moveit_config' build argument 'catkin_cmake_args' from command line to 'None'
[0.373s] Level 5:colcon.colcon_core.verb:set package 'dofbot_moveit_config' build argument 'catkin_skip_building_tests' from command line to 'False'
[0.373s] DEBUG:colcon.colcon_core.verb:Building package 'dofbot_moveit_config' with the following arguments: {'ament_cmake_args': None, 'build_base': '/home/sunbi/Manipulator/build/dofbot_moveit_config', 'catkin_cmake_args': None, 'catkin_skip_building_tests': False, 'cmake_args': None, 'cmake_clean_cache': False, 'cmake_clean_first': False, 'cmake_force_configure': False, 'cmake_target': None, 'cmake_target_skip_unavailable': False, 'install_base': '/home/sunbi/Manipulator/install/dofbot_moveit_config', 'merge_install': False, 'path': '/home/sunbi/Manipulator/dofbot_moveit_config', 'symlink_install': False, 'test_result_base': None}
[0.373s] INFO:colcon.colcon_core.executor:Executing jobs using 'parallel' executor
[0.374s] DEBUG:colcon.colcon_parallel_executor.executor.parallel:run_until_complete
[0.375s] INFO:colcon.colcon_ros.task.ament_cmake.build:Building ROS package in '/home/sunbi/Manipulator/dofbot_moveit' with build type 'ament_cmake'
[0.375s] INFO:colcon.colcon_cmake.task.cmake.build:Building CMake package in '/home/sunbi/Manipulator/dofbot_moveit'
[0.377s] INFO:colcon.colcon_core.plugin_system:Skipping extension 'colcon_core.shell.bat': Not used on non-Windows systems
[0.377s] INFO:colcon.colcon_core.shell:Skip shell extension 'powershell' for command environment: Not usable outside of PowerShell
[0.377s] DEBUG:colcon.colcon_core.shell:Skip shell extension 'dsv' for command environment
[0.380s] INFO:colcon.colcon_ros.task.ament_python.build:Building ROS package in '/home/sunbi/Manipulator/dofbot_control' with build type 'ament_python'
[0.380s] Level 1:colcon.colcon_core.shell:create_environment_hook('dofbot_control', 'ament_prefix_path')
[0.381s] INFO:colcon.colcon_core.shell:Creating environment hook '/home/sunbi/Manipulator/install/dofbot_control/share/dofbot_control/hook/ament_prefix_path.ps1'
[0.381s] INFO:colcon.colcon_core.shell:Creating environment descriptor '/home/sunbi/Manipulator/install/dofbot_control/share/dofbot_control/hook/ament_prefix_path.dsv'
[0.382s] INFO:colcon.colcon_core.shell:Creating environment hook '/home/sunbi/Manipulator/install/dofbot_control/share/dofbot_control/hook/ament_prefix_path.sh'
[0.383s] INFO:colcon.colcon_core.shell:Skip shell extension 'powershell' for command environment: Not usable outside of PowerShell
[0.383s] DEBUG:colcon.colcon_core.shell:Skip shell extension 'dsv' for command environment
[0.395s] DEBUG:colcon.colcon_core.event_handler.log_command:Invoking command in '/home/sunbi/Manipulator/build/dofbot_moveit': CMAKE_PREFIX_PATH=/opt/ros/humble /usr/bin/cmake --build /home/sunbi/Manipulator/build/dofbot_moveit -- -j12 -l12
[0.621s] INFO:colcon.colcon_core.task.python.build:Building Python package in '/home/sunbi/Manipulator/dofbot_control'
[0.621s] INFO:colcon.colcon_core.shell:Skip shell extension 'powershell' for command environment: Not usable outside of PowerShell
[0.621s] DEBUG:colcon.colcon_core.shell:Skip shell extension 'dsv' for command environment
[0.781s] DEBUG:colcon.colcon_core.event_handler.log_command:Invoked command in '/home/sunbi/Manipulator/build/dofbot_moveit' returned '0': CMAKE_PREFIX_PATH=/opt/ros/humble /usr/bin/cmake --build /home/sunbi/Manipulator/build/dofbot_moveit -- -j12 -l12
[0.795s] DEBUG:colcon.colcon_core.event_handler.log_command:Invoking command in '/home/sunbi/Manipulator/build/dofbot_moveit': CMAKE_PREFIX_PATH=/opt/ros/humble /usr/bin/cmake --install /home/sunbi/Manipulator/build/dofbot_moveit
[0.818s] Level 1:colcon.colcon_core.environment:create_environment_scripts_only(dofbot_moveit)
[0.818s] DEBUG:colcon.colcon_core.event_handler.log_command:Invoked command in '/home/sunbi/Manipulator/build/dofbot_moveit' returned '0': CMAKE_PREFIX_PATH=/opt/ros/humble /usr/bin/cmake --install /home/sunbi/Manipulator/build/dofbot_moveit
[0.820s] Level 1:colcon.colcon_core.environment:checking '/home/sunbi/Manipulator/install/dofbot_moveit' for CMake module files
[0.821s] Level 1:colcon.colcon_core.environment:checking '/home/sunbi/Manipulator/install/dofbot_moveit' for CMake config files
[0.821s] Level 1:colcon.colcon_core.shell:create_environment_hook('dofbot_moveit', 'cmake_prefix_path')
[0.821s] INFO:colcon.colcon_core.shell:Creating environment hook '/home/sunbi/Manipulator/install/dofbot_moveit/share/dofbot_moveit/hook/cmake_prefix_path.ps1'
[0.821s] INFO:colcon.colcon_core.shell:Creating environment descriptor '/home/sunbi/Manipulator/install/dofbot_moveit/share/dofbot_moveit/hook/cmake_prefix_path.dsv'
[0.822s] INFO:colcon.colcon_core.shell:Creating environment hook '/home/sunbi/Manipulator/install/dofbot_moveit/share/dofbot_moveit/hook/cmake_prefix_path.sh'
[0.822s] Level 1:colcon.colcon_core.environment:checking '/home/sunbi/Manipulator/install/dofbot_moveit/lib'
[0.822s] Level 1:colcon.colcon_core.environment:checking '/home/sunbi/Manipulator/install/dofbot_moveit/bin'
[0.823s] Level 1:colcon.colcon_core.environment:checking '/home/sunbi/Manipulator/install/dofbot_moveit/lib/pkgconfig/dofbot_moveit.pc'
[0.823s] Level 1:colcon.colcon_core.environment:checking '/home/sunbi/Manipulator/install/dofbot_moveit/lib/python3.10/site-packages'
[0.823s] Level 1:colcon.colcon_core.environment:checking '/home/sunbi/Manipulator/install/dofbot_moveit/bin'
[0.823s] INFO:colcon.colcon_core.shell:Creating package script '/home/sunbi/Manipulator/install/dofbot_moveit/share/dofbot_moveit/package.ps1'
[0.824s] INFO:colcon.colcon_core.shell:Creating package descriptor '/home/sunbi/Manipulator/install/dofbot_moveit/share/dofbot_moveit/package.dsv'
[0.824s] INFO:colcon.colcon_core.shell:Creating package script '/home/sunbi/Manipulator/install/dofbot_moveit/share/dofbot_moveit/package.sh'
[0.825s] INFO:colcon.colcon_core.shell:Creating package script '/home/sunbi/Manipulator/install/dofbot_moveit/share/dofbot_moveit/package.bash'
[0.825s] INFO:colcon.colcon_core.shell:Creating package script '/home/sunbi/Manipulator/install/dofbot_moveit/share/dofbot_moveit/package.zsh'
[0.826s] Level 1:colcon.colcon_core.environment:create_file_with_runtime_dependencies(/home/sunbi/Manipulator/install/dofbot_moveit/share/colcon-core/packages/dofbot_moveit)
[0.826s] Level 1:colcon.colcon_core.environment:create_environment_scripts_only(dofbot_moveit)
[0.826s] Level 1:colcon.colcon_core.environment:checking '/home/sunbi/Manipulator/install/dofbot_moveit' for CMake module files
[0.827s] Level 1:colcon.colcon_core.environment:checking '/home/sunbi/Manipulator/install/dofbot_moveit' for CMake config files
[0.827s] Level 1:colcon.colcon_core.shell:create_environment_hook('dofbot_moveit', 'cmake_prefix_path')
[0.827s] INFO:colcon.colcon_core.shell:Creating environment hook '/home/sunbi/Manipulator/install/dofbot_moveit/share/dofbot_moveit/hook/cmake_prefix_path.ps1'
[0.827s] INFO:colcon.colcon_core.shell:Creating environment descriptor '/home/sunbi/Manipulator/install/dofbot_moveit/share/dofbot_moveit/hook/cmake_prefix_path.dsv'
[0.828s] INFO:colcon.colcon_core.shell:Creating environment hook '/home/sunbi/Manipulator/install/dofbot_moveit/share/dofbot_moveit/hook/cmake_prefix_path.sh'
[0.828s] Level 1:colcon.colcon_core.environment:checking '/home/sunbi/Manipulator/install/dofbot_moveit/lib'
[0.828s] Level 1:colcon.colcon_core.environment:checking '/home/sunbi/Manipulator/install/dofbot_moveit/bin'
[0.828s] Level 1:colcon.colcon_core.environment:checking '/home/sunbi/Manipulator/install/dofbot_moveit/lib/pkgconfig/dofbot_moveit.pc'
[0.828s] Level 1:colcon.colcon_core.environment:checking '/home/sunbi/Manipulator/install/dofbot_moveit/lib/python3.10/site-packages'
[0.829s] Level 1:colcon.colcon_core.environment:checking '/home/sunbi/Manipulator/install/dofbot_moveit/bin'
[0.829s] INFO:colcon.colcon_core.shell:Creating package script '/home/sunbi/Manipulator/install/dofbot_moveit/share/dofbot_moveit/package.ps1'
[0.829s] INFO:colcon.colcon_core.shell:Creating package descriptor '/home/sunbi/Manipulator/install/dofbot_moveit/share/dofbot_moveit/package.dsv'
[0.829s] INFO:colcon.colcon_core.shell:Creating package script '/home/sunbi/Manipulator/install/dofbot_moveit/share/dofbot_moveit/package.sh'
[0.830s] INFO:colcon.colcon_core.shell:Creating package script '/home/sunbi/Manipulator/install/dofbot_moveit/share/dofbot_moveit/package.bash'
[0.830s] INFO:colcon.colcon_core.shell:Creating package script '/home/sunbi/Manipulator/install/dofbot_moveit/share/dofbot_moveit/package.zsh'
[0.830s] Level 1:colcon.colcon_core.environment:create_file_with_runtime_dependencies(/home/sunbi/Manipulator/install/dofbot_moveit/share/colcon-core/packages/dofbot_moveit)
[0.831s] INFO:colcon.colcon_ros.task.ament_cmake.build:Building ROS package in '/home/sunbi/Manipulator/dofbot_moveit_config' with build type 'ament_cmake'
[0.831s] INFO:colcon.colcon_cmake.task.cmake.build:Building CMake package in '/home/sunbi/Manipulator/dofbot_moveit_config'
[0.831s] INFO:colcon.colcon_core.shell:Skip shell extension 'powershell' for command environment: Not usable outside of PowerShell
[0.831s] DEBUG:colcon.colcon_core.shell:Skip shell extension 'dsv' for command environment
[0.870s] DEBUG:colcon.colcon_core.event_handler.log_command:Invoking command in '/home/sunbi/Manipulator/build/dofbot_moveit_config': AMENT_PREFIX_PATH=/home/sunbi/Manipulator/install/dofbot_moveit:${AMENT_PREFIX_PATH} CMAKE_PREFIX_PATH=/opt/ros/humble:/home/sunbi/Manipulator/install/dofbot_moveit /usr/bin/cmake --build /home/sunbi/Manipulator/build/dofbot_moveit_config -- -j12 -l12
[0.971s] DEBUG:colcon.colcon_core.event_handler.log_command:Invoking command in '/home/sunbi/Manipulator/dofbot_control': PYTHONPATH=/home/sunbi/Manipulator/build/dofbot_control/prefix_override:/usr/lib/python3/dist-packages/colcon_core/task/python/colcon_distutils_commands:/home/sunbi/Manipulator/install/dofbot_control/lib/python3.10/site-packages:${PYTHONPATH} /usr/bin/python3 -W ignore:setup.py install is deprecated -W ignore:easy_install command is deprecated setup.py egg_info --egg-base ../build/dofbot_control build --build-base /home/sunbi/Manipulator/build/dofbot_control/build install --record /home/sunbi/Manipulator/build/dofbot_control/install.log --single-version-externally-managed install_data
[1.141s] DEBUG:colcon.colcon_core.event_handler.log_command:Invoked command in '/home/sunbi/Manipulator/build/dofbot_moveit_config' returned '0': AMENT_PREFIX_PATH=/home/sunbi/Manipulator/install/dofbot_moveit:${AMENT_PREFIX_PATH} CMAKE_PREFIX_PATH=/opt/ros/humble:/home/sunbi/Manipulator/install/dofbot_moveit /usr/bin/cmake --build /home/sunbi/Manipulator/build/dofbot_moveit_config -- -j12 -l12
[1.143s] DEBUG:colcon.colcon_core.event_handler.log_command:Invoking command in '/home/sunbi/Manipulator/build/dofbot_moveit_config': AMENT_PREFIX_PATH=/home/sunbi/Manipulator/install/dofbot_moveit:${AMENT_PREFIX_PATH} CMAKE_PREFIX_PATH=/opt/ros/humble:/home/sunbi/Manipulator/install/dofbot_moveit /usr/bin/cmake --install /home/sunbi/Manipulator/build/dofbot_moveit_config
[1.160s] Level 1:colcon.colcon_core.environment:create_environment_scripts_only(dofbot_moveit_config)
[1.160s] DEBUG:colcon.colcon_core.event_handler.log_command:Invoked command in '/home/sunbi/Manipulator/build/dofbot_moveit_config' returned '0': AMENT_PREFIX_PATH=/home/sunbi/Manipulator/install/dofbot_moveit:${AMENT_PREFIX_PATH} CMAKE_PREFIX_PATH=/opt/ros/humble:/home/sunbi/Manipulator/install/dofbot_moveit /usr/bin/cmake --install /home/sunbi/Manipulator/build/dofbot_moveit_config
[1.160s] Level 1:colcon.colcon_core.environment:checking '/home/sunbi/Manipulator/install/dofbot_moveit_config' for CMake module files
[1.161s] Level 1:colcon.colcon_core.environment:checking '/home/sunbi/Manipulator/install/dofbot_moveit_config' for CMake config files
[1.161s] Level 1:colcon.colcon_core.shell:create_environment_hook('dofbot_moveit_config', 'cmake_prefix_path')
[1.161s] INFO:colcon.colcon_core.shell:Creating environment hook '/home/sunbi/Manipulator/install/dofbot_moveit_config/share/dofbot_moveit_config/hook/cmake_prefix_path.ps1'
[1.162s] INFO:colcon.colcon_core.shell:Creating environment descriptor '/home/sunbi/Manipulator/install/dofbot_moveit_config/share/dofbot_moveit_config/hook/cmake_prefix_path.dsv'
[1.162s] INFO:colcon.colcon_core.shell:Creating environment hook '/home/sunbi/Manipulator/install/dofbot_moveit_config/share/dofbot_moveit_config/hook/cmake_prefix_path.sh'
[1.162s] Level 1:colcon.colcon_core.environment:checking '/home/sunbi/Manipulator/install/dofbot_moveit_config/bin'
[1.162s] Level 1:colcon.colcon_core.environment:checking '/home/sunbi/Manipulator/install/dofbot_moveit_config/lib/pkgconfig/dofbot_moveit_config.pc'
[1.163s] Level 1:colcon.colcon_core.environment:checking '/home/sunbi/Manipulator/install/dofbot_moveit_config/lib/python3.10/site-packages'
[1.163s] Level 1:colcon.colcon_core.environment:checking '/home/sunbi/Manipulator/install/dofbot_moveit_config/bin'
[1.163s] INFO:colcon.colcon_core.shell:Creating package script '/home/sunbi/Manipulator/install/dofbot_moveit_config/share/dofbot_moveit_config/package.ps1'
[1.163s] INFO:colcon.colcon_core.shell:Creating package descriptor '/home/sunbi/Manipulator/install/dofbot_moveit_config/share/dofbot_moveit_config/package.dsv'
[1.164s] INFO:colcon.colcon_core.shell:Creating package script '/home/sunbi/Manipulator/install/dofbot_moveit_config/share/dofbot_moveit_config/package.sh'
[1.164s] INFO:colcon.colcon_core.shell:Creating package script '/home/sunbi/Manipulator/install/dofbot_moveit_config/share/dofbot_moveit_config/package.bash'
[1.165s] INFO:colcon.colcon_core.shell:Creating package script '/home/sunbi/Manipulator/install/dofbot_moveit_config/share/dofbot_moveit_config/package.zsh'
[1.165s] Level 1:colcon.colcon_core.environment:create_file_with_runtime_dependencies(/home/sunbi/Manipulator/install/dofbot_moveit_config/share/colcon-core/packages/dofbot_moveit_config)
[1.165s] Level 1:colcon.colcon_core.environment:create_environment_scripts_only(dofbot_moveit_config)
[1.165s] Level 1:colcon.colcon_core.environment:checking '/home/sunbi/Manipulator/install/dofbot_moveit_config' for CMake module files
[1.166s] Level 1:colcon.colcon_core.environment:checking '/home/sunbi/Manipulator/install/dofbot_moveit_config' for CMake config files
[1.166s] Level 1:colcon.colcon_core.shell:create_environment_hook('dofbot_moveit_config', 'cmake_prefix_path')
[1.166s] INFO:colcon.colcon_core.shell:Creating environment hook '/home/sunbi/Manipulator/install/dofbot_moveit_config/share/dofbot_moveit_config/hook/cmake_prefix_path.ps1'
[1.166s] INFO:colcon.colcon_core.shell:Creating environment descriptor '/home/sunbi/Manipulator/install/dofbot_moveit_config/share/dofbot_moveit_config/hook/cmake_prefix_path.dsv'
[1.167s] INFO:colcon.colcon_core.shell:Creating environment hook '/home/sunbi/Manipulator/install/dofbot_moveit_config/share/dofbot_moveit_config/hook/cmake_prefix_path.sh'
[1.167s] Level 1:colcon.colcon_core.environment:checking '/home/sunbi/Manipulator/install/dofbot_moveit_config/bin'
[1.167s] Level 1:colcon.colcon_core.environment:checking '/home/sunbi/Manipulator/install/dofbot_moveit_config/lib/pkgconfig/dofbot_moveit_config.pc'
[1.167s] Level 1:colcon.colcon_core.environment:checking '/home/sunbi/Manipulator/install/dofbot_moveit_config/lib/python3.10/site-packages'
[1.168s] Level 1:colcon.colcon_core.environment:checking '/home/sunbi/Manipulator/install/dofbot_moveit_config/bin'
[1.168s] INFO:colcon.colcon_core.shell:Creating package script '/home/sunbi/Manipulator/install/dofbot_moveit_config/share/dofbot_moveit_config/package.ps1'
[1.168s] INFO:colcon.colcon_core.shell:Creating package descriptor '/home/sunbi/Manipulator/install/dofbot_moveit_config/share/dofbot_moveit_config/package.dsv'
[1.169s] INFO:colcon.colcon_core.shell:Creating package script '/home/sunbi/Manipulator/install/dofbot_moveit_config/share/dofbot_moveit_config/package.sh'
[1.169s] INFO:colcon.colcon_core.shell:Creating package script '/home/sunbi/Manipulator/install/dofbot_moveit_config/share/dofbot_moveit_config/package.bash'
[1.169s] INFO:colcon.colcon_core.shell:Creating package script '/home/sunbi/Manipulator/install/dofbot_moveit_config/share/dofbot_moveit_config/package.zsh'
[1.170s] Level 1:colcon.colcon_core.environment:create_file_with_runtime_dependencies(/home/sunbi/Manipulator/install/dofbot_moveit_config/share/colcon-core/packages/dofbot_moveit_config)
[1.221s] Level 1:colcon.colcon_core.environment:checking '/home/sunbi/Manipulator/install/dofbot_control' for CMake module files
[1.221s] DEBUG:colcon.colcon_core.event_handler.log_command:Invoked command in '/home/sunbi/Manipulator/dofbot_control' returned '0': PYTHONPATH=/home/sunbi/Manipulator/build/dofbot_control/prefix_override:/usr/lib/python3/dist-packages/colcon_core/task/python/colcon_distutils_commands:/home/sunbi/Manipulator/install/dofbot_control/lib/python3.10/site-packages:${PYTHONPATH} /usr/bin/python3 -W ignore:setup.py install is deprecated -W ignore:easy_install command is deprecated setup.py egg_info --egg-base ../build/dofbot_control build --build-base /home/sunbi/Manipulator/build/dofbot_control/build install --record /home/sunbi/Manipulator/build/dofbot_control/install.log --single-version-externally-managed install_data
[1.222s] Level 1:colcon.colcon_core.environment:checking '/home/sunbi/Manipulator/install/dofbot_control' for CMake config files
[1.222s] Level 1:colcon.colcon_core.environment:checking '/home/sunbi/Manipulator/install/dofbot_control/lib'
[1.222s] Level 1:colcon.colcon_core.environment:checking '/home/sunbi/Manipulator/install/dofbot_control/bin'
[1.222s] Level 1:colcon.colcon_core.environment:checking '/home/sunbi/Manipulator/install/dofbot_control/lib/pkgconfig/dofbot_control.pc'
[1.223s] Level 1:colcon.colcon_core.environment:checking '/home/sunbi/Manipulator/install/dofbot_control/lib/python3.10/site-packages'
[1.223s] Level 1:colcon.colcon_core.shell:create_environment_hook('dofbot_control', 'pythonpath')
[1.223s] INFO:colcon.colcon_core.shell:Creating environment hook '/home/sunbi/Manipulator/install/dofbot_control/share/dofbot_control/hook/pythonpath.ps1'
[1.223s] INFO:colcon.colcon_core.shell:Creating environment descriptor '/home/sunbi/Manipulator/install/dofbot_control/share/dofbot_control/hook/pythonpath.dsv'
[1.223s] INFO:colcon.colcon_core.shell:Creating environment hook '/home/sunbi/Manipulator/install/dofbot_control/share/dofbot_control/hook/pythonpath.sh'
[1.224s] Level 1:colcon.colcon_core.environment:checking '/home/sunbi/Manipulator/install/dofbot_control/bin'
[1.224s] Level 1:colcon.colcon_core.environment:create_environment_scripts_only(dofbot_control)
[1.224s] INFO:colcon.colcon_core.shell:Creating package script '/home/sunbi/Manipulator/install/dofbot_control/share/dofbot_control/package.ps1'
[1.225s] INFO:colcon.colcon_core.shell:Creating package descriptor '/home/sunbi/Manipulator/install/dofbot_control/share/dofbot_control/package.dsv'
[1.225s] INFO:colcon.colcon_core.shell:Creating package script '/home/sunbi/Manipulator/install/dofbot_control/share/dofbot_control/package.sh'
[1.225s] INFO:colcon.colcon_core.shell:Creating package script '/home/sunbi/Manipulator/install/dofbot_control/share/dofbot_control/package.bash'
[1.225s] INFO:colcon.colcon_core.shell:Creating package script '/home/sunbi/Manipulator/install/dofbot_control/share/dofbot_control/package.zsh'
[1.226s] Level 1:colcon.colcon_core.environment:create_file_with_runtime_dependencies(/home/sunbi/Manipulator/install/dofbot_control/share/colcon-core/packages/dofbot_control)
[1.226s] DEBUG:colcon.colcon_parallel_executor.executor.parallel:closing loop
[1.227s] DEBUG:colcon.colcon_parallel_executor.executor.parallel:loop closed
[1.227s] DEBUG:colcon.colcon_parallel_executor.executor.parallel:run_until_complete finished with '0'
[1.227s] DEBUG:colcon.colcon_core.event_reactor:joining thread
[1.260s] INFO:colcon.colcon_core.plugin_system:Skipping extension 'colcon_notification.desktop_notification.notify_send': Could not find 'notify-send'
[1.260s] INFO:colcon.colcon_core.plugin_system:Skipping extension 'colcon_notification.desktop_notification.terminal_notifier': Not used on non-Darwin systems
[1.260s] INFO:colcon.colcon_core.plugin_system:Skipping extension 'colcon_notification.desktop_notification.win32': Not used on non-Windows systems
[1.260s] INFO:colcon.colcon_notification.desktop_notification:Sending desktop notification using 'notify2'
[1.260s] DEBUG:colcon.colcon_notification.desktop_notification.notify2:Failed to initialize notify2: org.freedesktop.DBus.Error.FileNotFound: Failed to connect to socket /run/user/1000/bus: No such file or directory
[1.260s] DEBUG:colcon.colcon_core.event_reactor:joined thread
[1.261s] INFO:colcon.colcon_core.shell:Creating prefix script '/home/sunbi/Manipulator/install/local_setup.ps1'
[1.262s] INFO:colcon.colcon_core.shell:Creating prefix util module '/home/sunbi/Manipulator/install/_local_setup_util_ps1.py'
[1.263s] INFO:colcon.colcon_core.shell:Creating prefix chain script '/home/sunbi/Manipulator/install/setup.ps1'
[1.264s] INFO:colcon.colcon_core.shell:Creating prefix script '/home/sunbi/Manipulator/install/local_setup.sh'
[1.264s] INFO:colcon.colcon_core.shell:Creating prefix util module '/home/sunbi/Manipulator/install/_local_setup_util_sh.py'
[1.264s] INFO:colcon.colcon_core.shell:Creating prefix chain script '/home/sunbi/Manipulator/install/setup.sh'
[1.265s] INFO:colcon.colcon_core.shell:Creating prefix script '/home/sunbi/Manipulator/install/local_setup.bash'
[1.266s] INFO:colcon.colcon_core.shell:Creating prefix chain script '/home/sunbi/Manipulator/install/setup.bash'
[1.266s] INFO:colcon.colcon_core.shell:Creating prefix script '/home/sunbi/Manipulator/install/local_setup.zsh'
[1.267s] INFO:colcon.colcon_core.shell:Creating prefix chain script '/home/sunbi/Manipulator/install/setup.zsh'
