[0.167s] DEBUG:colcon:Command line arguments: ['/usr/bin/colcon', 'build']
[0.167s] DEBUG:colcon:Parsed command line arguments: Namespace(log_base=None, log_level=None, verb_name='build', build_base='build', install_base='install', merge_install=False, symlink_install=False, test_result_base=None, continue_on_error=False, executor='parallel', parallel_workers=12, event_handlers=None, ignore_user_meta=False, metas=['./colcon.meta'], base_paths=['.'], packages_ignore=None, packages_ignore_regex=None, paths=None, packages_up_to=None, packages_up_to_regex=None, packages_above=None, packages_above_and_dependencies=None, packages_above_depth=None, packages_select_by_dep=None, packages_skip_by_dep=None, packages_skip_up_to=None, packages_select_build_failed=False, packages_skip_build_finished=False, packages_select_test_failures=False, packages_skip_test_passed=False, packages_select=None, packages_skip=None, packages_select_regex=None, packages_skip_regex=None, packages_start=None, packages_end=None, allow_overriding=[], cmake_args=None, cmake_target=None, cmake_target_skip_unavailable=False, cmake_clean_cache=False, cmake_clean_first=False, cmake_force_configure=False, ament_cmake_args=None, catkin_cmake_args=None, catkin_skip_building_tests=False, verb_parser=<colcon_defaults.argument_parser.defaults.DefaultArgumentsDecorator object at 0x70c4e9a9f700>, verb_extension=<colcon_core.verb.build.BuildVerb object at 0x70c4e9c64a30>, main=<bound method BuildVerb.main of <colcon_core.verb.build.BuildVerb object at 0x70c4e9c64a30>>)
[0.330s] Level 1:colcon.colcon_core.package_discovery:discover_packages(colcon_meta) check parameters
[0.330s] Level 1:colcon.colcon_core.package_discovery:discover_packages(recursive) check parameters
[0.330s] Level 1:colcon.colcon_core.package_discovery:discover_packages(ignore) check parameters
[0.330s] Level 1:colcon.colcon_core.package_discovery:discover_packages(path) check parameters
[0.330s] Level 1:colcon.colcon_core.package_discovery:discover_packages(colcon_meta) discover
[0.330s] Level 1:colcon.colcon_core.package_discovery:discover_packages(recursive) discover
[0.330s] INFO:colcon.colcon_core.package_discovery:Crawling recursively for packages in '/home/sunbi/Manipulator'
[0.330s] Level 1:colcon.colcon_core.package_identification:_identify(.) by extensions ['ignore', 'ignore_ament_install']
[0.330s] Level 1:colcon.colcon_core.package_identification:_identify(.) by extension 'ignore'
[0.330s] Level 1:colcon.colcon_core.package_identification:_identify(.) by extension 'ignore_ament_install'
[0.330s] Level 1:colcon.colcon_core.package_identification:_identify(.) by extensions ['colcon_pkg']
[0.330s] Level 1:colcon.colcon_core.package_identification:_identify(.) by extension 'colcon_pkg'
[0.330s] Level 1:colcon.colcon_core.package_identification:_identify(.) by extensions ['colcon_meta']
[0.330s] Level 1:colcon.colcon_core.package_identification:_identify(.) by extension 'colcon_meta'
[0.330s] Level 1:colcon.colcon_core.package_identification:_identify(.) by extensions ['ros']
[0.330s] Level 1:colcon.colcon_core.package_identification:_identify(.) by extension 'ros'
[0.347s] Level 1:colcon.colcon_core.package_identification:_identify(.) by extensions ['cmake', 'python']
[0.347s] Level 1:colcon.colcon_core.package_identification:_identify(.) by extension 'cmake'
[0.347s] Level 1:colcon.colcon_core.package_identification:_identify(.) by extension 'python'
[0.347s] Level 1:colcon.colcon_core.package_identification:_identify(.) by extensions ['python_setup_py']
[0.347s] Level 1:colcon.colcon_core.package_identification:_identify(.) by extension 'python_setup_py'
[0.347s] Level 1:colcon.colcon_core.package_identification:_identify(Meshs) by extensions ['ignore', 'ignore_ament_install']
[0.348s] Level 1:colcon.colcon_core.package_identification:_identify(Meshs) by extension 'ignore'
[0.348s] Level 1:colcon.colcon_core.package_identification:_identify(Meshs) by extension 'ignore_ament_install'
[0.348s] Level 1:colcon.colcon_core.package_identification:_identify(Meshs) by extensions ['colcon_pkg']
[0.348s] Level 1:colcon.colcon_core.package_identification:_identify(Meshs) by extension 'colcon_pkg'
[0.348s] Level 1:colcon.colcon_core.package_identification:_identify(Meshs) by extensions ['colcon_meta']
[0.348s] Level 1:colcon.colcon_core.package_identification:_identify(Meshs) by extension 'colcon_meta'
[0.348s] Level 1:colcon.colcon_core.package_identification:_identify(Meshs) by extensions ['ros']
[0.348s] Level 1:colcon.colcon_core.package_identification:_identify(Meshs) by extension 'ros'
[0.348s] Level 1:colcon.colcon_core.package_identification:_identify(Meshs) by extensions ['cmake', 'python']
[0.348s] Level 1:colcon.colcon_core.package_identification:_identify(Meshs) by extension 'cmake'
[0.348s] Level 1:colcon.colcon_core.package_identification:_identify(Meshs) by extension 'python'
[0.348s] Level 1:colcon.colcon_core.package_identification:_identify(Meshs) by extensions ['python_setup_py']
[0.348s] Level 1:colcon.colcon_core.package_identification:_identify(Meshs) by extension 'python_setup_py'
[0.348s] Level 1:colcon.colcon_core.package_identification:_identify(URDF) by extensions ['ignore', 'ignore_ament_install']
[0.348s] Level 1:colcon.colcon_core.package_identification:_identify(URDF) by extension 'ignore'
[0.348s] Level 1:colcon.colcon_core.package_identification:_identify(URDF) by extension 'ignore_ament_install'
[0.349s] Level 1:colcon.colcon_core.package_identification:_identify(URDF) by extensions ['colcon_pkg']
[0.349s] Level 1:colcon.colcon_core.package_identification:_identify(URDF) by extension 'colcon_pkg'
[0.349s] Level 1:colcon.colcon_core.package_identification:_identify(URDF) by extensions ['colcon_meta']
[0.349s] Level 1:colcon.colcon_core.package_identification:_identify(URDF) by extension 'colcon_meta'
[0.349s] Level 1:colcon.colcon_core.package_identification:_identify(URDF) by extensions ['ros']
[0.349s] Level 1:colcon.colcon_core.package_identification:_identify(URDF) by extension 'ros'
[0.349s] Level 1:colcon.colcon_core.package_identification:_identify(URDF) by extensions ['cmake', 'python']
[0.349s] Level 1:colcon.colcon_core.package_identification:_identify(URDF) by extension 'cmake'
[0.349s] Level 1:colcon.colcon_core.package_identification:_identify(URDF) by extension 'python'
[0.349s] Level 1:colcon.colcon_core.package_identification:_identify(URDF) by extensions ['python_setup_py']
[0.349s] Level 1:colcon.colcon_core.package_identification:_identify(URDF) by extension 'python_setup_py'
[0.349s] Level 1:colcon.colcon_core.package_identification:_identify(build) by extensions ['ignore', 'ignore_ament_install']
[0.349s] Level 1:colcon.colcon_core.package_identification:_identify(build) by extension 'ignore'
[0.349s] Level 1:colcon.colcon_core.package_identification:_identify(build) ignored
[0.349s] Level 1:colcon.colcon_core.package_identification:_identify(dofbot_control) by extensions ['ignore', 'ignore_ament_install']
[0.349s] Level 1:colcon.colcon_core.package_identification:_identify(dofbot_control) by extension 'ignore'
[0.349s] Level 1:colcon.colcon_core.package_identification:_identify(dofbot_control) by extension 'ignore_ament_install'
[0.349s] Level 1:colcon.colcon_core.package_identification:_identify(dofbot_control) by extensions ['colcon_pkg']
[0.349s] Level 1:colcon.colcon_core.package_identification:_identify(dofbot_control) by extension 'colcon_pkg'
[0.349s] Level 1:colcon.colcon_core.package_identification:_identify(dofbot_control) by extensions ['colcon_meta']
[0.349s] Level 1:colcon.colcon_core.package_identification:_identify(dofbot_control) by extension 'colcon_meta'
[0.349s] Level 1:colcon.colcon_core.package_identification:_identify(dofbot_control) by extensions ['ros']
[0.350s] Level 1:colcon.colcon_core.package_identification:_identify(dofbot_control) by extension 'ros'
[0.353s] DEBUG:colcon.colcon_core.package_identification:Package 'dofbot_control' with type 'ros.ament_python' and name 'dofbot_control'
[0.353s] Level 1:colcon.colcon_core.package_identification:_identify(dofbot_moveit) by extensions ['ignore', 'ignore_ament_install']
[0.353s] Level 1:colcon.colcon_core.package_identification:_identify(dofbot_moveit) by extension 'ignore'
[0.353s] Level 1:colcon.colcon_core.package_identification:_identify(dofbot_moveit) by extension 'ignore_ament_install'
[0.353s] Level 1:colcon.colcon_core.package_identification:_identify(dofbot_moveit) by extensions ['colcon_pkg']
[0.353s] Level 1:colcon.colcon_core.package_identification:_identify(dofbot_moveit) by extension 'colcon_pkg'
[0.353s] Level 1:colcon.colcon_core.package_identification:_identify(dofbot_moveit) by extensions ['colcon_meta']
[0.353s] Level 1:colcon.colcon_core.package_identification:_identify(dofbot_moveit) by extension 'colcon_meta'
[0.353s] Level 1:colcon.colcon_core.package_identification:_identify(dofbot_moveit) by extensions ['ros']
[0.353s] Level 1:colcon.colcon_core.package_identification:_identify(dofbot_moveit) by extension 'ros'
[0.354s] DEBUG:colcon.colcon_core.package_identification:Package 'dofbot_moveit' with type 'ros.ament_cmake' and name 'dofbot_moveit'
[0.354s] Level 1:colcon.colcon_core.package_identification:_identify(install) by extensions ['ignore', 'ignore_ament_install']
[0.354s] Level 1:colcon.colcon_core.package_identification:_identify(install) by extension 'ignore'
[0.354s] Level 1:colcon.colcon_core.package_identification:_identify(install) ignored
[0.354s] Level 1:colcon.colcon_core.package_identification:_identify(log) by extensions ['ignore', 'ignore_ament_install']
[0.354s] Level 1:colcon.colcon_core.package_identification:_identify(log) by extension 'ignore'
[0.354s] Level 1:colcon.colcon_core.package_identification:_identify(log) ignored
[0.355s] Level 1:colcon.colcon_core.package_discovery:discover_packages(recursive) using defaults
[0.355s] Level 1:colcon.colcon_core.package_discovery:discover_packages(ignore) discover
[0.355s] Level 1:colcon.colcon_core.package_discovery:discover_packages(ignore) using defaults
[0.355s] Level 1:colcon.colcon_core.package_discovery:discover_packages(path) discover
[0.355s] Level 1:colcon.colcon_core.package_discovery:discover_packages(path) using defaults
[0.374s] Level 1:colcon.colcon_core.package_discovery:discover_packages(prefix_path) check parameters
[0.374s] Level 1:colcon.colcon_core.package_discovery:discover_packages(prefix_path) discover
[0.377s] DEBUG:colcon.colcon_installed_package_information.package_discovery:Found 2 installed packages in /home/sunbi/Manipulator/install
[0.378s] DEBUG:colcon.colcon_installed_package_information.package_discovery:Found 357 installed packages in /opt/ros/humble
[0.389s] Level 1:colcon.colcon_core.package_discovery:discover_packages(prefix_path) using defaults
[0.439s] Level 5:colcon.colcon_core.verb:set package 'dofbot_control' build argument 'cmake_args' from command line to 'None'
[0.439s] Level 5:colcon.colcon_core.verb:set package 'dofbot_control' build argument 'cmake_target' from command line to 'None'
[0.439s] Level 5:colcon.colcon_core.verb:set package 'dofbot_control' build argument 'cmake_target_skip_unavailable' from command line to 'False'
[0.439s] Level 5:colcon.colcon_core.verb:set package 'dofbot_control' build argument 'cmake_clean_cache' from command line to 'False'
[0.439s] Level 5:colcon.colcon_core.verb:set package 'dofbot_control' build argument 'cmake_clean_first' from command line to 'False'
[0.439s] Level 5:colcon.colcon_core.verb:set package 'dofbot_control' build argument 'cmake_force_configure' from command line to 'False'
[0.439s] Level 5:colcon.colcon_core.verb:set package 'dofbot_control' build argument 'ament_cmake_args' from command line to 'None'
[0.439s] Level 5:colcon.colcon_core.verb:set package 'dofbot_control' build argument 'catkin_cmake_args' from command line to 'None'
[0.439s] Level 5:colcon.colcon_core.verb:set package 'dofbot_control' build argument 'catkin_skip_building_tests' from command line to 'False'
[0.439s] DEBUG:colcon.colcon_core.verb:Building package 'dofbot_control' with the following arguments: {'ament_cmake_args': None, 'build_base': '/home/sunbi/Manipulator/build/dofbot_control', 'catkin_cmake_args': None, 'catkin_skip_building_tests': False, 'cmake_args': None, 'cmake_clean_cache': False, 'cmake_clean_first': False, 'cmake_force_configure': False, 'cmake_target': None, 'cmake_target_skip_unavailable': False, 'install_base': '/home/sunbi/Manipulator/install/dofbot_control', 'merge_install': False, 'path': '/home/sunbi/Manipulator/dofbot_control', 'symlink_install': False, 'test_result_base': None}
[0.440s] Level 5:colcon.colcon_core.verb:set package 'dofbot_moveit' build argument 'cmake_args' from command line to 'None'
[0.440s] Level 5:colcon.colcon_core.verb:set package 'dofbot_moveit' build argument 'cmake_target' from command line to 'None'
[0.440s] Level 5:colcon.colcon_core.verb:set package 'dofbot_moveit' build argument 'cmake_target_skip_unavailable' from command line to 'False'
[0.440s] Level 5:colcon.colcon_core.verb:set package 'dofbot_moveit' build argument 'cmake_clean_cache' from command line to 'False'
[0.440s] Level 5:colcon.colcon_core.verb:set package 'dofbot_moveit' build argument 'cmake_clean_first' from command line to 'False'
[0.440s] Level 5:colcon.colcon_core.verb:set package 'dofbot_moveit' build argument 'cmake_force_configure' from command line to 'False'
[0.440s] Level 5:colcon.colcon_core.verb:set package 'dofbot_moveit' build argument 'ament_cmake_args' from command line to 'None'
[0.440s] Level 5:colcon.colcon_core.verb:set package 'dofbot_moveit' build argument 'catkin_cmake_args' from command line to 'None'
[0.440s] Level 5:colcon.colcon_core.verb:set package 'dofbot_moveit' build argument 'catkin_skip_building_tests' from command line to 'False'
[0.440s] DEBUG:colcon.colcon_core.verb:Building package 'dofbot_moveit' with the following arguments: {'ament_cmake_args': None, 'build_base': '/home/sunbi/Manipulator/build/dofbot_moveit', 'catkin_cmake_args': None, 'catkin_skip_building_tests': False, 'cmake_args': None, 'cmake_clean_cache': False, 'cmake_clean_first': False, 'cmake_force_configure': False, 'cmake_target': None, 'cmake_target_skip_unavailable': False, 'install_base': '/home/sunbi/Manipulator/install/dofbot_moveit', 'merge_install': False, 'path': '/home/sunbi/Manipulator/dofbot_moveit', 'symlink_install': False, 'test_result_base': None}
[0.440s] INFO:colcon.colcon_core.executor:Executing jobs using 'parallel' executor
[0.441s] DEBUG:colcon.colcon_parallel_executor.executor.parallel:run_until_complete
[0.441s] INFO:colcon.colcon_ros.task.ament_python.build:Building ROS package in '/home/sunbi/Manipulator/dofbot_control' with build type 'ament_python'
[0.442s] Level 1:colcon.colcon_core.shell:create_environment_hook('dofbot_control', 'ament_prefix_path')
[0.444s] INFO:colcon.colcon_core.plugin_system:Skipping extension 'colcon_core.shell.bat': Not used on non-Windows systems
[0.445s] INFO:colcon.colcon_core.shell:Creating environment hook '/home/sunbi/Manipulator/install/dofbot_control/share/dofbot_control/hook/ament_prefix_path.ps1'
[0.445s] INFO:colcon.colcon_core.shell:Creating environment descriptor '/home/sunbi/Manipulator/install/dofbot_control/share/dofbot_control/hook/ament_prefix_path.dsv'
[0.446s] INFO:colcon.colcon_core.shell:Creating environment hook '/home/sunbi/Manipulator/install/dofbot_control/share/dofbot_control/hook/ament_prefix_path.sh'
[0.447s] INFO:colcon.colcon_core.shell:Skip shell extension 'powershell' for command environment: Not usable outside of PowerShell
[0.447s] DEBUG:colcon.colcon_core.shell:Skip shell extension 'dsv' for command environment
[0.450s] INFO:colcon.colcon_ros.task.ament_cmake.build:Building ROS package in '/home/sunbi/Manipulator/dofbot_moveit' with build type 'ament_cmake'
[0.450s] INFO:colcon.colcon_cmake.task.cmake.build:Building CMake package in '/home/sunbi/Manipulator/dofbot_moveit'
[0.451s] INFO:colcon.colcon_core.shell:Skip shell extension 'powershell' for command environment: Not usable outside of PowerShell
[0.451s] DEBUG:colcon.colcon_core.shell:Skip shell extension 'dsv' for command environment
[0.646s] INFO:colcon.colcon_core.task.python.build:Building Python package in '/home/sunbi/Manipulator/dofbot_control'
[0.646s] INFO:colcon.colcon_core.shell:Skip shell extension 'powershell' for command environment: Not usable outside of PowerShell
[0.646s] DEBUG:colcon.colcon_core.shell:Skip shell extension 'dsv' for command environment
[0.656s] DEBUG:colcon.colcon_core.event_handler.log_command:Invoking command in '/home/sunbi/Manipulator/build/dofbot_moveit': CMAKE_PREFIX_PATH=/home/sunbi/Manipulator/install/dofbot_control:/opt/ros/humble:${CMAKE_PREFIX_PATH} /usr/bin/cmake --build /home/sunbi/Manipulator/build/dofbot_moveit -- -j12 -l12
[0.794s] DEBUG:colcon.colcon_core.event_handler.log_command:Invoked command in '/home/sunbi/Manipulator/build/dofbot_moveit' returned '0': CMAKE_PREFIX_PATH=/home/sunbi/Manipulator/install/dofbot_control:/opt/ros/humble:${CMAKE_PREFIX_PATH} /usr/bin/cmake --build /home/sunbi/Manipulator/build/dofbot_moveit -- -j12 -l12
[0.805s] DEBUG:colcon.colcon_core.event_handler.log_command:Invoking command in '/home/sunbi/Manipulator/build/dofbot_moveit': CMAKE_PREFIX_PATH=/home/sunbi/Manipulator/install/dofbot_control:/opt/ros/humble:${CMAKE_PREFIX_PATH} /usr/bin/cmake --install /home/sunbi/Manipulator/build/dofbot_moveit
[0.823s] Level 1:colcon.colcon_core.environment:create_environment_scripts_only(dofbot_moveit)
[0.823s] DEBUG:colcon.colcon_core.event_handler.log_command:Invoked command in '/home/sunbi/Manipulator/build/dofbot_moveit' returned '0': CMAKE_PREFIX_PATH=/home/sunbi/Manipulator/install/dofbot_control:/opt/ros/humble:${CMAKE_PREFIX_PATH} /usr/bin/cmake --install /home/sunbi/Manipulator/build/dofbot_moveit
[0.826s] Level 1:colcon.colcon_core.environment:checking '/home/sunbi/Manipulator/install/dofbot_moveit' for CMake module files
[0.826s] Level 1:colcon.colcon_core.environment:checking '/home/sunbi/Manipulator/install/dofbot_moveit' for CMake config files
[0.827s] Level 1:colcon.colcon_core.shell:create_environment_hook('dofbot_moveit', 'cmake_prefix_path')
[0.827s] INFO:colcon.colcon_core.shell:Creating environment hook '/home/sunbi/Manipulator/install/dofbot_moveit/share/dofbot_moveit/hook/cmake_prefix_path.ps1'
[0.828s] INFO:colcon.colcon_core.shell:Creating environment descriptor '/home/sunbi/Manipulator/install/dofbot_moveit/share/dofbot_moveit/hook/cmake_prefix_path.dsv'
[0.828s] INFO:colcon.colcon_core.shell:Creating environment hook '/home/sunbi/Manipulator/install/dofbot_moveit/share/dofbot_moveit/hook/cmake_prefix_path.sh'
[0.829s] Level 1:colcon.colcon_core.environment:checking '/home/sunbi/Manipulator/install/dofbot_moveit/lib'
[0.829s] Level 1:colcon.colcon_core.environment:checking '/home/sunbi/Manipulator/install/dofbot_moveit/bin'
[0.829s] Level 1:colcon.colcon_core.environment:checking '/home/sunbi/Manipulator/install/dofbot_moveit/lib/pkgconfig/dofbot_moveit.pc'
[0.829s] Level 1:colcon.colcon_core.environment:checking '/home/sunbi/Manipulator/install/dofbot_moveit/lib/python3.10/site-packages'
[0.829s] Level 1:colcon.colcon_core.environment:checking '/home/sunbi/Manipulator/install/dofbot_moveit/bin'
[0.830s] INFO:colcon.colcon_core.shell:Creating package script '/home/sunbi/Manipulator/install/dofbot_moveit/share/dofbot_moveit/package.ps1'
[0.830s] INFO:colcon.colcon_core.shell:Creating package descriptor '/home/sunbi/Manipulator/install/dofbot_moveit/share/dofbot_moveit/package.dsv'
[0.831s] INFO:colcon.colcon_core.shell:Creating package script '/home/sunbi/Manipulator/install/dofbot_moveit/share/dofbot_moveit/package.sh'
[0.831s] INFO:colcon.colcon_core.shell:Creating package script '/home/sunbi/Manipulator/install/dofbot_moveit/share/dofbot_moveit/package.bash'
[0.832s] INFO:colcon.colcon_core.shell:Creating package script '/home/sunbi/Manipulator/install/dofbot_moveit/share/dofbot_moveit/package.zsh'
[0.833s] Level 1:colcon.colcon_core.environment:create_file_with_runtime_dependencies(/home/sunbi/Manipulator/install/dofbot_moveit/share/colcon-core/packages/dofbot_moveit)
[0.833s] Level 1:colcon.colcon_core.environment:create_environment_scripts_only(dofbot_moveit)
[0.834s] Level 1:colcon.colcon_core.environment:checking '/home/sunbi/Manipulator/install/dofbot_moveit' for CMake module files
[0.834s] Level 1:colcon.colcon_core.environment:checking '/home/sunbi/Manipulator/install/dofbot_moveit' for CMake config files
[0.834s] Level 1:colcon.colcon_core.shell:create_environment_hook('dofbot_moveit', 'cmake_prefix_path')
[0.834s] INFO:colcon.colcon_core.shell:Creating environment hook '/home/sunbi/Manipulator/install/dofbot_moveit/share/dofbot_moveit/hook/cmake_prefix_path.ps1'
[0.835s] INFO:colcon.colcon_core.shell:Creating environment descriptor '/home/sunbi/Manipulator/install/dofbot_moveit/share/dofbot_moveit/hook/cmake_prefix_path.dsv'
[0.835s] INFO:colcon.colcon_core.shell:Creating environment hook '/home/sunbi/Manipulator/install/dofbot_moveit/share/dofbot_moveit/hook/cmake_prefix_path.sh'
[0.835s] Level 1:colcon.colcon_core.environment:checking '/home/sunbi/Manipulator/install/dofbot_moveit/lib'
[0.836s] Level 1:colcon.colcon_core.environment:checking '/home/sunbi/Manipulator/install/dofbot_moveit/bin'
[0.836s] Level 1:colcon.colcon_core.environment:checking '/home/sunbi/Manipulator/install/dofbot_moveit/lib/pkgconfig/dofbot_moveit.pc'
[0.836s] Level 1:colcon.colcon_core.environment:checking '/home/sunbi/Manipulator/install/dofbot_moveit/lib/python3.10/site-packages'
[0.836s] Level 1:colcon.colcon_core.environment:checking '/home/sunbi/Manipulator/install/dofbot_moveit/bin'
[0.836s] INFO:colcon.colcon_core.shell:Creating package script '/home/sunbi/Manipulator/install/dofbot_moveit/share/dofbot_moveit/package.ps1'
[0.837s] INFO:colcon.colcon_core.shell:Creating package descriptor '/home/sunbi/Manipulator/install/dofbot_moveit/share/dofbot_moveit/package.dsv'
[0.837s] INFO:colcon.colcon_core.shell:Creating package script '/home/sunbi/Manipulator/install/dofbot_moveit/share/dofbot_moveit/package.sh'
[0.838s] INFO:colcon.colcon_core.shell:Creating package script '/home/sunbi/Manipulator/install/dofbot_moveit/share/dofbot_moveit/package.bash'
[0.838s] INFO:colcon.colcon_core.shell:Creating package script '/home/sunbi/Manipulator/install/dofbot_moveit/share/dofbot_moveit/package.zsh'
[0.838s] Level 1:colcon.colcon_core.environment:create_file_with_runtime_dependencies(/home/sunbi/Manipulator/install/dofbot_moveit/share/colcon-core/packages/dofbot_moveit)
[0.972s] DEBUG:colcon.colcon_core.event_handler.log_command:Invoking command in '/home/sunbi/Manipulator/dofbot_control': PYTHONPATH=/home/sunbi/Manipulator/build/dofbot_control/prefix_override:/usr/lib/python3/dist-packages/colcon_core/task/python/colcon_distutils_commands:/home/sunbi/Manipulator/install/dofbot_control/lib/python3.10/site-packages:${PYTHONPATH} /usr/bin/python3 -W ignore:setup.py install is deprecated -W ignore:easy_install command is deprecated setup.py egg_info --egg-base ../build/dofbot_control build --build-base /home/sunbi/Manipulator/build/dofbot_control/build install --record /home/sunbi/Manipulator/build/dofbot_control/install.log --single-version-externally-managed install_data
[1.184s] Level 1:colcon.colcon_core.environment:checking '/home/sunbi/Manipulator/install/dofbot_control' for CMake module files
[1.185s] DEBUG:colcon.colcon_core.event_handler.log_command:Invoked command in '/home/sunbi/Manipulator/dofbot_control' returned '0': PYTHONPATH=/home/sunbi/Manipulator/build/dofbot_control/prefix_override:/usr/lib/python3/dist-packages/colcon_core/task/python/colcon_distutils_commands:/home/sunbi/Manipulator/install/dofbot_control/lib/python3.10/site-packages:${PYTHONPATH} /usr/bin/python3 -W ignore:setup.py install is deprecated -W ignore:easy_install command is deprecated setup.py egg_info --egg-base ../build/dofbot_control build --build-base /home/sunbi/Manipulator/build/dofbot_control/build install --record /home/sunbi/Manipulator/build/dofbot_control/install.log --single-version-externally-managed install_data
[1.185s] Level 1:colcon.colcon_core.environment:checking '/home/sunbi/Manipulator/install/dofbot_control' for CMake config files
[1.186s] Level 1:colcon.colcon_core.environment:checking '/home/sunbi/Manipulator/install/dofbot_control/lib'
[1.186s] Level 1:colcon.colcon_core.environment:checking '/home/sunbi/Manipulator/install/dofbot_control/bin'
[1.186s] Level 1:colcon.colcon_core.environment:checking '/home/sunbi/Manipulator/install/dofbot_control/lib/pkgconfig/dofbot_control.pc'
[1.186s] Level 1:colcon.colcon_core.environment:checking '/home/sunbi/Manipulator/install/dofbot_control/lib/python3.10/site-packages'
[1.187s] Level 1:colcon.colcon_core.shell:create_environment_hook('dofbot_control', 'pythonpath')
[1.187s] INFO:colcon.colcon_core.shell:Creating environment hook '/home/sunbi/Manipulator/install/dofbot_control/share/dofbot_control/hook/pythonpath.ps1'
[1.187s] INFO:colcon.colcon_core.shell:Creating environment descriptor '/home/sunbi/Manipulator/install/dofbot_control/share/dofbot_control/hook/pythonpath.dsv'
[1.188s] INFO:colcon.colcon_core.shell:Creating environment hook '/home/sunbi/Manipulator/install/dofbot_control/share/dofbot_control/hook/pythonpath.sh'
[1.188s] Level 1:colcon.colcon_core.environment:checking '/home/sunbi/Manipulator/install/dofbot_control/bin'
[1.188s] Level 1:colcon.colcon_core.environment:create_environment_scripts_only(dofbot_control)
[1.188s] INFO:colcon.colcon_core.shell:Creating package script '/home/sunbi/Manipulator/install/dofbot_control/share/dofbot_control/package.ps1'
[1.189s] INFO:colcon.colcon_core.shell:Creating package descriptor '/home/sunbi/Manipulator/install/dofbot_control/share/dofbot_control/package.dsv'
[1.189s] INFO:colcon.colcon_core.shell:Creating package script '/home/sunbi/Manipulator/install/dofbot_control/share/dofbot_control/package.sh'
[1.190s] INFO:colcon.colcon_core.shell:Creating package script '/home/sunbi/Manipulator/install/dofbot_control/share/dofbot_control/package.bash'
[1.190s] INFO:colcon.colcon_core.shell:Creating package script '/home/sunbi/Manipulator/install/dofbot_control/share/dofbot_control/package.zsh'
[1.190s] Level 1:colcon.colcon_core.environment:create_file_with_runtime_dependencies(/home/sunbi/Manipulator/install/dofbot_control/share/colcon-core/packages/dofbot_control)
[1.191s] DEBUG:colcon.colcon_parallel_executor.executor.parallel:closing loop
[1.191s] DEBUG:colcon.colcon_parallel_executor.executor.parallel:loop closed
[1.192s] DEBUG:colcon.colcon_parallel_executor.executor.parallel:run_until_complete finished with '0'
[1.192s] DEBUG:colcon.colcon_core.event_reactor:joining thread
[1.221s] INFO:colcon.colcon_core.plugin_system:Skipping extension 'colcon_notification.desktop_notification.notify_send': Could not find 'notify-send'
[1.221s] INFO:colcon.colcon_core.plugin_system:Skipping extension 'colcon_notification.desktop_notification.terminal_notifier': Not used on non-Darwin systems
[1.221s] INFO:colcon.colcon_core.plugin_system:Skipping extension 'colcon_notification.desktop_notification.win32': Not used on non-Windows systems
[1.221s] INFO:colcon.colcon_notification.desktop_notification:Sending desktop notification using 'notify2'
[1.221s] DEBUG:colcon.colcon_notification.desktop_notification.notify2:Failed to initialize notify2: org.freedesktop.DBus.Error.FileNotFound: Failed to connect to socket /run/user/1000/bus: No such file or directory
[1.221s] DEBUG:colcon.colcon_core.event_reactor:joined thread
[1.222s] INFO:colcon.colcon_core.shell:Creating prefix script '/home/sunbi/Manipulator/install/local_setup.ps1'
[1.223s] INFO:colcon.colcon_core.shell:Creating prefix util module '/home/sunbi/Manipulator/install/_local_setup_util_ps1.py'
[1.224s] INFO:colcon.colcon_core.shell:Creating prefix chain script '/home/sunbi/Manipulator/install/setup.ps1'
[1.224s] INFO:colcon.colcon_core.shell:Creating prefix script '/home/sunbi/Manipulator/install/local_setup.sh'
[1.225s] INFO:colcon.colcon_core.shell:Creating prefix util module '/home/sunbi/Manipulator/install/_local_setup_util_sh.py'
[1.226s] INFO:colcon.colcon_core.shell:Creating prefix chain script '/home/sunbi/Manipulator/install/setup.sh'
[1.227s] INFO:colcon.colcon_core.shell:Creating prefix script '/home/sunbi/Manipulator/install/local_setup.bash'
[1.227s] INFO:colcon.colcon_core.shell:Creating prefix chain script '/home/sunbi/Manipulator/install/setup.bash'
[1.228s] INFO:colcon.colcon_core.shell:Creating prefix script '/home/sunbi/Manipulator/install/local_setup.zsh'
[1.229s] INFO:colcon.colcon_core.shell:Creating prefix chain script '/home/sunbi/Manipulator/install/setup.zsh'
