[0.020s] Invoking command in '/home/sunbi/Manipulator/build/dofbot_moveit': CMAKE_PREFIX_PATH=/home/sunbi/Manipulator/install/dofbot_moveit_config:/home/sunbi/Manipulator/install/dofbot_control:/opt/ros/humble:/home/sunbi/Manipulator/install/dofbot_moveit /usr/bin/cmake --build /home/sunbi/Manipulator/build/dofbot_moveit -- -j12 -l12
[0.140s] [ 12%] Built target dofbot_kinematics
[0.152s] [ 31%] Built target 02_motion_plan
[0.153s] [ 62%] Built target 01_random_move
[0.153s] [ 68%] Built target 04_cartesian
[0.153s] [ 68%] Built target 03_attached_object
[0.153s] [ 75%] Built target 06_multi_track_motion
[0.177s] [ 87%] Built target dofbot_kinematics_ik_node
[0.178s] [100%] Built target dofbot_kinematics_fk_node
[0.293s] Invoked command in '/home/sunbi/Manipulator/build/dofbot_moveit' returned '0': CMAKE_PREFIX_PATH=/home/sunbi/Manipulator/install/dofbot_moveit_config:/home/sunbi/Manipulator/install/dofbot_control:/opt/ros/humble:/home/sunbi/Manipulator/install/dofbot_moveit /usr/bin/cmake --build /home/sunbi/Manipulator/build/dofbot_moveit -- -j12 -l12
[0.305s] Invoking command in '/home/sunbi/Manipulator/build/dofbot_moveit': CMAKE_PREFIX_PATH=/home/sunbi/Manipulator/install/dofbot_moveit_config:/home/sunbi/Manipulator/install/dofbot_control:/opt/ros/humble:/home/sunbi/Manipulator/install/dofbot_moveit /usr/bin/cmake --install /home/sunbi/Manipulator/build/dofbot_moveit
[0.315s] -- Install configuration: ""
[0.315s] -- Up-to-date: /home/sunbi/Manipulator/install/dofbot_moveit/lib/libdofbot_kinematics.a
[0.315s] -- Up-to-date: /home/sunbi/Manipulator/install/dofbot_moveit/lib/dofbot_moveit/dofbot_kinematics_fk_node
[0.315s] -- Up-to-date: /home/sunbi/Manipulator/install/dofbot_moveit/lib/dofbot_moveit/dofbot_kinematics_ik_node
[0.316s] -- Up-to-date: /home/sunbi/Manipulator/install/dofbot_moveit/lib/dofbot_moveit/01_random_move
[0.316s] -- Up-to-date: /home/sunbi/Manipulator/install/dofbot_moveit/lib/dofbot_moveit/02_motion_plan
[0.317s] -- Up-to-date: /home/sunbi/Manipulator/install/dofbot_moveit/lib/dofbot_moveit/03_attached_object
[0.317s] -- Up-to-date: /home/sunbi/Manipulator/install/dofbot_moveit/lib/dofbot_moveit/04_cartesian
[0.318s] -- Up-to-date: /home/sunbi/Manipulator/install/dofbot_moveit/lib/dofbot_moveit/06_multi_track_motion
[0.318s] -- Up-to-date: /home/sunbi/Manipulator/install/dofbot_moveit/include
[0.318s] -- Up-to-date: /home/sunbi/Manipulator/install/dofbot_moveit/include/dofbot_moveit
[0.318s] -- Up-to-date: /home/sunbi/Manipulator/install/dofbot_moveit/include/dofbot_moveit/dofbot_kinemarics.h
[0.318s] -- Up-to-date: /home/sunbi/Manipulator/install/dofbot_moveit/include/dofbot_moveit/libdofbot_kinemarics.so
[0.319s] -- Up-to-date: /home/sunbi/Manipulator/install/dofbot_moveit/share/dofbot_moveit/meshes
[0.319s] -- Up-to-date: /home/sunbi/Manipulator/install/dofbot_moveit/share/dofbot_moveit/meshes/base_link.STL
[0.319s] -- Up-to-date: /home/sunbi/Manipulator/install/dofbot_moveit/share/dofbot_moveit/meshes/arm_link1.STL
[0.319s] -- Up-to-date: /home/sunbi/Manipulator/install/dofbot_moveit/share/dofbot_moveit/meshes/rlink2.STL
[0.319s] -- Up-to-date: /home/sunbi/Manipulator/install/dofbot_moveit/share/dofbot_moveit/meshes/arm_link5.STL
[0.320s] -- Up-to-date: /home/sunbi/Manipulator/install/dofbot_moveit/share/dofbot_moveit/meshes/arm_link2.STL
[0.320s] -- Up-to-date: /home/sunbi/Manipulator/install/dofbot_moveit/share/dofbot_moveit/meshes/link3.STL
[0.320s] -- Up-to-date: /home/sunbi/Manipulator/install/dofbot_moveit/share/dofbot_moveit/meshes/link5.STL
[0.320s] -- Up-to-date: /home/sunbi/Manipulator/install/dofbot_moveit/share/dofbot_moveit/meshes/rlink1.STL
[0.320s] -- Up-to-date: /home/sunbi/Manipulator/install/dofbot_moveit/share/dofbot_moveit/meshes/link2.STL
[0.320s] -- Up-to-date: /home/sunbi/Manipulator/install/dofbot_moveit/share/dofbot_moveit/meshes/llink1.STL
[0.321s] -- Up-to-date: /home/sunbi/Manipulator/install/dofbot_moveit/share/dofbot_moveit/meshes/base_link___.STL
[0.321s] -- Up-to-date: /home/sunbi/Manipulator/install/dofbot_moveit/share/dofbot_moveit/meshes/link4.STL
[0.321s] -- Up-to-date: /home/sunbi/Manipulator/install/dofbot_moveit/share/dofbot_moveit/meshes/llink2.STL
[0.321s] -- Up-to-date: /home/sunbi/Manipulator/install/dofbot_moveit/share/dofbot_moveit/meshes/arm_link3.STL
[0.322s] -- Up-to-date: /home/sunbi/Manipulator/install/dofbot_moveit/share/dofbot_moveit/meshes/link1.STL
[0.322s] -- Up-to-date: /home/sunbi/Manipulator/install/dofbot_moveit/share/dofbot_moveit/meshes/rlink3.STL
[0.322s] -- Up-to-date: /home/sunbi/Manipulator/install/dofbot_moveit/share/dofbot_moveit/meshes/arm_link4.STL
[0.322s] -- Up-to-date: /home/sunbi/Manipulator/install/dofbot_moveit/share/dofbot_moveit/meshes/llink3.STL
[0.322s] -- Up-to-date: /home/sunbi/Manipulator/install/dofbot_moveit/share/dofbot_moveit/urdf
[0.322s] -- Up-to-date: /home/sunbi/Manipulator/install/dofbot_moveit/share/dofbot_moveit/urdf/test.urdf
[0.323s] -- Up-to-date: /home/sunbi/Manipulator/install/dofbot_moveit/share/dofbot_moveit/urdf/dofbot_original.urdf
[0.323s] -- Up-to-date: /home/sunbi/Manipulator/install/dofbot_moveit/share/dofbot_moveit/urdf/dofbot.urdf
[0.323s] -- Up-to-date: /home/sunbi/Manipulator/install/dofbot_moveit/share/dofbot_moveit/urdf/yahboomcar_X3plus.urdf
[0.323s] -- Up-to-date: /home/sunbi/Manipulator/install/dofbot_moveit/share/dofbot_moveit/launch
[0.323s] -- Up-to-date: /home/sunbi/Manipulator/install/dofbot_moveit/share/dofbot_moveit/launch/dofbot_simple.launch.py
[0.323s] -- Up-to-date: /home/sunbi/Manipulator/install/dofbot_moveit/share/dofbot_moveit/launch/dofbot_real.launch.py
[0.323s] -- Up-to-date: /home/sunbi/Manipulator/install/dofbot_moveit/share/dofbot_moveit/launch/dofbot_moveit.launch.py
[0.323s] -- Up-to-date: /home/sunbi/Manipulator/install/dofbot_moveit/share/dofbot_moveit/launch/dofbot_moveit.launch
[0.323s] -- Up-to-date: /home/sunbi/Manipulator/install/dofbot_moveit/share/dofbot_moveit/launch/__pycache__
[0.323s] -- Up-to-date: /home/sunbi/Manipulator/install/dofbot_moveit/share/dofbot_moveit/launch/__pycache__/test_headless.launch.cpython-310.pyc
[0.323s] -- Up-to-date: /home/sunbi/Manipulator/install/dofbot_moveit/share/dofbot_moveit/launch/test_headless.launch.py
[0.324s] -- Up-to-date: /home/sunbi/Manipulator/install/dofbot_moveit/share/dofbot_moveit/launch
[0.324s] -- Up-to-date: /home/sunbi/Manipulator/install/dofbot_moveit/share/dofbot_moveit/launch/dofbot_simple.launch.py
[0.324s] -- Up-to-date: /home/sunbi/Manipulator/install/dofbot_moveit/share/dofbot_moveit/launch/dofbot_real.launch.py
[0.324s] -- Up-to-date: /home/sunbi/Manipulator/install/dofbot_moveit/share/dofbot_moveit/launch/dofbot_moveit.launch.py
[0.324s] -- Up-to-date: /home/sunbi/Manipulator/install/dofbot_moveit/share/dofbot_moveit/launch/dofbot_moveit.launch
[0.324s] -- Up-to-date: /home/sunbi/Manipulator/install/dofbot_moveit/share/dofbot_moveit/launch/__pycache__
[0.324s] -- Up-to-date: /home/sunbi/Manipulator/install/dofbot_moveit/share/dofbot_moveit/launch/__pycache__/test_headless.launch.cpython-310.pyc
[0.324s] -- Up-to-date: /home/sunbi/Manipulator/install/dofbot_moveit/share/dofbot_moveit/launch/test_headless.launch.py
[0.324s] -- Up-to-date: /home/sunbi/Manipulator/install/dofbot_moveit/share/dofbot_moveit/urdf
[0.325s] -- Up-to-date: /home/sunbi/Manipulator/install/dofbot_moveit/share/dofbot_moveit/urdf/test.urdf
[0.325s] -- Up-to-date: /home/sunbi/Manipulator/install/dofbot_moveit/share/dofbot_moveit/urdf/dofbot_original.urdf
[0.325s] -- Up-to-date: /home/sunbi/Manipulator/install/dofbot_moveit/share/dofbot_moveit/urdf/dofbot.urdf
[0.325s] -- Up-to-date: /home/sunbi/Manipulator/install/dofbot_moveit/share/dofbot_moveit/urdf/yahboomcar_X3plus.urdf
[0.325s] -- Up-to-date: /home/sunbi/Manipulator/install/dofbot_moveit/share/ament_index/resource_index/package_run_dependencies/dofbot_moveit
[0.325s] -- Up-to-date: /home/sunbi/Manipulator/install/dofbot_moveit/share/ament_index/resource_index/parent_prefix_path/dofbot_moveit
[0.325s] -- Up-to-date: /home/sunbi/Manipulator/install/dofbot_moveit/share/dofbot_moveit/environment/ament_prefix_path.sh
[0.325s] -- Up-to-date: /home/sunbi/Manipulator/install/dofbot_moveit/share/dofbot_moveit/environment/ament_prefix_path.dsv
[0.325s] -- Up-to-date: /home/sunbi/Manipulator/install/dofbot_moveit/share/dofbot_moveit/environment/path.sh
[0.325s] -- Up-to-date: /home/sunbi/Manipulator/install/dofbot_moveit/share/dofbot_moveit/environment/path.dsv
[0.325s] -- Up-to-date: /home/sunbi/Manipulator/install/dofbot_moveit/share/dofbot_moveit/local_setup.bash
[0.325s] -- Up-to-date: /home/sunbi/Manipulator/install/dofbot_moveit/share/dofbot_moveit/local_setup.sh
[0.325s] -- Up-to-date: /home/sunbi/Manipulator/install/dofbot_moveit/share/dofbot_moveit/local_setup.zsh
[0.325s] -- Up-to-date: /home/sunbi/Manipulator/install/dofbot_moveit/share/dofbot_moveit/local_setup.dsv
[0.325s] -- Installing: /home/sunbi/Manipulator/install/dofbot_moveit/share/dofbot_moveit/package.dsv
[0.325s] -- Up-to-date: /home/sunbi/Manipulator/install/dofbot_moveit/share/ament_index/resource_index/packages/dofbot_moveit
[0.325s] -- Up-to-date: /home/sunbi/Manipulator/install/dofbot_moveit/share/dofbot_moveit/cmake/dofbot_moveitConfig.cmake
[0.326s] -- Up-to-date: /home/sunbi/Manipulator/install/dofbot_moveit/share/dofbot_moveit/cmake/dofbot_moveitConfig-version.cmake
[0.326s] -- Up-to-date: /home/sunbi/Manipulator/install/dofbot_moveit/share/dofbot_moveit/package.xml
[0.328s] Invoked command in '/home/sunbi/Manipulator/build/dofbot_moveit' returned '0': CMAKE_PREFIX_PATH=/home/sunbi/Manipulator/install/dofbot_moveit_config:/home/sunbi/Manipulator/install/dofbot_control:/opt/ros/humble:/home/sunbi/Manipulator/install/dofbot_moveit /usr/bin/cmake --install /home/sunbi/Manipulator/build/dofbot_moveit
