[0.202s] Invoking command in '/home/sunbi/Manipulator/build/dofbot_moveit_config': /usr/bin/cmake /home/sunbi/Manipulator/dofbot_moveit_config -DCMAKE_INSTALL_PREFIX=/home/sunbi/Manipulator/install/dofbot_moveit_config
[0.411s] -- The C compiler identification is GNU 11.4.0
[0.680s] -- The CXX compiler identification is GNU 11.4.0
[0.842s] -- Detecting C compiler ABI info
[0.957s] -- Detecting C compiler ABI info - done
[0.962s] -- Check for working C compiler: /usr/bin/cc - skipped
[0.964s] -- Detecting C compile features
[0.965s] -- Detecting C compile features - done
[0.969s] -- Detecting CXX compiler ABI info
[1.090s] -- Detecting CXX compiler ABI info - done
[1.095s] -- Check for working CXX compiler: /usr/bin/c++ - skipped
[1.095s] -- Detecting CXX compile features
[1.096s] -- Detecting CXX compile features - done
[1.110s] -- Found ament_cmake: 1.3.12 (/opt/ros/humble/share/ament_cmake/cmake)
[1.231s] -- Found Python3: /usr/bin/python3 (found version "3.10.12") found components: Interpreter 
[1.362s] Error parsing '/home/sunbi/Manipulator/dofbot_moveit_config/package.xml':
[1.416s] Traceback (most recent call last):
[1.416s]   File "/opt/ros/humble/share/ament_cmake_core/cmake/core/package_xml_2_cmake.py", line 150, in <module>
[1.416s]     main()
[1.416s]   File "/opt/ros/humble/share/ament_cmake_core/cmake/core/package_xml_2_cmake.py", line 53, in main
[1.416s]     raise e
[1.416s]   File "/opt/ros/humble/share/ament_cmake_core/cmake/core/package_xml_2_cmake.py", line 49, in main
[1.416s]     package = parse_package_string(
[1.416s]   File "/usr/lib/python3/dist-packages/catkin_pkg/package.py", line 788, in parse_package_string
[1.417s]     pkg.validate(warnings=warnings)
[1.417s]   File "/usr/lib/python3/dist-packages/catkin_pkg/package.py", line 330, in validate
[1.417s]     raise InvalidPackage('\n'.join(errors), self.filename)
[1.417s] catkin_pkg.package.InvalidPackage: Error(s) in package '/home/sunbi/Manipulator/dofbot_moveit_config/package.xml':
[1.417s] Invalid email "" for person ""
[1.417s] Maintainers must have an email address
[1.417s] Invalid email "" for person ""
[1.431s] [31mCMake Error at /opt/ros/humble/share/ament_cmake_core/cmake/core/ament_package_xml.cmake:95 (message):
[1.431s]   execute_process(/usr/bin/python3
[1.431s]   /opt/ros/humble/share/ament_cmake_core/cmake/core/package_xml_2_cmake.py
[1.431s]   /home/sunbi/Manipulator/dofbot_moveit_config/package.xml
[1.431s]   /home/sunbi/Manipulator/build/dofbot_moveit_config/ament_cmake_core/package.cmake)
[1.431s]   returned error code 1
[1.431s] Call Stack (most recent call first):
[1.431s]   /opt/ros/humble/share/ament_cmake_core/cmake/core/ament_package_xml.cmake:49 (_ament_package_xml)
[1.431s]   /opt/ros/humble/share/ament_cmake_core/cmake/core/ament_package.cmake:63 (ament_package_xml)
[1.431s]   CMakeLists.txt:6 (ament_package)
[1.431s] 
[1.431s] [0m
[1.431s] -- Configuring incomplete, errors occurred!
[1.431s] See also "/home/sunbi/Manipulator/build/dofbot_moveit_config/CMakeFiles/CMakeOutput.log".
[1.436s] Invoked command in '/home/sunbi/Manipulator/build/dofbot_moveit_config' returned '1': /usr/bin/cmake /home/sunbi/Manipulator/dofbot_moveit_config -DCMAKE_INSTALL_PREFIX=/home/sunbi/Manipulator/install/dofbot_moveit_config
