[ 12%] Built target dofbot_kinematics
[ 75%] Built target 02_motion_plan
[ 75%] Built target 01_random_move
[ 75%] Built target 06_multi_track_motion
[ 75%] Built target 03_attached_object
[ 75%] Built target 04_cartesian
[100%] Built target dofbot_kinematics_fk_node
[100%] Built target dofbot_kinematics_ik_node
-- Install configuration: ""
-- Up-to-date: /home/sunbi/Manipulator/install/dofbot_moveit/lib/libdofbot_kinematics.a
-- Up-to-date: /home/sunbi/Manipulator/install/dofbot_moveit/lib/dofbot_moveit/dofbot_kinematics_fk_node
-- Up-to-date: /home/sunbi/Manipulator/install/dofbot_moveit/lib/dofbot_moveit/dofbot_kinematics_ik_node
-- Up-to-date: /home/sunbi/Manipulator/install/dofbot_moveit/lib/dofbot_moveit/01_random_move
-- Up-to-date: /home/sunbi/Manipulator/install/dofbot_moveit/lib/dofbot_moveit/02_motion_plan
-- Up-to-date: /home/sunbi/Manipulator/install/dofbot_moveit/lib/dofbot_moveit/03_attached_object
-- Up-to-date: /home/sunbi/Manipulator/install/dofbot_moveit/lib/dofbot_moveit/04_cartesian
-- Up-to-date: /home/sunbi/Manipulator/install/dofbot_moveit/lib/dofbot_moveit/06_multi_track_motion
-- Up-to-date: /home/sunbi/Manipulator/install/dofbot_moveit/include
-- Up-to-date: /home/sunbi/Manipulator/install/dofbot_moveit/include/dofbot_moveit
-- Up-to-date: /home/sunbi/Manipulator/install/dofbot_moveit/include/dofbot_moveit/dofbot_kinemarics.h
-- Up-to-date: /home/sunbi/Manipulator/install/dofbot_moveit/include/dofbot_moveit/libdofbot_kinemarics.so
-- Up-to-date: /home/sunbi/Manipulator/install/dofbot_moveit/share/dofbot_moveit/meshes
-- Up-to-date: /home/sunbi/Manipulator/install/dofbot_moveit/share/dofbot_moveit/meshes/base_link.STL
-- Up-to-date: /home/sunbi/Manipulator/install/dofbot_moveit/share/dofbot_moveit/meshes/arm_link1.STL
-- Up-to-date: /home/sunbi/Manipulator/install/dofbot_moveit/share/dofbot_moveit/meshes/rlink2.STL
-- Up-to-date: /home/sunbi/Manipulator/install/dofbot_moveit/share/dofbot_moveit/meshes/arm_link5.STL
-- Up-to-date: /home/sunbi/Manipulator/install/dofbot_moveit/share/dofbot_moveit/meshes/arm_link2.STL
-- Up-to-date: /home/sunbi/Manipulator/install/dofbot_moveit/share/dofbot_moveit/meshes/link3.STL
-- Up-to-date: /home/sunbi/Manipulator/install/dofbot_moveit/share/dofbot_moveit/meshes/link5.STL
-- Up-to-date: /home/sunbi/Manipulator/install/dofbot_moveit/share/dofbot_moveit/meshes/rlink1.STL
-- Up-to-date: /home/sunbi/Manipulator/install/dofbot_moveit/share/dofbot_moveit/meshes/link2.STL
-- Up-to-date: /home/sunbi/Manipulator/install/dofbot_moveit/share/dofbot_moveit/meshes/llink1.STL
-- Up-to-date: /home/sunbi/Manipulator/install/dofbot_moveit/share/dofbot_moveit/meshes/base_link___.STL
-- Up-to-date: /home/sunbi/Manipulator/install/dofbot_moveit/share/dofbot_moveit/meshes/link4.STL
-- Up-to-date: /home/sunbi/Manipulator/install/dofbot_moveit/share/dofbot_moveit/meshes/llink2.STL
-- Up-to-date: /home/sunbi/Manipulator/install/dofbot_moveit/share/dofbot_moveit/meshes/arm_link3.STL
-- Up-to-date: /home/sunbi/Manipulator/install/dofbot_moveit/share/dofbot_moveit/meshes/link1.STL
-- Up-to-date: /home/sunbi/Manipulator/install/dofbot_moveit/share/dofbot_moveit/meshes/rlink3.STL
-- Up-to-date: /home/sunbi/Manipulator/install/dofbot_moveit/share/dofbot_moveit/meshes/arm_link4.STL
-- Up-to-date: /home/sunbi/Manipulator/install/dofbot_moveit/share/dofbot_moveit/meshes/llink3.STL
-- Up-to-date: /home/sunbi/Manipulator/install/dofbot_moveit/share/dofbot_moveit/urdf
-- Up-to-date: /home/sunbi/Manipulator/install/dofbot_moveit/share/dofbot_moveit/urdf/test.urdf
-- Up-to-date: /home/sunbi/Manipulator/install/dofbot_moveit/share/dofbot_moveit/urdf/dofbot_original.urdf
-- Up-to-date: /home/sunbi/Manipulator/install/dofbot_moveit/share/dofbot_moveit/urdf/dofbot.urdf
-- Up-to-date: /home/sunbi/Manipulator/install/dofbot_moveit/share/dofbot_moveit/urdf/yahboomcar_X3plus.urdf
-- Up-to-date: /home/sunbi/Manipulator/install/dofbot_moveit/share/dofbot_moveit/launch
-- Up-to-date: /home/sunbi/Manipulator/install/dofbot_moveit/share/dofbot_moveit/launch/dofbot_simple.launch.py
-- Up-to-date: /home/sunbi/Manipulator/install/dofbot_moveit/share/dofbot_moveit/launch/dofbot_real.launch.py
-- Up-to-date: /home/sunbi/Manipulator/install/dofbot_moveit/share/dofbot_moveit/launch/dofbot_moveit.launch.py
-- Up-to-date: /home/sunbi/Manipulator/install/dofbot_moveit/share/dofbot_moveit/launch/dofbot_moveit.launch
-- Up-to-date: /home/sunbi/Manipulator/install/dofbot_moveit/share/dofbot_moveit/launch/__pycache__
-- Up-to-date: /home/sunbi/Manipulator/install/dofbot_moveit/share/dofbot_moveit/launch/__pycache__/test_headless.launch.cpython-310.pyc
-- Up-to-date: /home/sunbi/Manipulator/install/dofbot_moveit/share/dofbot_moveit/launch/test_headless.launch.py
-- Up-to-date: /home/sunbi/Manipulator/install/dofbot_moveit/share/dofbot_moveit/launch
-- Up-to-date: /home/sunbi/Manipulator/install/dofbot_moveit/share/dofbot_moveit/launch/dofbot_simple.launch.py
-- Up-to-date: /home/sunbi/Manipulator/install/dofbot_moveit/share/dofbot_moveit/launch/dofbot_real.launch.py
-- Up-to-date: /home/sunbi/Manipulator/install/dofbot_moveit/share/dofbot_moveit/launch/dofbot_moveit.launch.py
-- Up-to-date: /home/sunbi/Manipulator/install/dofbot_moveit/share/dofbot_moveit/launch/dofbot_moveit.launch
-- Up-to-date: /home/sunbi/Manipulator/install/dofbot_moveit/share/dofbot_moveit/launch/__pycache__
-- Up-to-date: /home/sunbi/Manipulator/install/dofbot_moveit/share/dofbot_moveit/launch/__pycache__/test_headless.launch.cpython-310.pyc
-- Up-to-date: /home/sunbi/Manipulator/install/dofbot_moveit/share/dofbot_moveit/launch/test_headless.launch.py
-- Up-to-date: /home/sunbi/Manipulator/install/dofbot_moveit/share/dofbot_moveit/urdf
-- Up-to-date: /home/sunbi/Manipulator/install/dofbot_moveit/share/dofbot_moveit/urdf/test.urdf
-- Up-to-date: /home/sunbi/Manipulator/install/dofbot_moveit/share/dofbot_moveit/urdf/dofbot_original.urdf
-- Up-to-date: /home/sunbi/Manipulator/install/dofbot_moveit/share/dofbot_moveit/urdf/dofbot.urdf
-- Up-to-date: /home/sunbi/Manipulator/install/dofbot_moveit/share/dofbot_moveit/urdf/yahboomcar_X3plus.urdf
-- Up-to-date: /home/sunbi/Manipulator/install/dofbot_moveit/share/ament_index/resource_index/package_run_dependencies/dofbot_moveit
-- Up-to-date: /home/sunbi/Manipulator/install/dofbot_moveit/share/ament_index/resource_index/parent_prefix_path/dofbot_moveit
-- Up-to-date: /home/sunbi/Manipulator/install/dofbot_moveit/share/dofbot_moveit/environment/ament_prefix_path.sh
-- Up-to-date: /home/sunbi/Manipulator/install/dofbot_moveit/share/dofbot_moveit/environment/ament_prefix_path.dsv
-- Up-to-date: /home/sunbi/Manipulator/install/dofbot_moveit/share/dofbot_moveit/environment/path.sh
-- Up-to-date: /home/sunbi/Manipulator/install/dofbot_moveit/share/dofbot_moveit/environment/path.dsv
-- Up-to-date: /home/sunbi/Manipulator/install/dofbot_moveit/share/dofbot_moveit/local_setup.bash
-- Up-to-date: /home/sunbi/Manipulator/install/dofbot_moveit/share/dofbot_moveit/local_setup.sh
-- Up-to-date: /home/sunbi/Manipulator/install/dofbot_moveit/share/dofbot_moveit/local_setup.zsh
-- Up-to-date: /home/sunbi/Manipulator/install/dofbot_moveit/share/dofbot_moveit/local_setup.dsv
-- Installing: /home/sunbi/Manipulator/install/dofbot_moveit/share/dofbot_moveit/package.dsv
-- Up-to-date: /home/sunbi/Manipulator/install/dofbot_moveit/share/ament_index/resource_index/packages/dofbot_moveit
-- Up-to-date: /home/sunbi/Manipulator/install/dofbot_moveit/share/dofbot_moveit/cmake/dofbot_moveitConfig.cmake
-- Up-to-date: /home/sunbi/Manipulator/install/dofbot_moveit/share/dofbot_moveit/cmake/dofbot_moveitConfig-version.cmake
-- Up-to-date: /home/sunbi/Manipulator/install/dofbot_moveit/share/dofbot_moveit/package.xml
