[0.611s] Invoking command in '/home/sunbi/Manipulator/dofbot_control': PYTHONPATH=/home/sunbi/Manipulator/build/dofbot_control/prefix_override:/usr/lib/python3/dist-packages/colcon_core/task/python/colcon_distutils_commands:/home/sunbi/Manipulator/install/dofbot_control/lib/python3.10/site-packages:${PYTHONPATH} /usr/bin/python3 -W ignore:setup.py install is deprecated -W ignore:easy_install command is deprecated setup.py egg_info --egg-base ../build/dofbot_control build --build-base /home/sunbi/Manipulator/build/dofbot_control/build install --record /home/sunbi/Manipulator/build/dofbot_control/install.log --single-version-externally-managed install_data
[0.805s] running egg_info
[0.805s] writing ../build/dofbot_control/dofbot_control.egg-info/PKG-INFO
[0.805s] writing dependency_links to ../build/dofbot_control/dofbot_control.egg-info/dependency_links.txt
[0.806s] writing entry points to ../build/dofbot_control/dofbot_control.egg-info/entry_points.txt
[0.806s] writing requirements to ../build/dofbot_control/dofbot_control.egg-info/requires.txt
[0.806s] writing top-level names to ../build/dofbot_control/dofbot_control.egg-info/top_level.txt
[0.808s] reading manifest file '../build/dofbot_control/dofbot_control.egg-info/SOURCES.txt'
[0.808s] writing manifest file '../build/dofbot_control/dofbot_control.egg-info/SOURCES.txt'
[0.809s] running build
[0.809s] running build_py
[0.809s] copying dofbot_control/real_dofbot_controller.py -> /home/sunbi/Manipulator/build/dofbot_control/build/lib/dofbot_control
[0.809s] running install
[0.809s] running install_lib
[0.810s] copying /home/sunbi/Manipulator/build/dofbot_control/build/lib/dofbot_control/real_dofbot_controller.py -> /home/sunbi/Manipulator/install/dofbot_control/lib/python3.10/site-packages/dofbot_control
[0.811s] byte-compiling /home/sunbi/Manipulator/install/dofbot_control/lib/python3.10/site-packages/dofbot_control/real_dofbot_controller.py to real_dofbot_controller.cpython-310.pyc
[0.812s] running install_data
[0.812s] running install_egg_info
[0.814s] removing '/home/sunbi/Manipulator/install/dofbot_control/lib/python3.10/site-packages/dofbot_control-0.0.0-py3.10.egg-info' (and everything under it)
[0.814s] Copying ../build/dofbot_control/dofbot_control.egg-info to /home/sunbi/Manipulator/install/dofbot_control/lib/python3.10/site-packages/dofbot_control-0.0.0-py3.10.egg-info
[0.816s] running install_scripts
[0.833s] Installing real_dofbot_controller script to /home/sunbi/Manipulator/install/dofbot_control/lib/dofbot_control
[0.833s] writing list of installed files to '/home/sunbi/Manipulator/build/dofbot_control/install.log'
[0.860s] Invoked command in '/home/sunbi/Manipulator/dofbot_control' returned '0': PYTHONPATH=/home/sunbi/Manipulator/build/dofbot_control/prefix_override:/usr/lib/python3/dist-packages/colcon_core/task/python/colcon_distutils_commands:/home/sunbi/Manipulator/install/dofbot_control/lib/python3.10/site-packages:${PYTHONPATH} /usr/bin/python3 -W ignore:setup.py install is deprecated -W ignore:easy_install command is deprecated setup.py egg_info --egg-base ../build/dofbot_control build --build-base /home/sunbi/Manipulator/build/dofbot_control/build install --record /home/sunbi/Manipulator/build/dofbot_control/install.log --single-version-externally-managed install_data
