running egg_info
creating ../build/dofbot_control/dofbot_control.egg-info
writing ../build/dofbot_control/dofbot_control.egg-info/PKG-INFO
writing dependency_links to ../build/dofbot_control/dofbot_control.egg-info/dependency_links.txt
writing entry points to ../build/dofbot_control/dofbot_control.egg-info/entry_points.txt
writing requirements to ../build/dofbot_control/dofbot_control.egg-info/requires.txt
writing top-level names to ../build/dofbot_control/dofbot_control.egg-info/top_level.txt
writing manifest file '../build/dofbot_control/dofbot_control.egg-info/SOURCES.txt'
reading manifest file '../build/dofbot_control/dofbot_control.egg-info/SOURCES.txt'
writing manifest file '../build/dofbot_control/dofbot_control.egg-info/SOURCES.txt'
running build
running build_py
creating /home/sunbi/Manipulator/build/dofbot_control/build
creating /home/sunbi/Manipulator/build/dofbot_control/build/lib
creating /home/sunbi/Manipulator/build/dofbot_control/build/lib/dofbot_control
copying dofbot_control/real_dofbot_controller.py -> /home/sunbi/Manipulator/build/dofbot_control/build/lib/dofbot_control
copying dofbot_control/__init__.py -> /home/sunbi/Manipulator/build/dofbot_control/build/lib/dofbot_control
running install
running install_lib
creating /home/sunbi/Manipulator/install/dofbot_control/lib/python3.10/site-packages/dofbot_control
copying /home/sunbi/Manipulator/build/dofbot_control/build/lib/dofbot_control/real_dofbot_controller.py -> /home/sunbi/Manipulator/install/dofbot_control/lib/python3.10/site-packages/dofbot_control
copying /home/sunbi/Manipulator/build/dofbot_control/build/lib/dofbot_control/__init__.py -> /home/sunbi/Manipulator/install/dofbot_control/lib/python3.10/site-packages/dofbot_control
byte-compiling /home/sunbi/Manipulator/install/dofbot_control/lib/python3.10/site-packages/dofbot_control/real_dofbot_controller.py to real_dofbot_controller.cpython-310.pyc
byte-compiling /home/sunbi/Manipulator/install/dofbot_control/lib/python3.10/site-packages/dofbot_control/__init__.py to __init__.cpython-310.pyc
running install_data
creating /home/sunbi/Manipulator/install/dofbot_control/share/ament_index
creating /home/sunbi/Manipulator/install/dofbot_control/share/ament_index/resource_index
creating /home/sunbi/Manipulator/install/dofbot_control/share/ament_index/resource_index/packages
copying resource/dofbot_control -> /home/sunbi/Manipulator/install/dofbot_control/share/ament_index/resource_index/packages
copying package.xml -> /home/sunbi/Manipulator/install/dofbot_control/share/dofbot_control
running install_egg_info
Copying ../build/dofbot_control/dofbot_control.egg-info to /home/sunbi/Manipulator/install/dofbot_control/lib/python3.10/site-packages/dofbot_control-0.0.0-py3.10.egg-info
running install_scripts
writing list of installed files to '/home/sunbi/Manipulator/build/dofbot_control/install.log'
