[1.727s] Invoking command in '/home/sunbi/Manipulator/dofbot_control': PYTHONPATH=/home/sunbi/Manipulator/build/dofbot_control/prefix_override:/usr/lib/python3/dist-packages/colcon_core/task/python/colcon_distutils_commands:/home/sunbi/Manipulator/install/dofbot_control/lib/python3.10/site-packages:${PYTHONPATH} /usr/bin/python3 -W ignore:setup.py install is deprecated -W ignore:easy_install command is deprecated setup.py egg_info --egg-base ../build/dofbot_control build --build-base /home/sunbi/Manipulator/build/dofbot_control/build install --record /home/sunbi/Manipulator/build/dofbot_control/install.log --single-version-externally-managed install_data
[2.311s] running egg_info
[2.312s] creating ../build/dofbot_control/dofbot_control.egg-info
[2.312s] writing ../build/dofbot_control/dofbot_control.egg-info/PKG-INFO
[2.313s] writing dependency_links to ../build/dofbot_control/dofbot_control.egg-info/dependency_links.txt
[2.313s] writing entry points to ../build/dofbot_control/dofbot_control.egg-info/entry_points.txt
[2.313s] writing requirements to ../build/dofbot_control/dofbot_control.egg-info/requires.txt
[2.314s] writing top-level names to ../build/dofbot_control/dofbot_control.egg-info/top_level.txt
[2.314s] writing manifest file '../build/dofbot_control/dofbot_control.egg-info/SOURCES.txt'
[2.315s] reading manifest file '../build/dofbot_control/dofbot_control.egg-info/SOURCES.txt'
[2.315s] writing manifest file '../build/dofbot_control/dofbot_control.egg-info/SOURCES.txt'
[2.315s] running build
[2.316s] running build_py
[2.316s] creating /home/sunbi/Manipulator/build/dofbot_control/build
[2.316s] creating /home/sunbi/Manipulator/build/dofbot_control/build/lib
[2.317s] creating /home/sunbi/Manipulator/build/dofbot_control/build/lib/dofbot_control
[2.317s] copying dofbot_control/real_dofbot_controller.py -> /home/sunbi/Manipulator/build/dofbot_control/build/lib/dofbot_control
[2.317s] copying dofbot_control/__init__.py -> /home/sunbi/Manipulator/build/dofbot_control/build/lib/dofbot_control
[2.317s] running install
[2.318s] running install_lib
[2.318s] creating /home/sunbi/Manipulator/install/dofbot_control/lib/python3.10/site-packages/dofbot_control
[2.319s] copying /home/sunbi/Manipulator/build/dofbot_control/build/lib/dofbot_control/real_dofbot_controller.py -> /home/sunbi/Manipulator/install/dofbot_control/lib/python3.10/site-packages/dofbot_control
[2.319s] copying /home/sunbi/Manipulator/build/dofbot_control/build/lib/dofbot_control/__init__.py -> /home/sunbi/Manipulator/install/dofbot_control/lib/python3.10/site-packages/dofbot_control
[2.322s] byte-compiling /home/sunbi/Manipulator/install/dofbot_control/lib/python3.10/site-packages/dofbot_control/real_dofbot_controller.py to real_dofbot_controller.cpython-310.pyc
[2.323s] byte-compiling /home/sunbi/Manipulator/install/dofbot_control/lib/python3.10/site-packages/dofbot_control/__init__.py to __init__.cpython-310.pyc
[2.324s] running install_data
[2.324s] creating /home/sunbi/Manipulator/install/dofbot_control/share/ament_index
[2.324s] creating /home/sunbi/Manipulator/install/dofbot_control/share/ament_index/resource_index
[2.324s] creating /home/sunbi/Manipulator/install/dofbot_control/share/ament_index/resource_index/packages
[2.325s] copying resource/dofbot_control -> /home/sunbi/Manipulator/install/dofbot_control/share/ament_index/resource_index/packages
[2.325s] copying package.xml -> /home/sunbi/Manipulator/install/dofbot_control/share/dofbot_control
[2.325s] running install_egg_info
[2.329s] Copying ../build/dofbot_control/dofbot_control.egg-info to /home/sunbi/Manipulator/install/dofbot_control/lib/python3.10/site-packages/dofbot_control-0.0.0-py3.10.egg-info
[2.331s] running install_scripts
[2.380s] writing list of installed files to '/home/sunbi/Manipulator/build/dofbot_control/install.log'
[2.400s] Invoked command in '/home/sunbi/Manipulator/dofbot_control' returned '0': PYTHONPATH=/home/sunbi/Manipulator/build/dofbot_control/prefix_override:/usr/lib/python3/dist-packages/colcon_core/task/python/colcon_distutils_commands:/home/sunbi/Manipulator/install/dofbot_control/lib/python3.10/site-packages:${PYTHONPATH} /usr/bin/python3 -W ignore:setup.py install is deprecated -W ignore:easy_install command is deprecated setup.py egg_info --egg-base ../build/dofbot_control build --build-base /home/sunbi/Manipulator/build/dofbot_control/build install --record /home/sunbi/Manipulator/build/dofbot_control/install.log --single-version-externally-managed install_data
