-- Found ament_cmake: 1.3.12 (/opt/ros/humble/share/ament_cmake/cmake)
-- Found rclcpp: 16.0.16 (/opt/ros/humble/share/rclcpp/cmake)
-- Found rosidl_generator_c: 3.1.7 (/opt/ros/humble/share/rosidl_generator_c/cmake)
-- Found rosidl_adapter: 3.1.7 (/opt/ros/humble/share/rosidl_adapter/cmake)
-- Found rosidl_generator_cpp: 3.1.7 (/opt/ros/humble/share/rosidl_generator_cpp/cmake)
-- Using all available rosidl_typesupport_c: rosidl_typesupport_fastrtps_c;rosidl_typesupport_introspection_c
-- Using all available rosidl_typesupport_cpp: rosidl_typesupport_fastrtps_cpp;rosidl_typesupport_introspection_cpp
-- Found rmw_implementation_cmake: 6.1.2 (/opt/ros/humble/share/rmw_implementation_cmake/cmake)
-- Found rmw_fastrtps_cpp: 6.2.9 (/opt/ros/humble/share/rmw_fastrtps_cpp/cmake)
-- Using RMW implementation 'rmw_fastrtps_cpp' as default
-- Found moveit_ros_planning_interface: 2.5.9 (/opt/ros/humble/share/moveit_ros_planning_interface/cmake)
-- Found Boost: /usr/lib/x86_64-linux-gnu/cmake/Boost-1.74.0/BoostConfig.cmake (found version "1.74.0") found components: date_time filesystem program_options system thread 
-- Found Boost: /usr/lib/x86_64-linux-gnu/cmake/Boost-1.74.0/BoostConfig.cmake (found version "1.74.0") found components: chrono date_time filesystem iostreams program_options regex serialization system thread 
-- Found parameter_traits: 0.5.0 (/opt/ros/humble/share/parameter_traits/cmake)
-- Found rclcpp_lifecycle: 16.0.16 (/opt/ros/humble/share/rclcpp_lifecycle/cmake)
-- Found Boost: /usr/lib/x86_64-linux-gnu/cmake/Boost-1.74.0/BoostConfig.cmake (found version "1.74.0") found components: filesystem 
-- library: /usr/lib/x86_64-linux-gnu/libcurl.so
-- Ensuring Eigen3 include directory is part of orocos-kdl CMake target
-- Found Boost: /usr/lib/x86_64-linux-gnu/cmake/Boost-1.74.0/BoostConfig.cmake (found version "1.74.0") found components: system filesystem date_time program_options thread chrono 
-- Found Boost: /usr/lib/x86_64-linux-gnu/cmake/Boost-1.74.0/BoostConfig.cmake (found version "1.74.0") found components: thread system filesystem regex date_time program_options 
-- Found Boost: /usr/lib/x86_64-linux-gnu/cmake/Boost-1.74.0/BoostConfig.cmake (found version "1.74.0") found components: system filesystem date_time program_options thread 
-- Configuring done
-- Generating done
-- Build files have been written to: /home/sunbi/Manipulator/build/dofbot_moveit
[ 25%] [32mBuilding CXX object CMakeFiles/dofbot_kinematics.dir/src/dofbot_kinematics.cpp.o[0m
[ 25%] [32mBuilding CXX object CMakeFiles/04_cartesian.dir/src/04_cartesian.cpp.o[0m
[ 25%] [32mBuilding CXX object CMakeFiles/01_random_move.dir/src/01_random_move.cpp.o[0m
[ 25%] [32mBuilding CXX object CMakeFiles/06_multi_track_motion.dir/src/06_multi_track_motion.cpp.o[0m
[ 31%] [32mBuilding CXX object CMakeFiles/03_attached_object.dir/src/03_attached_object.cpp.o[0m
[ 37%] [32mBuilding CXX object CMakeFiles/02_motion_plan.dir/src/02_motion_plan.cpp.o[0m
[ 43%] [32m[1mLinking CXX executable 01_random_move[0m
[ 50%] [32m[1mLinking CXX executable 02_motion_plan[0m
[ 56%] [32m[1mLinking CXX executable 03_attached_object[0m
[ 62%] [32m[1mLinking CXX executable 04_cartesian[0m
[ 68%] [32m[1mLinking CXX executable 06_multi_track_motion[0m
[ 68%] Built target 01_random_move
[ 68%] Built target 02_motion_plan
[ 68%] Built target 03_attached_object
[ 68%] Built target 04_cartesian
[ 68%] Built target 06_multi_track_motion
