[0.011s] Invoking command in '/home/sunbi/Manipulator/build/dofbot_moveit': CMAKE_PREFIX_PATH=/opt/ros/humble /usr/bin/cmake /home/sunbi/Manipulator/dofbot_moveit -DCMAKE_INSTALL_PREFIX=/home/sunbi/Manipulator/install/dofbot_moveit
[0.023s] -- Found ament_cmake: 1.3.12 (/opt/ros/humble/share/ament_cmake/cmake)
[0.133s] -- Found rclcpp: 16.0.16 (/opt/ros/humble/share/rclcpp/cmake)
[0.248s] -- Found rosidl_generator_c: 3.1.7 (/opt/ros/humble/share/rosidl_generator_c/cmake)
[0.250s] -- Found rosidl_adapter: 3.1.7 (/opt/ros/humble/share/rosidl_adapter/cmake)
[0.254s] -- Found rosidl_generator_cpp: 3.1.7 (/opt/ros/humble/share/rosidl_generator_cpp/cmake)
[0.261s] -- Using all available rosidl_typesupport_c: rosidl_typesupport_fastrtps_c;rosidl_typesupport_introspection_c
[0.270s] -- Using all available rosidl_typesupport_cpp: rosidl_typesupport_fastrtps_cpp;rosidl_typesupport_introspection_cpp
[0.297s] -- Found rmw_implementation_cmake: 6.1.2 (/opt/ros/humble/share/rmw_implementation_cmake/cmake)
[0.298s] -- Found rmw_fastrtps_cpp: 6.2.9 (/opt/ros/humble/share/rmw_fastrtps_cpp/cmake)
[4.083s] -- Using RMW implementation 'rmw_fastrtps_cpp' as default
[4.118s] -- Found moveit_ros_planning_interface: 2.5.9 (/opt/ros/humble/share/moveit_ros_planning_interface/cmake)
[4.127s] -- Found Boost: /usr/lib/x86_64-linux-gnu/cmake/Boost-1.74.0/BoostConfig.cmake (found version "1.74.0") found components: date_time filesystem program_options system thread 
[4.245s] -- Found Boost: /usr/lib/x86_64-linux-gnu/cmake/Boost-1.74.0/BoostConfig.cmake (found version "1.74.0") found components: chrono date_time filesystem iostreams program_options regex serialization system thread 
[4.827s] -- Found parameter_traits: 0.5.0 (/opt/ros/humble/share/parameter_traits/cmake)
[4.833s] -- Found rclcpp_lifecycle: 16.0.16 (/opt/ros/humble/share/rclcpp_lifecycle/cmake)
[4.852s] -- Found Boost: /usr/lib/x86_64-linux-gnu/cmake/Boost-1.74.0/BoostConfig.cmake (found version "1.74.0") found components: filesystem 
[5.854s] -- library: /usr/lib/x86_64-linux-gnu/libcurl.so
[5.875s] -- Ensuring Eigen3 include directory is part of orocos-kdl CMake target
[6.836s] -- Found Boost: /usr/lib/x86_64-linux-gnu/cmake/Boost-1.74.0/BoostConfig.cmake (found version "1.74.0") found components: system filesystem date_time program_options thread chrono 
[6.862s] -- Found Boost: /usr/lib/x86_64-linux-gnu/cmake/Boost-1.74.0/BoostConfig.cmake (found version "1.74.0") found components: thread system filesystem regex date_time program_options 
[6.876s] -- Found Boost: /usr/lib/x86_64-linux-gnu/cmake/Boost-1.74.0/BoostConfig.cmake (found version "1.74.0") found components: system filesystem date_time program_options thread 
[6.964s] -- Configuring done
[7.062s] -- Generating done
[7.087s] -- Build files have been written to: /home/sunbi/Manipulator/build/dofbot_moveit
[7.102s] Invoked command in '/home/sunbi/Manipulator/build/dofbot_moveit' returned '0': CMAKE_PREFIX_PATH=/opt/ros/humble /usr/bin/cmake /home/sunbi/Manipulator/dofbot_moveit -DCMAKE_INSTALL_PREFIX=/home/sunbi/Manipulator/install/dofbot_moveit
[7.104s] Invoking command in '/home/sunbi/Manipulator/build/dofbot_moveit': CMAKE_PREFIX_PATH=/opt/ros/humble /usr/bin/cmake --build /home/sunbi/Manipulator/build/dofbot_moveit -- -j12 -l12
[7.163s] [ 25%] [32mBuilding CXX object CMakeFiles/dofbot_kinematics.dir/src/dofbot_kinematics.cpp.o[0m
[7.163s] [ 25%] [32mBuilding CXX object CMakeFiles/04_cartesian.dir/src/04_cartesian.cpp.o[0m
[7.163s] [ 25%] [32mBuilding CXX object CMakeFiles/01_random_move.dir/src/01_random_move.cpp.o[0m
[7.163s] [ 25%] [32mBuilding CXX object CMakeFiles/06_multi_track_motion.dir/src/06_multi_track_motion.cpp.o[0m
[7.163s] [ 31%] [32mBuilding CXX object CMakeFiles/03_attached_object.dir/src/03_attached_object.cpp.o[0m
[7.164s] [ 37%] [32mBuilding CXX object CMakeFiles/02_motion_plan.dir/src/02_motion_plan.cpp.o[0m
[7.457s] In file included from [01m[K/home/sunbi/Manipulator/dofbot_moveit/src/dofbot_kinematics.cpp:1[m[K:
[7.457s] [01m[K/home/sunbi/Manipulator/dofbot_moveit/include/dofbot_moveit/dofbot_kinemarics.h:10:10:[m[K [01;31m[Kfatal error: [m[Kkdl_parser/kdl_parser.hpp: No such file or directory
[7.457s]    10 | e [01;31m[K<kdl_parser/kdl_parser.hpp>[m[K
[7.458s]       |   [01;31m[K^~~~~~~~~~~~~~~~~~~~~~~~~~~[m[K
[7.458s] 
[7.458s] compilation terminated.
[7.464s] gmake[2]: *** [CMakeFiles/dofbot_kinematics.dir/build.make:76: CMakeFiles/dofbot_kinematics.dir/src/dofbot_kinematics.cpp.o] Error 1
[7.465s] gmake[1]: *** [CMakeFiles/Makefile2:151: CMakeFiles/dofbot_kinematics.dir/all] Error 2
[7.465s] gmake[1]: *** Waiting for unfinished jobs....
[13.888s] [01m[K/home/sunbi/Manipulator/dofbot_moveit/src/06_multi_track_motion.cpp:[m[K In function ‘[01m[Kint main(int, char**)[m[K’:
[13.889s] [01m[K/home/sunbi/Manipulator/dofbot_moveit/src/06_multi_track_motion.cpp:61:23:[m[K [01;35m[Kwarning: [m[Kcomparison of integer expressions of different signedness: ‘[01m[Kint[m[K’ and ‘[01m[Kstd::vector<std::vector<double, std::allocator<double> > >::size_type[m[K’ {aka ‘[01m[Klong unsigned int[m[K’} [[01;35m[K]8;;https://gcc.gnu.org/onlinedocs/gcc/Warning-Options.html#index-Wsign-compare-Wsign-compare]8;;[m[K]
[13.889s]    61 |     for (int i = 0; [01;35m[Ki < poses.size()[m[K; ++i) {
[13.889s]       |                     [01;35m[K~~^~~~~~~~~~~~~~[m[K
[18.071s] [ 43%] [32m[1mLinking CXX executable 01_random_move[0m
[18.116s] [ 50%] [32m[1mLinking CXX executable 02_motion_plan[0m
[18.328s] [ 56%] [32m[1mLinking CXX executable 03_attached_object[0m
[18.483s] [ 62%] [32m[1mLinking CXX executable 04_cartesian[0m
[18.573s] [ 68%] [32m[1mLinking CXX executable 06_multi_track_motion[0m
[18.711s] [ 68%] Built target 01_random_move
[18.725s] [ 68%] Built target 02_motion_plan
[18.787s] [ 68%] Built target 03_attached_object
[18.898s] [ 68%] Built target 04_cartesian
[18.968s] [ 68%] Built target 06_multi_track_motion
[18.970s] gmake: *** [Makefile:146: all] Error 2
[18.973s] Invoked command in '/home/sunbi/Manipulator/build/dofbot_moveit' returned '2': CMAKE_PREFIX_PATH=/opt/ros/humble /usr/bin/cmake --build /home/sunbi/Manipulator/build/dofbot_moveit -- -j12 -l12
