[0.575s] Invoking command in '/home/sunbi/Manipulator/dofbot_control': PYTHONPATH=/home/sunbi/Manipulator/build/dofbot_control/prefix_override:/usr/lib/python3/dist-packages/colcon_core/task/python/colcon_distutils_commands:/home/sunbi/Manipulator/install/dofbot_control/lib/python3.10/site-packages:${PYTHONPATH} /usr/bin/python3 -W ignore:setup.py install is deprecated -W ignore:easy_install command is deprecated setup.py egg_info --egg-base ../build/dofbot_control build --build-base /home/sunbi/Manipulator/build/dofbot_control/build install --record /home/sunbi/Manipulator/build/dofbot_control/install.log --single-version-externally-managed install_data
[0.762s] running egg_info
[0.762s] writing ../build/dofbot_control/dofbot_control.egg-info/PKG-INFO
[0.763s] writing dependency_links to ../build/dofbot_control/dofbot_control.egg-info/dependency_links.txt
[0.763s] writing entry points to ../build/dofbot_control/dofbot_control.egg-info/entry_points.txt
[0.763s] writing requirements to ../build/dofbot_control/dofbot_control.egg-info/requires.txt
[0.763s] writing top-level names to ../build/dofbot_control/dofbot_control.egg-info/top_level.txt
[0.764s] reading manifest file '../build/dofbot_control/dofbot_control.egg-info/SOURCES.txt'
[0.765s] writing manifest file '../build/dofbot_control/dofbot_control.egg-info/SOURCES.txt'
[0.765s] running build
[0.766s] running build_py
[0.766s] running install
[0.766s] running install_lib
[0.767s] running install_data
[0.767s] running install_egg_info
[0.768s] removing '/home/sunbi/Manipulator/install/dofbot_control/lib/python3.10/site-packages/dofbot_control-0.0.0-py3.10.egg-info' (and everything under it)
[0.769s] Copying ../build/dofbot_control/dofbot_control.egg-info to /home/sunbi/Manipulator/install/dofbot_control/lib/python3.10/site-packages/dofbot_control-0.0.0-py3.10.egg-info
[0.771s] running install_scripts
[0.788s] Installing real_dofbot_controller script to /home/sunbi/Manipulator/install/dofbot_control/lib/dofbot_control
[0.788s] writing list of installed files to '/home/sunbi/Manipulator/build/dofbot_control/install.log'
[0.810s] Invoked command in '/home/sunbi/Manipulator/dofbot_control' returned '0': PYTHONPATH=/home/sunbi/Manipulator/build/dofbot_control/prefix_override:/usr/lib/python3/dist-packages/colcon_core/task/python/colcon_distutils_commands:/home/sunbi/Manipulator/install/dofbot_control/lib/python3.10/site-packages:${PYTHONPATH} /usr/bin/python3 -W ignore:setup.py install is deprecated -W ignore:easy_install command is deprecated setup.py egg_info --egg-base ../build/dofbot_control build --build-base /home/sunbi/Manipulator/build/dofbot_control/build install --record /home/sunbi/Manipulator/build/dofbot_control/install.log --single-version-externally-managed install_data
