[0.032s] Invoking command in '/home/sunbi/Manipulator/build/dofbot_moveit_config': CMAKE_PREFIX_PATH=/home/sunbi/Manipulator/install/dofbot_control:/opt/ros/humble:/home/sunbi/Manipulator/install/dofbot_moveit:/home/sunbi/Manipulator/install/dofbot_moveit_config /usr/bin/cmake --build /home/sunbi/Manipulator/build/dofbot_moveit_config -- -j12 -l12
[0.074s] Invoked command in '/home/sunbi/Manipulator/build/dofbot_moveit_config' returned '0': CMAKE_PREFIX_PATH=/home/sunbi/Manipulator/install/dofbot_control:/opt/ros/humble:/home/sunbi/Manipulator/install/dofbot_moveit:/home/sunbi/Manipulator/install/dofbot_moveit_config /usr/bin/cmake --build /home/sunbi/Manipulator/build/dofbot_moveit_config -- -j12 -l12
[0.076s] Invoking command in '/home/sunbi/Manipulator/build/dofbot_moveit_config': CMAKE_PREFIX_PATH=/home/sunbi/Manipulator/install/dofbot_control:/opt/ros/humble:/home/sunbi/Manipulator/install/dofbot_moveit:/home/sunbi/Manipulator/install/dofbot_moveit_config /usr/bin/cmake --install /home/sunbi/Manipulator/build/dofbot_moveit_config
[0.085s] -- Install configuration: ""
[0.085s] -- Up-to-date: /home/sunbi/Manipulator/install/dofbot_moveit_config/share/ament_index/resource_index/package_run_dependencies/dofbot_moveit_config
[0.085s] -- Up-to-date: /home/sunbi/Manipulator/install/dofbot_moveit_config/share/ament_index/resource_index/parent_prefix_path/dofbot_moveit_config
[0.085s] -- Up-to-date: /home/sunbi/Manipulator/install/dofbot_moveit_config/share/dofbot_moveit_config/environment/ament_prefix_path.sh
[0.085s] -- Up-to-date: /home/sunbi/Manipulator/install/dofbot_moveit_config/share/dofbot_moveit_config/environment/ament_prefix_path.dsv
[0.086s] -- Up-to-date: /home/sunbi/Manipulator/install/dofbot_moveit_config/share/dofbot_moveit_config/environment/path.sh
[0.086s] -- Up-to-date: /home/sunbi/Manipulator/install/dofbot_moveit_config/share/dofbot_moveit_config/environment/path.dsv
[0.086s] -- Up-to-date: /home/sunbi/Manipulator/install/dofbot_moveit_config/share/dofbot_moveit_config/local_setup.bash
[0.086s] -- Up-to-date: /home/sunbi/Manipulator/install/dofbot_moveit_config/share/dofbot_moveit_config/local_setup.sh
[0.086s] -- Up-to-date: /home/sunbi/Manipulator/install/dofbot_moveit_config/share/dofbot_moveit_config/local_setup.zsh
[0.086s] -- Up-to-date: /home/sunbi/Manipulator/install/dofbot_moveit_config/share/dofbot_moveit_config/local_setup.dsv
[0.086s] -- Installing: /home/sunbi/Manipulator/install/dofbot_moveit_config/share/dofbot_moveit_config/package.dsv
[0.086s] -- Up-to-date: /home/sunbi/Manipulator/install/dofbot_moveit_config/share/ament_index/resource_index/packages/dofbot_moveit_config
[0.086s] -- Up-to-date: /home/sunbi/Manipulator/install/dofbot_moveit_config/share/dofbot_moveit_config/cmake/dofbot_moveit_configConfig.cmake
[0.086s] -- Up-to-date: /home/sunbi/Manipulator/install/dofbot_moveit_config/share/dofbot_moveit_config/cmake/dofbot_moveit_configConfig-version.cmake
[0.087s] -- Up-to-date: /home/sunbi/Manipulator/install/dofbot_moveit_config/share/dofbot_moveit_config/package.xml
[0.087s] -- Up-to-date: /home/sunbi/Manipulator/install/dofbot_moveit_config/share/dofbot_moveit_config/launch
[0.087s] -- Up-to-date: /home/sunbi/Manipulator/install/dofbot_moveit_config/share/dofbot_moveit_config/launch/spawn_controllers.launch.py
[0.087s] -- Up-to-date: /home/sunbi/Manipulator/install/dofbot_moveit_config/share/dofbot_moveit_config/launch/moveit_rviz.launch.py
[0.087s] -- Up-to-date: /home/sunbi/Manipulator/install/dofbot_moveit_config/share/dofbot_moveit_config/launch/setup_assistant.launch.py
[0.087s] -- Up-to-date: /home/sunbi/Manipulator/install/dofbot_moveit_config/share/dofbot_moveit_config/launch/demo.launch.py
[0.088s] -- Up-to-date: /home/sunbi/Manipulator/install/dofbot_moveit_config/share/dofbot_moveit_config/launch/warehouse_db.launch.py
[0.088s] -- Up-to-date: /home/sunbi/Manipulator/install/dofbot_moveit_config/share/dofbot_moveit_config/launch/static_virtual_joint_tfs.launch.py
[0.088s] -- Up-to-date: /home/sunbi/Manipulator/install/dofbot_moveit_config/share/dofbot_moveit_config/launch/rsp.launch.py
[0.088s] -- Up-to-date: /home/sunbi/Manipulator/install/dofbot_moveit_config/share/dofbot_moveit_config/launch/move_group.launch.py
[0.088s] -- Up-to-date: /home/sunbi/Manipulator/install/dofbot_moveit_config/share/dofbot_moveit_config/config
[0.088s] -- Up-to-date: /home/sunbi/Manipulator/install/dofbot_moveit_config/share/dofbot_moveit_config/config/ros2_controllers.yaml
[0.088s] -- Up-to-date: /home/sunbi/Manipulator/install/dofbot_moveit_config/share/dofbot_moveit_config/config/joint_limits.yaml
[0.088s] -- Up-to-date: /home/sunbi/Manipulator/install/dofbot_moveit_config/share/dofbot_moveit_config/config/yahboom_dofbot.srdf
[0.088s] -- Up-to-date: /home/sunbi/Manipulator/install/dofbot_moveit_config/share/dofbot_moveit_config/config/yahboom_dofbot.urdf.xacro
[0.088s] -- Up-to-date: /home/sunbi/Manipulator/install/dofbot_moveit_config/share/dofbot_moveit_config/config/kinematics.yaml
[0.088s] -- Up-to-date: /home/sunbi/Manipulator/install/dofbot_moveit_config/share/dofbot_moveit_config/config/initial_positions.yaml
[0.088s] -- Up-to-date: /home/sunbi/Manipulator/install/dofbot_moveit_config/share/dofbot_moveit_config/config/yahboom_dofbot.ros2_control.xacro
[0.089s] -- Up-to-date: /home/sunbi/Manipulator/install/dofbot_moveit_config/share/dofbot_moveit_config/config/pilz_cartesian_limits.yaml
[0.089s] -- Up-to-date: /home/sunbi/Manipulator/install/dofbot_moveit_config/share/dofbot_moveit_config/config/moveit_controllers.yaml
[0.089s] -- Up-to-date: /home/sunbi/Manipulator/install/dofbot_moveit_config/share/dofbot_moveit_config/config/moveit.rviz
[0.089s] -- Up-to-date: /home/sunbi/Manipulator/install/dofbot_moveit_config/share/dofbot_moveit_config/.setup_assistant
[0.092s] Invoked command in '/home/sunbi/Manipulator/build/dofbot_moveit_config' returned '0': CMAKE_PREFIX_PATH=/home/sunbi/Manipulator/install/dofbot_control:/opt/ros/humble:/home/sunbi/Manipulator/install/dofbot_moveit:/home/sunbi/Manipulator/install/dofbot_moveit_config /usr/bin/cmake --install /home/sunbi/Manipulator/build/dofbot_moveit_config
