[3.702s] DEBUG:colcon:Command line arguments: ['/usr/bin/colcon', 'build']
[3.702s] DEBUG:colcon:Parsed command line arguments: Namespace(log_base=None, log_level=None, verb_name='build', build_base='build', install_base='install', merge_install=False, symlink_install=False, test_result_base=None, continue_on_error=False, executor='parallel', parallel_workers=12, event_handlers=None, ignore_user_meta=False, metas=['./colcon.meta'], base_paths=['.'], packages_ignore=None, packages_ignore_regex=None, paths=None, packages_up_to=None, packages_up_to_regex=None, packages_above=None, packages_above_and_dependencies=None, packages_above_depth=None, packages_select_by_dep=None, packages_skip_by_dep=None, packages_skip_up_to=None, packages_select_build_failed=False, packages_skip_build_finished=False, packages_select_test_failures=False, packages_skip_test_passed=False, packages_select=None, packages_skip=None, packages_select_regex=None, packages_skip_regex=None, packages_start=None, packages_end=None, allow_overriding=[], cmake_args=None, cmake_target=None, cmake_target_skip_unavailable=False, cmake_clean_cache=False, cmake_clean_first=False, cmake_force_configure=False, ament_cmake_args=None, catkin_cmake_args=None, catkin_skip_building_tests=False, verb_parser=<colcon_defaults.argument_parser.defaults.DefaultArgumentsDecorator object at 0x709eaf59f700>, verb_extension=<colcon_core.verb.build.BuildVerb object at 0x709eaf764a30>, main=<bound method BuildVerb.main of <colcon_core.verb.build.BuildVerb object at 0x709eaf764a30>>)
[3.817s] Level 1:colcon.colcon_core.package_discovery:discover_packages(colcon_meta) check parameters
[3.817s] Level 1:colcon.colcon_core.package_discovery:discover_packages(recursive) check parameters
[3.817s] Level 1:colcon.colcon_core.package_discovery:discover_packages(ignore) check parameters
[3.817s] Level 1:colcon.colcon_core.package_discovery:discover_packages(path) check parameters
[3.817s] Level 1:colcon.colcon_core.package_discovery:discover_packages(colcon_meta) discover
[3.817s] Level 1:colcon.colcon_core.package_discovery:discover_packages(recursive) discover
[3.818s] INFO:colcon.colcon_core.package_discovery:Crawling recursively for packages in '/home/sunbi/Manipulator'
[3.818s] Level 1:colcon.colcon_core.package_identification:_identify(.) by extensions ['ignore', 'ignore_ament_install']
[3.818s] Level 1:colcon.colcon_core.package_identification:_identify(.) by extension 'ignore'
[3.818s] Level 1:colcon.colcon_core.package_identification:_identify(.) by extension 'ignore_ament_install'
[3.818s] Level 1:colcon.colcon_core.package_identification:_identify(.) by extensions ['colcon_pkg']
[3.818s] Level 1:colcon.colcon_core.package_identification:_identify(.) by extension 'colcon_pkg'
[3.818s] Level 1:colcon.colcon_core.package_identification:_identify(.) by extensions ['colcon_meta']
[3.818s] Level 1:colcon.colcon_core.package_identification:_identify(.) by extension 'colcon_meta'
[3.818s] Level 1:colcon.colcon_core.package_identification:_identify(.) by extensions ['ros']
[3.818s] Level 1:colcon.colcon_core.package_identification:_identify(.) by extension 'ros'
[3.827s] Level 1:colcon.colcon_core.package_identification:_identify(.) by extensions ['cmake', 'python']
[3.827s] Level 1:colcon.colcon_core.package_identification:_identify(.) by extension 'cmake'
[3.827s] Level 1:colcon.colcon_core.package_identification:_identify(.) by extension 'python'
[3.827s] Level 1:colcon.colcon_core.package_identification:_identify(.) by extensions ['python_setup_py']
[3.827s] Level 1:colcon.colcon_core.package_identification:_identify(.) by extension 'python_setup_py'
[3.827s] Level 1:colcon.colcon_core.package_identification:_identify(Meshs) by extensions ['ignore', 'ignore_ament_install']
[3.827s] Level 1:colcon.colcon_core.package_identification:_identify(Meshs) by extension 'ignore'
[3.827s] Level 1:colcon.colcon_core.package_identification:_identify(Meshs) by extension 'ignore_ament_install'
[3.827s] Level 1:colcon.colcon_core.package_identification:_identify(Meshs) by extensions ['colcon_pkg']
[3.827s] Level 1:colcon.colcon_core.package_identification:_identify(Meshs) by extension 'colcon_pkg'
[3.827s] Level 1:colcon.colcon_core.package_identification:_identify(Meshs) by extensions ['colcon_meta']
[3.827s] Level 1:colcon.colcon_core.package_identification:_identify(Meshs) by extension 'colcon_meta'
[3.827s] Level 1:colcon.colcon_core.package_identification:_identify(Meshs) by extensions ['ros']
[3.827s] Level 1:colcon.colcon_core.package_identification:_identify(Meshs) by extension 'ros'
[3.827s] Level 1:colcon.colcon_core.package_identification:_identify(Meshs) by extensions ['cmake', 'python']
[3.827s] Level 1:colcon.colcon_core.package_identification:_identify(Meshs) by extension 'cmake'
[3.827s] Level 1:colcon.colcon_core.package_identification:_identify(Meshs) by extension 'python'
[3.828s] Level 1:colcon.colcon_core.package_identification:_identify(Meshs) by extensions ['python_setup_py']
[3.828s] Level 1:colcon.colcon_core.package_identification:_identify(Meshs) by extension 'python_setup_py'
[3.828s] Level 1:colcon.colcon_core.package_identification:_identify(URDF) by extensions ['ignore', 'ignore_ament_install']
[3.828s] Level 1:colcon.colcon_core.package_identification:_identify(URDF) by extension 'ignore'
[3.828s] Level 1:colcon.colcon_core.package_identification:_identify(URDF) by extension 'ignore_ament_install'
[3.828s] Level 1:colcon.colcon_core.package_identification:_identify(URDF) by extensions ['colcon_pkg']
[3.828s] Level 1:colcon.colcon_core.package_identification:_identify(URDF) by extension 'colcon_pkg'
[3.828s] Level 1:colcon.colcon_core.package_identification:_identify(URDF) by extensions ['colcon_meta']
[3.828s] Level 1:colcon.colcon_core.package_identification:_identify(URDF) by extension 'colcon_meta'
[3.828s] Level 1:colcon.colcon_core.package_identification:_identify(URDF) by extensions ['ros']
[3.828s] Level 1:colcon.colcon_core.package_identification:_identify(URDF) by extension 'ros'
[3.828s] Level 1:colcon.colcon_core.package_identification:_identify(URDF) by extensions ['cmake', 'python']
[3.828s] Level 1:colcon.colcon_core.package_identification:_identify(URDF) by extension 'cmake'
[3.828s] Level 1:colcon.colcon_core.package_identification:_identify(URDF) by extension 'python'
[3.828s] Level 1:colcon.colcon_core.package_identification:_identify(URDF) by extensions ['python_setup_py']
[3.828s] Level 1:colcon.colcon_core.package_identification:_identify(URDF) by extension 'python_setup_py'
[3.828s] Level 1:colcon.colcon_core.package_identification:_identify(build) by extensions ['ignore', 'ignore_ament_install']
[3.828s] Level 1:colcon.colcon_core.package_identification:_identify(build) by extension 'ignore'
[3.828s] Level 1:colcon.colcon_core.package_identification:_identify(build) ignored
[3.829s] Level 1:colcon.colcon_core.package_identification:_identify(dofbot_control) by extensions ['ignore', 'ignore_ament_install']
[3.829s] Level 1:colcon.colcon_core.package_identification:_identify(dofbot_control) by extension 'ignore'
[3.829s] Level 1:colcon.colcon_core.package_identification:_identify(dofbot_control) by extension 'ignore_ament_install'
[3.829s] Level 1:colcon.colcon_core.package_identification:_identify(dofbot_control) by extensions ['colcon_pkg']
[3.829s] Level 1:colcon.colcon_core.package_identification:_identify(dofbot_control) by extension 'colcon_pkg'
[3.829s] Level 1:colcon.colcon_core.package_identification:_identify(dofbot_control) by extensions ['colcon_meta']
[3.829s] Level 1:colcon.colcon_core.package_identification:_identify(dofbot_control) by extension 'colcon_meta'
[3.829s] Level 1:colcon.colcon_core.package_identification:_identify(dofbot_control) by extensions ['ros']
[3.829s] Level 1:colcon.colcon_core.package_identification:_identify(dofbot_control) by extension 'ros'
[3.831s] DEBUG:colcon.colcon_core.package_identification:Package 'dofbot_control' with type 'ros.ament_python' and name 'dofbot_control'
[3.831s] Level 1:colcon.colcon_core.package_identification:_identify(dofbot_moveit) by extensions ['ignore', 'ignore_ament_install']
[3.831s] Level 1:colcon.colcon_core.package_identification:_identify(dofbot_moveit) by extension 'ignore'
[3.831s] Level 1:colcon.colcon_core.package_identification:_identify(dofbot_moveit) by extension 'ignore_ament_install'
[3.831s] Level 1:colcon.colcon_core.package_identification:_identify(dofbot_moveit) by extensions ['colcon_pkg']
[3.831s] Level 1:colcon.colcon_core.package_identification:_identify(dofbot_moveit) by extension 'colcon_pkg'
[3.831s] Level 1:colcon.colcon_core.package_identification:_identify(dofbot_moveit) by extensions ['colcon_meta']
[3.831s] Level 1:colcon.colcon_core.package_identification:_identify(dofbot_moveit) by extension 'colcon_meta'
[3.831s] Level 1:colcon.colcon_core.package_identification:_identify(dofbot_moveit) by extensions ['ros']
[3.831s] Level 1:colcon.colcon_core.package_identification:_identify(dofbot_moveit) by extension 'ros'
[3.832s] DEBUG:colcon.colcon_core.package_identification:Package 'dofbot_moveit' with type 'ros.ament_cmake' and name 'dofbot_moveit'
[3.832s] Level 1:colcon.colcon_core.package_identification:_identify(dofbot_moveit_config) by extensions ['ignore', 'ignore_ament_install']
[3.832s] Level 1:colcon.colcon_core.package_identification:_identify(dofbot_moveit_config) by extension 'ignore'
[3.832s] Level 1:colcon.colcon_core.package_identification:_identify(dofbot_moveit_config) by extension 'ignore_ament_install'
[3.832s] Level 1:colcon.colcon_core.package_identification:_identify(dofbot_moveit_config) by extensions ['colcon_pkg']
[3.832s] Level 1:colcon.colcon_core.package_identification:_identify(dofbot_moveit_config) by extension 'colcon_pkg'
[3.832s] Level 1:colcon.colcon_core.package_identification:_identify(dofbot_moveit_config) by extensions ['colcon_meta']
[3.832s] Level 1:colcon.colcon_core.package_identification:_identify(dofbot_moveit_config) by extension 'colcon_meta'
[3.832s] Level 1:colcon.colcon_core.package_identification:_identify(dofbot_moveit_config) by extensions ['ros']
[3.832s] Level 1:colcon.colcon_core.package_identification:_identify(dofbot_moveit_config) by extension 'ros'
[3.833s] DEBUG:colcon.colcon_core.package_identification:Package 'dofbot_moveit_config' with type 'ros.ament_cmake' and name 'dofbot_moveit_config'
[3.833s] Level 1:colcon.colcon_core.package_identification:_identify(install) by extensions ['ignore', 'ignore_ament_install']
[3.833s] Level 1:colcon.colcon_core.package_identification:_identify(install) by extension 'ignore'
[3.833s] Level 1:colcon.colcon_core.package_identification:_identify(install) ignored
[3.833s] Level 1:colcon.colcon_core.package_identification:_identify(log) by extensions ['ignore', 'ignore_ament_install']
[3.833s] Level 1:colcon.colcon_core.package_identification:_identify(log) by extension 'ignore'
[3.833s] Level 1:colcon.colcon_core.package_identification:_identify(log) ignored
[3.833s] Level 1:colcon.colcon_core.package_discovery:discover_packages(recursive) using defaults
[3.833s] Level 1:colcon.colcon_core.package_discovery:discover_packages(ignore) discover
[3.833s] Level 1:colcon.colcon_core.package_discovery:discover_packages(ignore) using defaults
[3.833s] Level 1:colcon.colcon_core.package_discovery:discover_packages(path) discover
[3.833s] Level 1:colcon.colcon_core.package_discovery:discover_packages(path) using defaults
[3.849s] Level 1:colcon.colcon_core.package_discovery:discover_packages(prefix_path) check parameters
[3.849s] Level 1:colcon.colcon_core.package_discovery:discover_packages(prefix_path) discover
[3.850s] DEBUG:colcon.colcon_installed_package_information.package_discovery:Found 2 installed packages in /home/sunbi/Manipulator/install
[3.851s] DEBUG:colcon.colcon_installed_package_information.package_discovery:Found 357 installed packages in /opt/ros/humble
[3.859s] Level 1:colcon.colcon_core.package_discovery:discover_packages(prefix_path) using defaults
[3.891s] Level 5:colcon.colcon_core.verb:set package 'dofbot_control' build argument 'cmake_args' from command line to 'None'
[3.891s] Level 5:colcon.colcon_core.verb:set package 'dofbot_control' build argument 'cmake_target' from command line to 'None'
[3.891s] Level 5:colcon.colcon_core.verb:set package 'dofbot_control' build argument 'cmake_target_skip_unavailable' from command line to 'False'
[3.891s] Level 5:colcon.colcon_core.verb:set package 'dofbot_control' build argument 'cmake_clean_cache' from command line to 'False'
[3.891s] Level 5:colcon.colcon_core.verb:set package 'dofbot_control' build argument 'cmake_clean_first' from command line to 'False'
[3.891s] Level 5:colcon.colcon_core.verb:set package 'dofbot_control' build argument 'cmake_force_configure' from command line to 'False'
[3.891s] Level 5:colcon.colcon_core.verb:set package 'dofbot_control' build argument 'ament_cmake_args' from command line to 'None'
[3.891s] Level 5:colcon.colcon_core.verb:set package 'dofbot_control' build argument 'catkin_cmake_args' from command line to 'None'
[3.891s] Level 5:colcon.colcon_core.verb:set package 'dofbot_control' build argument 'catkin_skip_building_tests' from command line to 'False'
[3.891s] DEBUG:colcon.colcon_core.verb:Building package 'dofbot_control' with the following arguments: {'ament_cmake_args': None, 'build_base': '/home/sunbi/Manipulator/build/dofbot_control', 'catkin_cmake_args': None, 'catkin_skip_building_tests': False, 'cmake_args': None, 'cmake_clean_cache': False, 'cmake_clean_first': False, 'cmake_force_configure': False, 'cmake_target': None, 'cmake_target_skip_unavailable': False, 'install_base': '/home/sunbi/Manipulator/install/dofbot_control', 'merge_install': False, 'path': '/home/sunbi/Manipulator/dofbot_control', 'symlink_install': False, 'test_result_base': None}
[3.891s] Level 5:colcon.colcon_core.verb:set package 'dofbot_moveit' build argument 'cmake_args' from command line to 'None'
[3.891s] Level 5:colcon.colcon_core.verb:set package 'dofbot_moveit' build argument 'cmake_target' from command line to 'None'
[3.891s] Level 5:colcon.colcon_core.verb:set package 'dofbot_moveit' build argument 'cmake_target_skip_unavailable' from command line to 'False'
[3.891s] Level 5:colcon.colcon_core.verb:set package 'dofbot_moveit' build argument 'cmake_clean_cache' from command line to 'False'
[3.891s] Level 5:colcon.colcon_core.verb:set package 'dofbot_moveit' build argument 'cmake_clean_first' from command line to 'False'
[3.891s] Level 5:colcon.colcon_core.verb:set package 'dofbot_moveit' build argument 'cmake_force_configure' from command line to 'False'
[3.891s] Level 5:colcon.colcon_core.verb:set package 'dofbot_moveit' build argument 'ament_cmake_args' from command line to 'None'
[3.891s] Level 5:colcon.colcon_core.verb:set package 'dofbot_moveit' build argument 'catkin_cmake_args' from command line to 'None'
[3.891s] Level 5:colcon.colcon_core.verb:set package 'dofbot_moveit' build argument 'catkin_skip_building_tests' from command line to 'False'
[3.892s] DEBUG:colcon.colcon_core.verb:Building package 'dofbot_moveit' with the following arguments: {'ament_cmake_args': None, 'build_base': '/home/sunbi/Manipulator/build/dofbot_moveit', 'catkin_cmake_args': None, 'catkin_skip_building_tests': False, 'cmake_args': None, 'cmake_clean_cache': False, 'cmake_clean_first': False, 'cmake_force_configure': False, 'cmake_target': None, 'cmake_target_skip_unavailable': False, 'install_base': '/home/sunbi/Manipulator/install/dofbot_moveit', 'merge_install': False, 'path': '/home/sunbi/Manipulator/dofbot_moveit', 'symlink_install': False, 'test_result_base': None}
[3.892s] Level 5:colcon.colcon_core.verb:set package 'dofbot_moveit_config' build argument 'cmake_args' from command line to 'None'
[3.892s] Level 5:colcon.colcon_core.verb:set package 'dofbot_moveit_config' build argument 'cmake_target' from command line to 'None'
[3.892s] Level 5:colcon.colcon_core.verb:set package 'dofbot_moveit_config' build argument 'cmake_target_skip_unavailable' from command line to 'False'
[3.892s] Level 5:colcon.colcon_core.verb:set package 'dofbot_moveit_config' build argument 'cmake_clean_cache' from command line to 'False'
[3.892s] Level 5:colcon.colcon_core.verb:set package 'dofbot_moveit_config' build argument 'cmake_clean_first' from command line to 'False'
[3.892s] Level 5:colcon.colcon_core.verb:set package 'dofbot_moveit_config' build argument 'cmake_force_configure' from command line to 'False'
[3.892s] Level 5:colcon.colcon_core.verb:set package 'dofbot_moveit_config' build argument 'ament_cmake_args' from command line to 'None'
[3.892s] Level 5:colcon.colcon_core.verb:set package 'dofbot_moveit_config' build argument 'catkin_cmake_args' from command line to 'None'
[3.892s] Level 5:colcon.colcon_core.verb:set package 'dofbot_moveit_config' build argument 'catkin_skip_building_tests' from command line to 'False'
[3.892s] DEBUG:colcon.colcon_core.verb:Building package 'dofbot_moveit_config' with the following arguments: {'ament_cmake_args': None, 'build_base': '/home/sunbi/Manipulator/build/dofbot_moveit_config', 'catkin_cmake_args': None, 'catkin_skip_building_tests': False, 'cmake_args': None, 'cmake_clean_cache': False, 'cmake_clean_first': False, 'cmake_force_configure': False, 'cmake_target': None, 'cmake_target_skip_unavailable': False, 'install_base': '/home/sunbi/Manipulator/install/dofbot_moveit_config', 'merge_install': False, 'path': '/home/sunbi/Manipulator/dofbot_moveit_config', 'symlink_install': False, 'test_result_base': None}
[3.892s] INFO:colcon.colcon_core.executor:Executing jobs using 'parallel' executor
[3.893s] DEBUG:colcon.colcon_parallel_executor.executor.parallel:run_until_complete
[3.893s] INFO:colcon.colcon_ros.task.ament_cmake.build:Building ROS package in '/home/sunbi/Manipulator/dofbot_moveit' with build type 'ament_cmake'
[3.893s] INFO:colcon.colcon_cmake.task.cmake.build:Building CMake package in '/home/sunbi/Manipulator/dofbot_moveit'
[3.895s] INFO:colcon.colcon_core.plugin_system:Skipping extension 'colcon_core.shell.bat': Not used on non-Windows systems
[3.896s] INFO:colcon.colcon_core.shell:Skip shell extension 'powershell' for command environment: Not usable outside of PowerShell
[3.896s] DEBUG:colcon.colcon_core.shell:Skip shell extension 'dsv' for command environment
[3.899s] INFO:colcon.colcon_ros.task.ament_python.build:Building ROS package in '/home/sunbi/Manipulator/dofbot_control' with build type 'ament_python'
[3.899s] Level 1:colcon.colcon_core.shell:create_environment_hook('dofbot_control', 'ament_prefix_path')
[3.899s] INFO:colcon.colcon_core.shell:Creating environment hook '/home/sunbi/Manipulator/install/dofbot_control/share/dofbot_control/hook/ament_prefix_path.ps1'
[3.900s] INFO:colcon.colcon_core.shell:Creating environment descriptor '/home/sunbi/Manipulator/install/dofbot_control/share/dofbot_control/hook/ament_prefix_path.dsv'
[3.900s] INFO:colcon.colcon_core.shell:Creating environment hook '/home/sunbi/Manipulator/install/dofbot_control/share/dofbot_control/hook/ament_prefix_path.sh'
[3.901s] INFO:colcon.colcon_core.shell:Skip shell extension 'powershell' for command environment: Not usable outside of PowerShell
[3.901s] DEBUG:colcon.colcon_core.shell:Skip shell extension 'dsv' for command environment
[3.911s] DEBUG:colcon.colcon_core.event_handler.log_command:Invoking command in '/home/sunbi/Manipulator/build/dofbot_moveit': CMAKE_PREFIX_PATH=/home/sunbi/Manipulator/install/dofbot_control:/opt/ros/humble:${CMAKE_PREFIX_PATH} /usr/bin/cmake --build /home/sunbi/Manipulator/build/dofbot_moveit -- -j12 -l12
[4.114s] INFO:colcon.colcon_core.task.python.build:Building Python package in '/home/sunbi/Manipulator/dofbot_control'
[4.115s] INFO:colcon.colcon_core.shell:Skip shell extension 'powershell' for command environment: Not usable outside of PowerShell
[4.115s] DEBUG:colcon.colcon_core.shell:Skip shell extension 'dsv' for command environment
[4.119s] DEBUG:colcon.colcon_core.event_handler.log_command:Invoked command in '/home/sunbi/Manipulator/build/dofbot_moveit' returned '0': CMAKE_PREFIX_PATH=/home/sunbi/Manipulator/install/dofbot_control:/opt/ros/humble:${CMAKE_PREFIX_PATH} /usr/bin/cmake --build /home/sunbi/Manipulator/build/dofbot_moveit -- -j12 -l12
[4.131s] DEBUG:colcon.colcon_core.event_handler.log_command:Invoking command in '/home/sunbi/Manipulator/build/dofbot_moveit': CMAKE_PREFIX_PATH=/home/sunbi/Manipulator/install/dofbot_control:/opt/ros/humble:${CMAKE_PREFIX_PATH} /usr/bin/cmake --install /home/sunbi/Manipulator/build/dofbot_moveit
[4.146s] Level 1:colcon.colcon_core.environment:create_environment_scripts_only(dofbot_moveit)
[4.147s] DEBUG:colcon.colcon_core.event_handler.log_command:Invoked command in '/home/sunbi/Manipulator/build/dofbot_moveit' returned '0': CMAKE_PREFIX_PATH=/home/sunbi/Manipulator/install/dofbot_control:/opt/ros/humble:${CMAKE_PREFIX_PATH} /usr/bin/cmake --install /home/sunbi/Manipulator/build/dofbot_moveit
[4.148s] Level 1:colcon.colcon_core.environment:checking '/home/sunbi/Manipulator/install/dofbot_moveit' for CMake module files
[4.149s] Level 1:colcon.colcon_core.environment:checking '/home/sunbi/Manipulator/install/dofbot_moveit' for CMake config files
[4.149s] Level 1:colcon.colcon_core.shell:create_environment_hook('dofbot_moveit', 'cmake_prefix_path')
[4.149s] INFO:colcon.colcon_core.shell:Creating environment hook '/home/sunbi/Manipulator/install/dofbot_moveit/share/dofbot_moveit/hook/cmake_prefix_path.ps1'
[4.149s] INFO:colcon.colcon_core.shell:Creating environment descriptor '/home/sunbi/Manipulator/install/dofbot_moveit/share/dofbot_moveit/hook/cmake_prefix_path.dsv'
[4.150s] INFO:colcon.colcon_core.shell:Creating environment hook '/home/sunbi/Manipulator/install/dofbot_moveit/share/dofbot_moveit/hook/cmake_prefix_path.sh'
[4.150s] Level 1:colcon.colcon_core.environment:checking '/home/sunbi/Manipulator/install/dofbot_moveit/lib'
[4.150s] Level 1:colcon.colcon_core.environment:checking '/home/sunbi/Manipulator/install/dofbot_moveit/bin'
[4.150s] Level 1:colcon.colcon_core.environment:checking '/home/sunbi/Manipulator/install/dofbot_moveit/lib/pkgconfig/dofbot_moveit.pc'
[4.151s] Level 1:colcon.colcon_core.environment:checking '/home/sunbi/Manipulator/install/dofbot_moveit/lib/python3.10/site-packages'
[4.151s] Level 1:colcon.colcon_core.environment:checking '/home/sunbi/Manipulator/install/dofbot_moveit/bin'
[4.151s] INFO:colcon.colcon_core.shell:Creating package script '/home/sunbi/Manipulator/install/dofbot_moveit/share/dofbot_moveit/package.ps1'
[4.152s] INFO:colcon.colcon_core.shell:Creating package descriptor '/home/sunbi/Manipulator/install/dofbot_moveit/share/dofbot_moveit/package.dsv'
[4.152s] INFO:colcon.colcon_core.shell:Creating package script '/home/sunbi/Manipulator/install/dofbot_moveit/share/dofbot_moveit/package.sh'
[4.153s] INFO:colcon.colcon_core.shell:Creating package script '/home/sunbi/Manipulator/install/dofbot_moveit/share/dofbot_moveit/package.bash'
[4.153s] INFO:colcon.colcon_core.shell:Creating package script '/home/sunbi/Manipulator/install/dofbot_moveit/share/dofbot_moveit/package.zsh'
[4.154s] Level 1:colcon.colcon_core.environment:create_file_with_runtime_dependencies(/home/sunbi/Manipulator/install/dofbot_moveit/share/colcon-core/packages/dofbot_moveit)
[4.154s] Level 1:colcon.colcon_core.environment:create_environment_scripts_only(dofbot_moveit)
[4.154s] Level 1:colcon.colcon_core.environment:checking '/home/sunbi/Manipulator/install/dofbot_moveit' for CMake module files
[4.155s] Level 1:colcon.colcon_core.environment:checking '/home/sunbi/Manipulator/install/dofbot_moveit' for CMake config files
[4.155s] Level 1:colcon.colcon_core.shell:create_environment_hook('dofbot_moveit', 'cmake_prefix_path')
[4.155s] INFO:colcon.colcon_core.shell:Creating environment hook '/home/sunbi/Manipulator/install/dofbot_moveit/share/dofbot_moveit/hook/cmake_prefix_path.ps1'
[4.155s] INFO:colcon.colcon_core.shell:Creating environment descriptor '/home/sunbi/Manipulator/install/dofbot_moveit/share/dofbot_moveit/hook/cmake_prefix_path.dsv'
[4.156s] INFO:colcon.colcon_core.shell:Creating environment hook '/home/sunbi/Manipulator/install/dofbot_moveit/share/dofbot_moveit/hook/cmake_prefix_path.sh'
[4.156s] Level 1:colcon.colcon_core.environment:checking '/home/sunbi/Manipulator/install/dofbot_moveit/lib'
[4.156s] Level 1:colcon.colcon_core.environment:checking '/home/sunbi/Manipulator/install/dofbot_moveit/bin'
[4.156s] Level 1:colcon.colcon_core.environment:checking '/home/sunbi/Manipulator/install/dofbot_moveit/lib/pkgconfig/dofbot_moveit.pc'
[4.156s] Level 1:colcon.colcon_core.environment:checking '/home/sunbi/Manipulator/install/dofbot_moveit/lib/python3.10/site-packages'
[4.157s] Level 1:colcon.colcon_core.environment:checking '/home/sunbi/Manipulator/install/dofbot_moveit/bin'
[4.157s] INFO:colcon.colcon_core.shell:Creating package script '/home/sunbi/Manipulator/install/dofbot_moveit/share/dofbot_moveit/package.ps1'
[4.157s] INFO:colcon.colcon_core.shell:Creating package descriptor '/home/sunbi/Manipulator/install/dofbot_moveit/share/dofbot_moveit/package.dsv'
[4.157s] INFO:colcon.colcon_core.shell:Creating package script '/home/sunbi/Manipulator/install/dofbot_moveit/share/dofbot_moveit/package.sh'
[4.158s] INFO:colcon.colcon_core.shell:Creating package script '/home/sunbi/Manipulator/install/dofbot_moveit/share/dofbot_moveit/package.bash'
[4.158s] INFO:colcon.colcon_core.shell:Creating package script '/home/sunbi/Manipulator/install/dofbot_moveit/share/dofbot_moveit/package.zsh'
[4.158s] Level 1:colcon.colcon_core.environment:create_file_with_runtime_dependencies(/home/sunbi/Manipulator/install/dofbot_moveit/share/colcon-core/packages/dofbot_moveit)
[4.159s] INFO:colcon.colcon_ros.task.ament_cmake.build:Building ROS package in '/home/sunbi/Manipulator/dofbot_moveit_config' with build type 'ament_cmake'
[4.159s] INFO:colcon.colcon_cmake.task.cmake.build:Building CMake package in '/home/sunbi/Manipulator/dofbot_moveit_config'
[4.159s] INFO:colcon.colcon_core.shell:Skip shell extension 'powershell' for command environment: Not usable outside of PowerShell
[4.160s] DEBUG:colcon.colcon_core.shell:Skip shell extension 'dsv' for command environment
[4.192s] DEBUG:colcon.colcon_core.event_handler.log_command:Invoking command in '/home/sunbi/Manipulator/build/dofbot_moveit_config': CMAKE_PREFIX_PATH=/home/sunbi/Manipulator/install/dofbot_control:/opt/ros/humble:${CMAKE_PREFIX_PATH} /usr/bin/cmake /home/sunbi/Manipulator/dofbot_moveit_config -DCMAKE_INSTALL_PREFIX=/home/sunbi/Manipulator/install/dofbot_moveit_config
[4.371s] DEBUG:colcon.colcon_core.event_handler.log_command:Invoked command in '/home/sunbi/Manipulator/build/dofbot_moveit_config' returned '0': CMAKE_PREFIX_PATH=/home/sunbi/Manipulator/install/dofbot_control:/opt/ros/humble:${CMAKE_PREFIX_PATH} /usr/bin/cmake /home/sunbi/Manipulator/dofbot_moveit_config -DCMAKE_INSTALL_PREFIX=/home/sunbi/Manipulator/install/dofbot_moveit_config
[4.372s] DEBUG:colcon.colcon_core.event_handler.log_command:Invoking command in '/home/sunbi/Manipulator/build/dofbot_moveit_config': CMAKE_PREFIX_PATH=/home/sunbi/Manipulator/install/dofbot_control:/opt/ros/humble:${CMAKE_PREFIX_PATH} /usr/bin/cmake --build /home/sunbi/Manipulator/build/dofbot_moveit_config -- -j12 -l12
[4.402s] DEBUG:colcon.colcon_core.event_handler.log_command:Invoking command in '/home/sunbi/Manipulator/dofbot_control': PYTHONPATH=/home/sunbi/Manipulator/build/dofbot_control/prefix_override:/usr/lib/python3/dist-packages/colcon_core/task/python/colcon_distutils_commands:/home/sunbi/Manipulator/install/dofbot_control/lib/python3.10/site-packages:${PYTHONPATH} /usr/bin/python3 -W ignore:setup.py install is deprecated -W ignore:easy_install command is deprecated setup.py egg_info --egg-base ../build/dofbot_control build --build-base /home/sunbi/Manipulator/build/dofbot_control/build install --record /home/sunbi/Manipulator/build/dofbot_control/install.log --single-version-externally-managed install_data
[4.411s] DEBUG:colcon.colcon_core.event_handler.log_command:Invoked command in '/home/sunbi/Manipulator/build/dofbot_moveit_config' returned '0': CMAKE_PREFIX_PATH=/home/sunbi/Manipulator/install/dofbot_control:/opt/ros/humble:${CMAKE_PREFIX_PATH} /usr/bin/cmake --build /home/sunbi/Manipulator/build/dofbot_moveit_config -- -j12 -l12
[4.413s] DEBUG:colcon.colcon_core.event_handler.log_command:Invoking command in '/home/sunbi/Manipulator/build/dofbot_moveit_config': CMAKE_PREFIX_PATH=/home/sunbi/Manipulator/install/dofbot_control:/opt/ros/humble:${CMAKE_PREFIX_PATH} /usr/bin/cmake --install /home/sunbi/Manipulator/build/dofbot_moveit_config
[4.434s] Level 1:colcon.colcon_core.environment:create_environment_scripts_only(dofbot_moveit_config)
[4.434s] DEBUG:colcon.colcon_core.event_handler.log_command:Invoked command in '/home/sunbi/Manipulator/build/dofbot_moveit_config' returned '0': CMAKE_PREFIX_PATH=/home/sunbi/Manipulator/install/dofbot_control:/opt/ros/humble:${CMAKE_PREFIX_PATH} /usr/bin/cmake --install /home/sunbi/Manipulator/build/dofbot_moveit_config
[4.434s] Level 1:colcon.colcon_core.environment:checking '/home/sunbi/Manipulator/install/dofbot_moveit_config' for CMake module files
[4.435s] Level 1:colcon.colcon_core.environment:checking '/home/sunbi/Manipulator/install/dofbot_moveit_config' for CMake config files
[4.435s] Level 1:colcon.colcon_core.shell:create_environment_hook('dofbot_moveit_config', 'cmake_prefix_path')
[4.435s] INFO:colcon.colcon_core.shell:Creating environment hook '/home/sunbi/Manipulator/install/dofbot_moveit_config/share/dofbot_moveit_config/hook/cmake_prefix_path.ps1'
[4.436s] INFO:colcon.colcon_core.shell:Creating environment descriptor '/home/sunbi/Manipulator/install/dofbot_moveit_config/share/dofbot_moveit_config/hook/cmake_prefix_path.dsv'
[4.436s] INFO:colcon.colcon_core.shell:Creating environment hook '/home/sunbi/Manipulator/install/dofbot_moveit_config/share/dofbot_moveit_config/hook/cmake_prefix_path.sh'
[4.437s] Level 1:colcon.colcon_core.environment:checking '/home/sunbi/Manipulator/install/dofbot_moveit_config/bin'
[4.437s] Level 1:colcon.colcon_core.environment:checking '/home/sunbi/Manipulator/install/dofbot_moveit_config/lib/pkgconfig/dofbot_moveit_config.pc'
[4.437s] Level 1:colcon.colcon_core.environment:checking '/home/sunbi/Manipulator/install/dofbot_moveit_config/lib/python3.10/site-packages'
[4.437s] Level 1:colcon.colcon_core.environment:checking '/home/sunbi/Manipulator/install/dofbot_moveit_config/bin'
[4.438s] INFO:colcon.colcon_core.shell:Creating package script '/home/sunbi/Manipulator/install/dofbot_moveit_config/share/dofbot_moveit_config/package.ps1'
[4.438s] INFO:colcon.colcon_core.shell:Creating package descriptor '/home/sunbi/Manipulator/install/dofbot_moveit_config/share/dofbot_moveit_config/package.dsv'
[4.438s] INFO:colcon.colcon_core.shell:Creating package script '/home/sunbi/Manipulator/install/dofbot_moveit_config/share/dofbot_moveit_config/package.sh'
[4.439s] INFO:colcon.colcon_core.shell:Creating package script '/home/sunbi/Manipulator/install/dofbot_moveit_config/share/dofbot_moveit_config/package.bash'
[4.439s] INFO:colcon.colcon_core.shell:Creating package script '/home/sunbi/Manipulator/install/dofbot_moveit_config/share/dofbot_moveit_config/package.zsh'
[4.439s] Level 1:colcon.colcon_core.environment:create_file_with_runtime_dependencies(/home/sunbi/Manipulator/install/dofbot_moveit_config/share/colcon-core/packages/dofbot_moveit_config)
[4.440s] Level 1:colcon.colcon_core.environment:create_environment_scripts_only(dofbot_moveit_config)
[4.441s] Level 1:colcon.colcon_core.environment:checking '/home/sunbi/Manipulator/install/dofbot_moveit_config' for CMake module files
[4.441s] Level 1:colcon.colcon_core.environment:checking '/home/sunbi/Manipulator/install/dofbot_moveit_config' for CMake config files
[4.441s] Level 1:colcon.colcon_core.shell:create_environment_hook('dofbot_moveit_config', 'cmake_prefix_path')
[4.441s] INFO:colcon.colcon_core.shell:Creating environment hook '/home/sunbi/Manipulator/install/dofbot_moveit_config/share/dofbot_moveit_config/hook/cmake_prefix_path.ps1'
[4.442s] INFO:colcon.colcon_core.shell:Creating environment descriptor '/home/sunbi/Manipulator/install/dofbot_moveit_config/share/dofbot_moveit_config/hook/cmake_prefix_path.dsv'
[4.442s] INFO:colcon.colcon_core.shell:Creating environment hook '/home/sunbi/Manipulator/install/dofbot_moveit_config/share/dofbot_moveit_config/hook/cmake_prefix_path.sh'
[4.442s] Level 1:colcon.colcon_core.environment:checking '/home/sunbi/Manipulator/install/dofbot_moveit_config/bin'
[4.442s] Level 1:colcon.colcon_core.environment:checking '/home/sunbi/Manipulator/install/dofbot_moveit_config/lib/pkgconfig/dofbot_moveit_config.pc'
[4.443s] Level 1:colcon.colcon_core.environment:checking '/home/sunbi/Manipulator/install/dofbot_moveit_config/lib/python3.10/site-packages'
[4.443s] Level 1:colcon.colcon_core.environment:checking '/home/sunbi/Manipulator/install/dofbot_moveit_config/bin'
[4.443s] INFO:colcon.colcon_core.shell:Creating package script '/home/sunbi/Manipulator/install/dofbot_moveit_config/share/dofbot_moveit_config/package.ps1'
[4.443s] INFO:colcon.colcon_core.shell:Creating package descriptor '/home/sunbi/Manipulator/install/dofbot_moveit_config/share/dofbot_moveit_config/package.dsv'
[4.444s] INFO:colcon.colcon_core.shell:Creating package script '/home/sunbi/Manipulator/install/dofbot_moveit_config/share/dofbot_moveit_config/package.sh'
[4.444s] INFO:colcon.colcon_core.shell:Creating package script '/home/sunbi/Manipulator/install/dofbot_moveit_config/share/dofbot_moveit_config/package.bash'
[4.444s] INFO:colcon.colcon_core.shell:Creating package script '/home/sunbi/Manipulator/install/dofbot_moveit_config/share/dofbot_moveit_config/package.zsh'
[4.445s] Level 1:colcon.colcon_core.environment:create_file_with_runtime_dependencies(/home/sunbi/Manipulator/install/dofbot_moveit_config/share/colcon-core/packages/dofbot_moveit_config)
[4.611s] Level 1:colcon.colcon_core.environment:checking '/home/sunbi/Manipulator/install/dofbot_control' for CMake module files
[4.612s] DEBUG:colcon.colcon_core.event_handler.log_command:Invoked command in '/home/sunbi/Manipulator/dofbot_control' returned '0': PYTHONPATH=/home/sunbi/Manipulator/build/dofbot_control/prefix_override:/usr/lib/python3/dist-packages/colcon_core/task/python/colcon_distutils_commands:/home/sunbi/Manipulator/install/dofbot_control/lib/python3.10/site-packages:${PYTHONPATH} /usr/bin/python3 -W ignore:setup.py install is deprecated -W ignore:easy_install command is deprecated setup.py egg_info --egg-base ../build/dofbot_control build --build-base /home/sunbi/Manipulator/build/dofbot_control/build install --record /home/sunbi/Manipulator/build/dofbot_control/install.log --single-version-externally-managed install_data
[4.612s] Level 1:colcon.colcon_core.environment:checking '/home/sunbi/Manipulator/install/dofbot_control' for CMake config files
[4.613s] Level 1:colcon.colcon_core.environment:checking '/home/sunbi/Manipulator/install/dofbot_control/lib'
[4.613s] Level 1:colcon.colcon_core.environment:checking '/home/sunbi/Manipulator/install/dofbot_control/bin'
[4.613s] Level 1:colcon.colcon_core.environment:checking '/home/sunbi/Manipulator/install/dofbot_control/lib/pkgconfig/dofbot_control.pc'
[4.613s] Level 1:colcon.colcon_core.environment:checking '/home/sunbi/Manipulator/install/dofbot_control/lib/python3.10/site-packages'
[4.613s] Level 1:colcon.colcon_core.shell:create_environment_hook('dofbot_control', 'pythonpath')
[4.614s] INFO:colcon.colcon_core.shell:Creating environment hook '/home/sunbi/Manipulator/install/dofbot_control/share/dofbot_control/hook/pythonpath.ps1'
[4.614s] INFO:colcon.colcon_core.shell:Creating environment descriptor '/home/sunbi/Manipulator/install/dofbot_control/share/dofbot_control/hook/pythonpath.dsv'
[4.614s] INFO:colcon.colcon_core.shell:Creating environment hook '/home/sunbi/Manipulator/install/dofbot_control/share/dofbot_control/hook/pythonpath.sh'
[4.615s] Level 1:colcon.colcon_core.environment:checking '/home/sunbi/Manipulator/install/dofbot_control/bin'
[4.615s] Level 1:colcon.colcon_core.environment:create_environment_scripts_only(dofbot_control)
[4.615s] INFO:colcon.colcon_core.shell:Creating package script '/home/sunbi/Manipulator/install/dofbot_control/share/dofbot_control/package.ps1'
[4.616s] INFO:colcon.colcon_core.shell:Creating package descriptor '/home/sunbi/Manipulator/install/dofbot_control/share/dofbot_control/package.dsv'
[4.616s] INFO:colcon.colcon_core.shell:Creating package script '/home/sunbi/Manipulator/install/dofbot_control/share/dofbot_control/package.sh'
[4.616s] INFO:colcon.colcon_core.shell:Creating package script '/home/sunbi/Manipulator/install/dofbot_control/share/dofbot_control/package.bash'
[4.617s] INFO:colcon.colcon_core.shell:Creating package script '/home/sunbi/Manipulator/install/dofbot_control/share/dofbot_control/package.zsh'
[4.617s] Level 1:colcon.colcon_core.environment:create_file_with_runtime_dependencies(/home/sunbi/Manipulator/install/dofbot_control/share/colcon-core/packages/dofbot_control)
[4.617s] DEBUG:colcon.colcon_parallel_executor.executor.parallel:closing loop
[4.618s] DEBUG:colcon.colcon_parallel_executor.executor.parallel:loop closed
[4.618s] DEBUG:colcon.colcon_parallel_executor.executor.parallel:run_until_complete finished with '0'
[4.618s] DEBUG:colcon.colcon_core.event_reactor:joining thread
[4.643s] INFO:colcon.colcon_core.plugin_system:Skipping extension 'colcon_notification.desktop_notification.notify_send': Could not find 'notify-send'
[4.643s] INFO:colcon.colcon_core.plugin_system:Skipping extension 'colcon_notification.desktop_notification.terminal_notifier': Not used on non-Darwin systems
[4.643s] INFO:colcon.colcon_core.plugin_system:Skipping extension 'colcon_notification.desktop_notification.win32': Not used on non-Windows systems
[4.643s] INFO:colcon.colcon_notification.desktop_notification:Sending desktop notification using 'notify2'
[4.644s] DEBUG:colcon.colcon_notification.desktop_notification.notify2:Failed to initialize notify2: org.freedesktop.DBus.Error.FileNotFound: Failed to connect to socket /run/user/1000/bus: No such file or directory
[4.644s] DEBUG:colcon.colcon_core.event_reactor:joined thread
[4.644s] INFO:colcon.colcon_core.shell:Creating prefix script '/home/sunbi/Manipulator/install/local_setup.ps1'
[4.645s] INFO:colcon.colcon_core.shell:Creating prefix util module '/home/sunbi/Manipulator/install/_local_setup_util_ps1.py'
[4.646s] INFO:colcon.colcon_core.shell:Creating prefix chain script '/home/sunbi/Manipulator/install/setup.ps1'
[4.647s] INFO:colcon.colcon_core.shell:Creating prefix script '/home/sunbi/Manipulator/install/local_setup.sh'
[4.647s] INFO:colcon.colcon_core.shell:Creating prefix util module '/home/sunbi/Manipulator/install/_local_setup_util_sh.py'
[4.648s] INFO:colcon.colcon_core.shell:Creating prefix chain script '/home/sunbi/Manipulator/install/setup.sh'
[4.648s] INFO:colcon.colcon_core.shell:Creating prefix script '/home/sunbi/Manipulator/install/local_setup.bash'
[4.649s] INFO:colcon.colcon_core.shell:Creating prefix chain script '/home/sunbi/Manipulator/install/setup.bash'
[4.650s] INFO:colcon.colcon_core.shell:Creating prefix script '/home/sunbi/Manipulator/install/local_setup.zsh'
[4.650s] INFO:colcon.colcon_core.shell:Creating prefix chain script '/home/sunbi/Manipulator/install/setup.zsh'
