-- Found ament_cmake: 1.3.12 (/opt/ros/humble/share/ament_cmake/cmake)
-- Found rclcpp: 16.0.16 (/opt/ros/humble/share/rclcpp/cmake)
-- Found rosidl_generator_c: 3.1.7 (/opt/ros/humble/share/rosidl_generator_c/cmake)
-- Found rosidl_adapter: 3.1.7 (/opt/ros/humble/share/rosidl_adapter/cmake)
-- Found rosidl_generator_cpp: 3.1.7 (/opt/ros/humble/share/rosidl_generator_cpp/cmake)
-- Using all available rosidl_typesupport_c: rosidl_typesupport_fastrtps_c;rosidl_typesupport_introspection_c
-- Using all available rosidl_typesupport_cpp: rosidl_typesupport_fastrtps_cpp;rosidl_typesupport_introspection_cpp
-- Found rmw_implementation_cmake: 6.1.2 (/opt/ros/humble/share/rmw_implementation_cmake/cmake)
-- Found rmw_fastrtps_cpp: 6.2.9 (/opt/ros/humble/share/rmw_fastrtps_cpp/cmake)
-- Using RMW implementation 'rmw_fastrtps_cpp' as default
-- Found moveit_ros_planning_interface: 2.5.9 (/opt/ros/humble/share/moveit_ros_planning_interface/cmake)
-- Found Boost: /usr/lib/x86_64-linux-gnu/cmake/Boost-1.74.0/BoostConfig.cmake (found version "1.74.0") found components: date_time filesystem program_options system thread 
-- Found Boost: /usr/lib/x86_64-linux-gnu/cmake/Boost-1.74.0/BoostConfig.cmake (found version "1.74.0") found components: chrono date_time filesystem iostreams program_options regex serialization system thread 
-- Found parameter_traits: 0.5.0 (/opt/ros/humble/share/parameter_traits/cmake)
-- Found rclcpp_lifecycle: 16.0.16 (/opt/ros/humble/share/rclcpp_lifecycle/cmake)
-- Found Boost: /usr/lib/x86_64-linux-gnu/cmake/Boost-1.74.0/BoostConfig.cmake (found version "1.74.0") found components: filesystem 
-- library: /usr/lib/x86_64-linux-gnu/libcurl.so
-- Ensuring Eigen3 include directory is part of orocos-kdl CMake target
-- Found Boost: /usr/lib/x86_64-linux-gnu/cmake/Boost-1.74.0/BoostConfig.cmake (found version "1.74.0") found components: system filesystem date_time program_options thread chrono 
-- Found Boost: /usr/lib/x86_64-linux-gnu/cmake/Boost-1.74.0/BoostConfig.cmake (found version "1.74.0") found components: thread system filesystem regex date_time program_options 
-- Found Boost: /usr/lib/x86_64-linux-gnu/cmake/Boost-1.74.0/BoostConfig.cmake (found version "1.74.0") found components: system filesystem date_time program_options thread 
-- Configuring done
-- Generating done
-- Build files have been written to: /home/sunbi/Manipulator/build/dofbot_moveit
[35m[1mConsolidate compiler generated dependencies of target 01_random_move[0m
[35m[1mConsolidate compiler generated dependencies of target 03_attached_object[0m
[35m[1mConsolidate compiler generated dependencies of target 02_motion_plan[0m
[35m[1mConsolidate compiler generated dependencies of target 06_multi_track_motion[0m
[35m[1mConsolidate compiler generated dependencies of target 04_cartesian[0m
[  6%] [32mBuilding CXX object CMakeFiles/dofbot_kinematics.dir/src/dofbot_kinematics.cpp.o[0m
[ 37%] Built target 03_attached_object
[ 37%] Built target 01_random_move
[ 43%] Built target 02_motion_plan
[ 56%] Built target 04_cartesian
[ 68%] Built target 06_multi_track_motion
[ 75%] [32m[1mLinking CXX static library libdofbot_kinematics.a[0m
[ 75%] Built target dofbot_kinematics
[ 87%] [32mBuilding CXX object CMakeFiles/dofbot_kinematics_fk_node.dir/src/dofbot_kinematics_fk.cpp.o[0m
[ 87%] [32mBuilding CXX object CMakeFiles/dofbot_kinematics_ik_node.dir/src/dofbot_kinematics_ik.cpp.o[0m
[ 93%] [32m[1mLinking CXX executable dofbot_kinematics_fk_node[0m
[100%] [32m[1mLinking CXX executable dofbot_kinematics_ik_node[0m
[100%] Built target dofbot_kinematics_fk_node
[100%] Built target dofbot_kinematics_ik_node
-- Install configuration: ""
-- Installing: /home/sunbi/Manipulator/install/dofbot_moveit/lib/libdofbot_kinematics.a
-- Installing: /home/sunbi/Manipulator/install/dofbot_moveit/lib/dofbot_moveit/dofbot_kinematics_fk_node
-- Set runtime path of "/home/sunbi/Manipulator/install/dofbot_moveit/lib/dofbot_moveit/dofbot_kinematics_fk_node" to ""
-- Installing: /home/sunbi/Manipulator/install/dofbot_moveit/lib/dofbot_moveit/dofbot_kinematics_ik_node
-- Set runtime path of "/home/sunbi/Manipulator/install/dofbot_moveit/lib/dofbot_moveit/dofbot_kinematics_ik_node" to ""
-- Installing: /home/sunbi/Manipulator/install/dofbot_moveit/lib/dofbot_moveit/01_random_move
-- Set runtime path of "/home/sunbi/Manipulator/install/dofbot_moveit/lib/dofbot_moveit/01_random_move" to ""
-- Installing: /home/sunbi/Manipulator/install/dofbot_moveit/lib/dofbot_moveit/02_motion_plan
-- Set runtime path of "/home/sunbi/Manipulator/install/dofbot_moveit/lib/dofbot_moveit/02_motion_plan" to ""
-- Installing: /home/sunbi/Manipulator/install/dofbot_moveit/lib/dofbot_moveit/03_attached_object
-- Set runtime path of "/home/sunbi/Manipulator/install/dofbot_moveit/lib/dofbot_moveit/03_attached_object" to ""
-- Installing: /home/sunbi/Manipulator/install/dofbot_moveit/lib/dofbot_moveit/04_cartesian
-- Set runtime path of "/home/sunbi/Manipulator/install/dofbot_moveit/lib/dofbot_moveit/04_cartesian" to ""
-- Installing: /home/sunbi/Manipulator/install/dofbot_moveit/lib/dofbot_moveit/06_multi_track_motion
-- Set runtime path of "/home/sunbi/Manipulator/install/dofbot_moveit/lib/dofbot_moveit/06_multi_track_motion" to ""
-- Installing: /home/sunbi/Manipulator/install/dofbot_moveit/include
-- Installing: /home/sunbi/Manipulator/install/dofbot_moveit/include/dofbot_moveit
-- Installing: /home/sunbi/Manipulator/install/dofbot_moveit/include/dofbot_moveit/dofbot_kinemarics.h
-- Installing: /home/sunbi/Manipulator/install/dofbot_moveit/include/dofbot_moveit/libdofbot_kinemarics.so
-- Installing: /home/sunbi/Manipulator/install/dofbot_moveit/share/dofbot_moveit/launch
-- Installing: /home/sunbi/Manipulator/install/dofbot_moveit/share/dofbot_moveit/launch/dofbot_moveit.launch.py
-- Installing: /home/sunbi/Manipulator/install/dofbot_moveit/share/dofbot_moveit/launch/dofbot_moveit.launch
-- Installing: /home/sunbi/Manipulator/install/dofbot_moveit/share/dofbot_moveit/urdf
-- Installing: /home/sunbi/Manipulator/install/dofbot_moveit/share/dofbot_moveit/urdf/dofbot.urdf
-- Installing: /home/sunbi/Manipulator/install/dofbot_moveit/share/dofbot_moveit/urdf/yahboomcar_X3plus.urdf
-- Installing: /home/sunbi/Manipulator/install/dofbot_moveit/share/ament_index/resource_index/package_run_dependencies/dofbot_moveit
-- Installing: /home/sunbi/Manipulator/install/dofbot_moveit/share/ament_index/resource_index/parent_prefix_path/dofbot_moveit
-- Installing: /home/sunbi/Manipulator/install/dofbot_moveit/share/dofbot_moveit/environment/ament_prefix_path.sh
-- Installing: /home/sunbi/Manipulator/install/dofbot_moveit/share/dofbot_moveit/environment/ament_prefix_path.dsv
-- Installing: /home/sunbi/Manipulator/install/dofbot_moveit/share/dofbot_moveit/environment/path.sh
-- Installing: /home/sunbi/Manipulator/install/dofbot_moveit/share/dofbot_moveit/environment/path.dsv
-- Installing: /home/sunbi/Manipulator/install/dofbot_moveit/share/dofbot_moveit/local_setup.bash
-- Installing: /home/sunbi/Manipulator/install/dofbot_moveit/share/dofbot_moveit/local_setup.sh
-- Installing: /home/sunbi/Manipulator/install/dofbot_moveit/share/dofbot_moveit/local_setup.zsh
-- Installing: /home/sunbi/Manipulator/install/dofbot_moveit/share/dofbot_moveit/local_setup.dsv
-- Installing: /home/sunbi/Manipulator/install/dofbot_moveit/share/dofbot_moveit/package.dsv
-- Installing: /home/sunbi/Manipulator/install/dofbot_moveit/share/ament_index/resource_index/packages/dofbot_moveit
-- Installing: /home/sunbi/Manipulator/install/dofbot_moveit/share/dofbot_moveit/cmake/dofbot_moveitConfig.cmake
-- Installing: /home/sunbi/Manipulator/install/dofbot_moveit/share/dofbot_moveit/cmake/dofbot_moveitConfig-version.cmake
-- Installing: /home/sunbi/Manipulator/install/dofbot_moveit/share/dofbot_moveit/package.xml
